09-12 17:28:53.555 D/SemNativeCarrierFeature_vendor(28990): getInstance
09-12 17:28:53.559 D/SemNativeCarrierFeature_vendor(28990): getInstance
09-12 17:28:54.482 D/SecPowerUI.Notification( 1328): showChargingNotice oldChargingType : 11 / currentChargingType : 11, oldChargingTime : 15903000 / mChargingTime : 15903000
09-12 17:28:54.482 D/SecPowerUI.Notification( 1328): There is no change about charging status, so return!
09-12 17:28:54.648 I/wpa_supplicant(20013): Heartbeat 8682
09-12 17:28:54.774 E/audit   (  570): type=1400 audit(1757687334.769:97056): avc:  denied  { write } for  pid=27032 comm="ThreadPoolForeg" name="traced_producer" dev="tmpfs" ino=17513 scontext=u:r:gmscore_app:s0:c512,c768 tcontext=u:object_r:traced_producer_socket:s0 tclass=sock_file permissive=0 SEPF_SM-A127F_13_0001 audit_filtered
09-12 17:28:54.774 E/audit   (  570): type=1300 audit(1757687334.769:97056): arch=c00000b7 syscall=203 success=no exit=-13 a0=56 a1=b400006fdc6baf60 a2=1e a3=ffffffff973fd28a items=1 ppid=586 pid=27032 auid=4294967295 uid=10194 gid=10194 euid=10194 suid=10194 fsuid=10194 egid=10194 sgid=10194 fsgid=10194 tty=(none) ses=4294967295 comm="ThreadPoolForeg" exe="/system/bin/app_process64" subj=u:r:gmscore_app:s0:c512,c768 key=(null)
09-12 17:28:54.774 E/audit   (  570): type=1306 audit(1757687334.769:97056): saddr=01002F6465762F736F636B65742F7472616365645F70726F647563657200
09-12 17:28:54.774 E/audit   (  570): type=1302 audit(1757687334.769:97056): item=0 name="/dev/socket/traced_producer" inode=17513 dev=00:10 mode=0140666 ouid=0 ogid=0 rdev=00:00 obj=u:object_r:traced_producer_socket:s0 nametype=NORMAL cap_fp=0000000000000000 cap_fi=0000000000000000 cap_fe=0 cap_fver=0
09-12 17:28:54.774 E/audit   (  570): type=1327 audit(1757687334.769:97056): proctitle="com.google.android.gms.persistent"
09-12 17:28:54.992 D/SemWifiUsabilityStatsMonitor(  772): onWifiUsabilityStats - seqNum 35911, isSameBssidAndFreq true
09-12 17:28:54.994 I/SemWifiLinkQualityMonitor(  772): Link Qos Query: 0.133 ms / 60.000 Mbps (72 / 0.000 / 1.200)
09-12 17:28:55.446 D/SemNativeCarrierFeature_vendor(28990): getInstance
09-12 17:28:55.468 D/SemNativeCarrierFeature_vendor(28990): getInstance
09-12 17:28:55.470 D/SemNativeCarrierFeature_vendor(28990): getInstance
09-12 17:28:55.473 D/SemNativeCarrierFeature_vendor(28990): getInstance
09-12 17:28:55.477 D/SemNativeCarrierFeature_vendor(28990): getInstance
09-12 17:28:55.989 D/WifiConnectivityMonitor.NetworkStatsAnalyzer(  772): Backhaul result - RSSI:-51, CE:4, PE:4, TI:6, PTI:6, TW:0, PTW:0, Tx:0, Rx:0, TxS:0, RxS:0, RESULT:true, IC:0, ICT:5, WC:0, WCT:5, R:0, RC:0, IE:0, EC:0
09-12 17:28:57.366 D/SemNativeCarrierFeature_vendor(28990): getInstance
09-12 17:28:57.390 D/SemNativeCarrierFeature_vendor(28990): getInstance
09-12 17:28:57.393 D/SemNativeCarrierFeature_vendor(28990): getInstance
09-12 17:28:57.396 D/SemNativeCarrierFeature_vendor(28990): getInstance
09-12 17:28:57.401 D/SemNativeCarrierFeature_vendor(28990): getInstance
09-12 17:28:58.012 D/SemWifiUsabilityStatsMonitor(  772): onWifiUsabilityStats - seqNum 35912, isSameBssidAndFreq true
09-12 17:28:58.014 I/SemWifiLinkQualityMonitor(  772): Link Qos Query: 0.133 ms / 60.000 Mbps (72 / 0.000 / 1.200)
09-12 17:28:59.286 D/SemNativeCarrierFeature_vendor(28990): getInstance
09-12 17:28:59.309 D/SemNativeCarrierFeature_vendor(28990): getInstance
09-12 17:28:59.312 D/SemNativeCarrierFeature_vendor(28990): getInstance
09-12 17:28:59.314 D/SemNativeCarrierFeature_vendor(28990): getInstance
09-12 17:28:59.319 D/SemNativeCarrierFeature_vendor(28990): getInstance
09-12 17:28:59.493 E/sehhealth-service(  614): Could not open /sys/class/power_supply/battery/lrp
09-12 17:28:59.495 D/BatteryService(  772): Sending ACTION_BATTERY_CHANGED: level:54, status:2, health:2, ac:false, usb:true, wireless:false, pogo:false, misc:0x10000, charge_type:1, charger_type:0, voltage:3902, temperature:301, online:4, current_avg:296, ps:false, hvc:false, capacity:280000, current_event:0x0, current_now:312, mcc:0, mcv:0, cc:2710000, present:true, scale:100, technology:Li-ion
09-12 17:28:59.497 D/PhoneWindowManagerExt(  772): ACTION_BATTERY_CHANGED - Level=54, status=2
09-12 17:28:59.497 D/MotionRecognitionService(  772): [SAR]  onReceive : ACTION_BATTERY_CHANGED, Plugged: 2
09-12 17:28:59.498 I/DeviceBatteryInfoService(  772): action: android.intent.action.BATTERY_CHANGED
09-12 17:28:59.498 I/DeviceBatteryInfoService(  772): phone battery level: 54
09-12 17:28:59.498 I/DeviceBatteryInfoService(  772): phone battery status: 2
09-12 17:28:59.498 D/SemWifiApBroadcastReceiver(  772): Received : android.intent.action.BATTERY_CHANGED
09-12 17:28:59.499 D/SemBigDataInfoController( 1301): Intent: android.intent.action.BATTERY_CHANGED
09-12 17:28:59.499 D/SemBigDataInfoController( 1301): Intent: android.intent.action.BATTERY_CHANGED
09-12 17:28:59.500 D/SamsungBatteryMeterDrawable( 1328): onBatteryLevelChanged isSomethingChanged: false
09-12 17:28:59.500 D/SamsungBatteryMeterDrawable( 1328): onBatteryLevelChanged isSomethingChanged: false
09-12 17:28:59.501 D/SamsungBatteryMeterDrawable( 1328): onBatteryLevelChanged isSomethingChanged: false
09-12 17:28:59.502 D/SamsungBatteryMeterDrawable( 1328): onBatteryLevelChanged isSomethingChanged: false
09-12 17:28:59.502 I/PowerUI ( 1328): mBootCompleted = true |  mFullyConnected = true
09-12 17:28:59.502 I/PowerUI ( 1328): BATTERY_HEALTH_CHECK extraHealth=2 mBatteryMiscEvent=65536
09-12 17:28:59.502 D/SecPowerUI.Notification( 1328): dismissing low battery warning: level=54
09-12 17:28:59.502 D/SecPowerUI.Notification( 1328): updateNotification mWarning=false mPlaySound=false
09-12 17:28:59.503 D/SecPowerUI.Notification( 1328): SecBatteryStatsSnapshot{batteryLevel=54, currentBatteryMode=1, chargingTime=15903000, chargingType=11, batteryHealth=2, automaticTestMode=false, isHiccupState=false}
09-12 17:28:59.504 W/PowerUI ( 1328): Plug reason
09-12 17:28:59.504 W/PowerUI ( 1328): Skip charging animation - by plug status
09-12 17:28:59.504 D/PowerUI ( 1328): priorPlugType = 2 mPlugType = 2 priorBatteryStatus = 2 mBatteryStatus = 2
09-12 17:28:59.504 W/PowerUI ( 1328): Plug reason
09-12 17:28:59.504 W/PowerUI ( 1328): Skip charging sound - by plug status
09-12 17:28:59.504 I/PowerUI ( 1328): oldMisalign : false, curMisalign : false
09-12 17:28:59.505 D/SecPowerUI.Notification( 1328): 1. restoreScreenTimeOut - saved_value : :
09-12 17:28:59.505 E/SecPowerUI.Notification( 1328): no saved value, so we do nothing !!
09-12 17:28:59.505 D/SecPowerUI.Notification( 1328): showChargingNotice oldChargingType : 11 / currentChargingType : 11, oldChargingTime : 15903000 / mChargingTime : 15903000
09-12 17:28:59.505 D/SecPowerUI.Notification( 1328): There is no change about charging status, so return!
09-12 17:28:59.505 D/PowerUI ( 1328): Battery swelling mode - priorBatterySwellingMode = 0 mBatterySwellingMode = 0 mBatteryStatus = 2
09-12 17:28:59.505 I/PowerUI ( 1328): mBatteryMiscEvent = 65536
09-12 17:28:59.505 D/KeyguardUpdateMonitor( 1328): received broadcast android.intent.action.BATTERY_CHANGED
09-12 17:28:59.505 I/AODBatteryManager( 1328): updateBatteryData: ACTION_BATTERY_CHANGED
09-12 17:28:59.507 I/AODBatteryManager( 1328): saveBatteryData : AOD BatteryData [mBatteryLevel=54, mBatteryStatus=CHARGING, mBatteryPlugType=USB, mBatteryPlugged=true, mRemainingChargeTime=15903000, mBatteryChargingType=1, mBatteryChargerType=NORMAL, mBatteryOnline=USB, mBatterySwellingMode=NONE, mBatteryProtectMode=false]
09-12 17:28:59.507 D/KeyguardUpdateMonitor( 1328): handleBatteryUpdate
09-12 17:29:00.004 D/KeyguardUpdateMonitor( 1328): received broadcast android.intent.action.TIME_TICK
09-12 17:29:00.006 D/KeyguardUpdateMonitor( 1328): handleTimeUpdate
09-12 17:29:00.007 D/QSClockBellTower( 1328): onReceive(android.intent.action.TIME_TICK) mTimeZoneString:null
09-12 17:29:00.007 D/FaceWidgetPagesController( 1328): onTimeChanged()
09-12 17:29:00.133 D/QSClockBellTower( 1328): He is ready to ring the bell. (((QSClockBellSound - TimeText:17:29, TimeContentDescription:17:29, DateText:Fri, September 12, ShortDateText:Fri, Sep 12, Demo:false, QuickStar-Second(false|12:34:56))))
09-12 17:29:00.133 D/QSClockIndicatorView( 1328): Home Indicator status_bar_clock 17:29 notifyTimeChanged(QSClockBellSound - TimeText:17:29, TimeContentDescription:17:29, DateText:Fri, September 12, ShortDateText:Fri, Sep 12, Demo:false, QuickStar-Second(false|12:34:56)) ClockVisibleByPolicy:true, ClockVisibleByUser:true, visible?true, parent:android.widget.LinearLayout{4424d37 V.E...... ......ID 0,0-66,37 #7f0b04f0 app:id/left_clock_container}
09-12 17:29:00.134 D/QSClockBellTower( 1328): Everyone heard the bell. run(currentTime:1757687340131,   getTime():Fri Sep 12 17:29:00 GMT+03:00 2025,   getTimeZone():libcore.util.ZoneInfo[mDstSavings=3600000,mUseDst=true,mDelegate=[id="Europe/Bucharest",mRawOffset=7200000,mEarliestRawOffset=6264000,transitions=136]])
09-12 17:29:00.146 I/FaceWidgetPositionAlgorithm( 1328): getClockContainerHeight() supplier = 193, bottom margin = 0, real height = 238
09-12 17:29:00.147 I/FaceWidgetPositionAlgorithm( 1328): getClockContainerHeight() supplier = 193, bottom margin = 45, real height = 238
09-12 17:29:00.147 I/FaceWidgetPositionAlgorithm( 1328): getMediaContainerHeight() height = 0 container Visibility = 8, isValid = false, mIsDozing = false, fraction = 1.0, source = 0, target = 0
09-12 17:29:00.147 I/FaceWidgetPositionAlgorithm( 1328): getMediaContainerHeight() supplier = 0
09-12 17:29:00.148 V/QsExpandAnimator( 1328): setQsExpansionPosition 0.0
09-12 17:29:00.156 V/QsExpandAnimator( 1328): updateAnimators
09-12 17:29:00.157 V/QsExpandAnimator( 1328): clearAnimationState 
09-12 17:29:00.157 V/QsExpandAnimator( 1328): updateViews
09-12 17:29:00.159 V/QsExpandAnimator( 1328): updateTileAnimator
09-12 17:29:00.160 V/QsExpandAnimator( 1328): updateHeaderAnimator
09-12 17:29:00.160 V/QsExpandAnimator( 1328): updateBarAnimator
09-12 17:29:00.160 V/QsExpandAnimator( 1328): setQsExpansionPosition 0.0
09-12 17:29:00.161 V/QsExpandAnimator( 1328): onAnimationAtStart
09-12 17:29:00.180 I/SurfaceFlinger(  633): SFWD update time=262326964230635
09-12 17:29:00.480 I/ndroid.systemui( 1328): Background concurrent copying GC freed 22MB AllocSpace bytes, 25(1828KB) LOS objects, 32% free, 50MB/74MB, paused 835us,138us total 438.669ms
09-12 17:29:00.494 D/OpenGLRenderer( 1328): setSurface called with nullptr
09-12 17:29:00.498 D/OpenGLRenderer( 1328): setSurface called with nullptr
09-12 17:29:00.501 D/OpenGLRenderer( 1328): setSurface called with nullptr
09-12 17:29:00.503 D/OpenGLRenderer( 1328): setSurface called with nullptr
09-12 17:29:00.521 W/System  ( 1328): A resource failed to call release. 
09-12 17:29:00.521 I/SurfaceFlinger(  633): id=61770 Removed Task=1079#61770 (122)
09-12 17:29:00.522 W/System  ( 1328): A resource failed to call release. 
09-12 17:29:00.523 I/SurfaceFlinger(  633): id=61781 Removed Task=1080#61781 (122)
09-12 17:29:00.523 W/System  ( 1328): A resource failed to call release. 
09-12 17:29:00.523 I/SurfaceFlinger(  633): id=61791 Removed Task=1081#61791 (122)
09-12 17:29:00.524 W/System  ( 1328): A resource failed to call release. 
09-12 17:29:00.524 I/SurfaceFlinger(  633): id=61814 Removed Task=1082#61814 (122)
09-12 17:29:00.524 W/System  ( 1328): A resource failed to call release. 
09-12 17:29:00.524 I/SurfaceFlinger(  633): id=61825 Removed Task=1083#61825 (122)
09-12 17:29:00.530 I/Layer   (  633): id=61814 Destroyed Task=1082#61814
09-12 17:29:00.530 I/Layer   (  633): id=61825 Destroyed Task=1083#61825
09-12 17:29:00.530 I/Layer   (  633): id=61781 Destroyed Task=1080#61781
09-12 17:29:00.530 I/Layer   (  633): id=61791 Destroyed Task=1081#61791
09-12 17:29:00.530 I/Layer   (  633): id=61770 Destroyed Task=1079#61770
09-12 17:29:00.964 D/io_stats(  398): !@ 179,0 r 35225713 523693967 w 7646532 78542740 d 2664731 61103596 f 0 0 iot 14388924 0 th 0 0 0 pt 0 inp 0 0 262327.748
09-12 17:29:01.026 D/SemWifiUsabilityStatsMonitor(  772): onWifiUsabilityStats - seqNum 35913, isSameBssidAndFreq true
09-12 17:29:01.029 I/SemWifiLinkQualityMonitor(  772): Link Qos Query: 0.133 ms / 60.000 Mbps (72 / 0.000 / 1.200)
09-12 17:29:01.206 D/SemNativeCarrierFeature_vendor(28990): getInstance
09-12 17:29:01.231 D/SemNativeCarrierFeature_vendor(28990): getInstance
09-12 17:29:01.233 D/SemNativeCarrierFeature_vendor(28990): getInstance
09-12 17:29:01.236 D/SemNativeCarrierFeature_vendor(28990): getInstance
09-12 17:29:01.239 D/SemNativeCarrierFeature_vendor(28990): getInstance
09-12 17:29:01.966 D/CompatibilityChangeReporter(  772): Compat change id reported: 135634846; UID 10194; state: DISABLED
09-12 17:29:01.967 D/CompatibilityChangeReporter(  772): Compat change id reported: 177438394; UID 10194; state: DISABLED
09-12 17:29:01.967 D/CompatibilityChangeReporter(  772): Compat change id reported: 135772972; UID 10194; state: DISABLED
09-12 17:29:01.967 D/CompatibilityChangeReporter(  772): Compat change id reported: 135754954; UID 10194; state: ENABLED
09-12 17:29:01.968 D/CompatibilityChangeReporter(  772): Compat change id reported: 143937733; UID 10194; state: ENABLED
09-12 17:29:01.981 D/Zygote  (  586): Forked child process 21938
09-12 17:29:01.982 I/ActivityManager(  772): Start proc 21938:com.google.process.gapps/u0a194 for content provider {com.google.android.gsf/com.google.android.gsf.settings.GoogleSettingsProvider}
09-12 17:29:02.010 I/e.process.gapps(21938): Using CollectorTypeCC GC.
09-12 17:29:02.017 E/e.process.gapps(21938): Not starting debugger since process cannot load the jdwp agent.
09-12 17:29:02.029 D/nativeloader(21938): Load libframework-connectivity-tiramisu-jni.so using APEX ns com_android_tethering for caller /apex/com.android.tethering/javalib/framework-connectivity-t.jar: ok
09-12 17:29:02.034 D/ActivityThread(21938): setConscryptValidator
09-12 17:29:02.034 D/ActivityThread(21938): setConscryptValidator - put
09-12 17:29:02.039 I/ActivityManager(  772): DSS OFF for com.google.android.gsf
09-12 17:29:02.051 D/CompatibilityChangeReporter(21938): Compat change id reported: 171979766; UID 10194; state: ENABLED
09-12 17:29:02.071 D/nativeloader(21938): Configuring clns-shared-4 for other apk /system/framework/org.apache.http.legacy.jar. target_sdk_version=33, uses_libraries=ALL, library_path=/system/system_ext/priv-app/GoogleServicesFramework/lib/arm64:/system/system_ext/priv-app/GoogleServicesFramework/GoogleServicesFramework.apk!/lib/arm64-v8a:/system/lib64:/system/system_ext/lib64, permitted_path=/data:/mnt/expand:/data/user/0/com.google.android.gsf:/system/system_ext/priv-app/GoogleServicesFramework:/system/lib64:/system/system_ext/lib64
09-12 17:29:02.071 D/nativeloader(21938): Extending system_exposed_libraries: libhigh_dynamic_range.arcsoft.so:libBeauty_v4.camera.samsung.so:libexifa.camera.samsung.so:libjpega.camera.samsung.so:libOpenCv.camera.samsung.so:libImageScreener.camera.samsung.so:libHpr_RecGAE_cvFeature_v1.0.camera.samsung.so:libHprFace_GAE_api.camera.samsung.so:libFace_Landmark_API.camera.samsung.so:libHprFace_GAE_jni.camera.samsung.so:libObjectAndSceneClassification_2.5_OD.camera.samsung.so:libQREngine.camera.samsung.so:libFood.camera.samsung.so:libFoodDetector.camera.samsung.so:libPortraitSolution.camera.samsung.so:libsrib_CNNInterface.camera.samsung.so:libsrib_humanaware_engine.camera.samsung.so:libInteractiveSegmentation.camera.samsung.so:libsmart_cropping.camera.samsung.so:libStride.camera.samsung.so:libStrideTensorflowLite.camera.samsung.so:libMultiFrameProcessing10.camera.samsung.so:libFacePreProcessing_jni.camera.samsung.so:libhumantracking_util.camera.samsung.so:libsecjpeginterface.camera.samsung.so:libMyFilterPlugin.camera.samsung.so:libsurfaceutil.camera.sams
09-12 17:29:02.094 D/nativeloader(21938): Configuring clns-shared-5 for other apk /system/system_ext/priv-app/GoogleServicesFramework/GoogleServicesFramework.apk. target_sdk_version=33, uses_libraries=, library_path=/system/system_ext/priv-app/GoogleServicesFramework/lib/arm64:/system/system_ext/priv-app/GoogleServicesFramework/GoogleServicesFramework.apk!/lib/arm64-v8a:/system/lib64:/system/system_ext/lib64, permitted_path=/data:/mnt/expand:/data/user/0/com.google.android.gsf:/system/system_ext/priv-app/GoogleServicesFramework:/system/lib64:/system/system_ext/lib64
09-12 17:29:02.119 D/nativeloader(21938): Load libframework-connectivity-jni.so using APEX ns com_android_tethering for caller /apex/com.android.tethering/javalib/framework-connectivity.jar: ok
09-12 17:29:02.127 V/GraphicsEnvironment(21938): ANGLE Developer option for 'com.google.android.gsf' set to: 'default'
09-12 17:29:02.128 V/GraphicsEnvironment(21938): ANGLE GameManagerService for com.google.android.gsf: false
09-12 17:29:02.128 V/GraphicsEnvironment(21938): Neither updatable production driver nor prerelease driver is supported.
09-12 17:29:02.135 D/NetworkSecurityConfig(21938): No Network Security Config specified, using platform default
09-12 17:29:02.141 D/NetworkSecurityConfig(21938): No Network Security Config specified, using platform default
09-12 17:29:02.154 I/GenerationRegistry(  772): mBackingStore.isClosed() : false
09-12 17:29:02.181 W/libprocessgroup(  772): Failed to open /dev/blkio//cgroup.procs: No such file or directory
09-12 17:29:02.186 I/GoogleHttpClient(21938): GMS http client unavailable, use old client
09-12 17:29:02.236 D/CompatibilityChangeReporter(  772): Compat change id reported: 201794303; UID 10194; state: ENABLED
09-12 17:29:02.238 I/GmsCoreXrpcWrapper(27032): (REDACTED) Returning a channel provider with trafficStatsTag=%d trafficStatsUid=%d
09-12 17:29:02.238 I/GmsCoreXrpcWrapper(27032): (REDACTED) Returning a channel provider with trafficStatsTag=%d trafficStatsUid=%d
09-12 17:29:02.239 I/GmsCoreXrpcWrapper(27032): (REDACTED) Returning a channel provider with trafficStatsTag=%d trafficStatsUid=%d
09-12 17:29:02.239 I/GmsCoreXrpcWrapper(27032): (REDACTED) Returning a channel provider with trafficStatsTag=%d trafficStatsUid=%d
09-12 17:29:02.242 I/GmsCoreXrpcWrapper(27032): (REDACTED) Returning a channel provider with trafficStatsTag=%d trafficStatsUid=%d
09-12 17:29:02.243 I/GmsCoreXrpcWrapper(27032): (REDACTED) Returning a channel provider with trafficStatsTag=%d trafficStatsUid=%d
09-12 17:29:02.243 I/GmsCoreXrpcWrapper(27032): (REDACTED) Returning a channel provider with trafficStatsTag=%d trafficStatsUid=%d
09-12 17:29:02.243 I/GmsCoreXrpcWrapper(27032): (REDACTED) Returning a channel provider with trafficStatsTag=%d trafficStatsUid=%d
09-12 17:29:02.251 I/GmsCoreXrpcWrapper(27032): (REDACTED) Returning a channel provider with trafficStatsTag=%d trafficStatsUid=%d
09-12 17:29:02.251 I/GmsCoreXrpcWrapper(27032): (REDACTED) Returning a channel provider with trafficStatsTag=%d trafficStatsUid=%d
09-12 17:29:02.252 I/GmsCoreXrpcWrapper(27032): (REDACTED) Returning a channel provider with trafficStatsTag=%d trafficStatsUid=%d
09-12 17:29:02.252 I/GmsCoreXrpcWrapper(27032): (REDACTED) Returning a channel provider with trafficStatsTag=%d trafficStatsUid=%d
09-12 17:29:02.253 I/GmsCoreXrpcWrapper(27032): (REDACTED) Returning a channel provider with trafficStatsTag=%d trafficStatsUid=%d
09-12 17:29:02.254 I/GmsCoreXrpcWrapper(27032): (REDACTED) Returning a channel provider with trafficStatsTag=%d trafficStatsUid=%d
09-12 17:29:02.255 I/GmsCoreXrpcWrapper(27032): (REDACTED) Returning a channel provider with trafficStatsTag=%d trafficStatsUid=%d
09-12 17:29:02.255 I/GmsCoreXrpcWrapper(27032): (REDACTED) Returning a channel provider with trafficStatsTag=%d trafficStatsUid=%d
09-12 17:29:02.278 I/GmsCoreXrpcWrapper(27032): (REDACTED) Returning a channel provider with trafficStatsTag=%d trafficStatsUid=%d
09-12 17:29:02.278 I/GmsCoreXrpcWrapper(27032): (REDACTED) Returning a channel provider with trafficStatsTag=%d trafficStatsUid=%d
09-12 17:29:02.278 I/GmsCoreXrpcWrapper(27032): (REDACTED) Returning a channel provider with trafficStatsTag=%d trafficStatsUid=%d
09-12 17:29:02.279 I/GmsCoreXrpcWrapper(27032): (REDACTED) Returning a channel provider with trafficStatsTag=%d trafficStatsUid=%d
09-12 17:29:02.280 I/GmsCoreXrpcWrapper(27032): (REDACTED) Returning a channel provider with trafficStatsTag=%d trafficStatsUid=%d
09-12 17:29:02.281 I/GmsCoreXrpcWrapper(27032): (REDACTED) Returning a channel provider with trafficStatsTag=%d trafficStatsUid=%d
09-12 17:29:02.281 I/GmsCoreXrpcWrapper(27032): (REDACTED) Returning a channel provider with trafficStatsTag=%d trafficStatsUid=%d
09-12 17:29:02.282 I/GmsCoreXrpcWrapper(27032): (REDACTED) Returning a channel provider with trafficStatsTag=%d trafficStatsUid=%d
09-12 17:29:02.284 I/FusedLocation(27032): (REDACTED) stationary throttling engaged @%s
09-12 17:29:02.290 I/GmsCoreXrpcWrapper(27032): (REDACTED) Returning a channel provider with trafficStatsTag=%d trafficStatsUid=%d
09-12 17:29:02.290 I/GmsCoreXrpcWrapper(27032): (REDACTED) Returning a channel provider with trafficStatsTag=%d trafficStatsUid=%d
09-12 17:29:02.291 I/GmsCoreXrpcWrapper(27032): (REDACTED) Returning a channel provider with trafficStatsTag=%d trafficStatsUid=%d
09-12 17:29:02.291 I/GmsCoreXrpcWrapper(27032): (REDACTED) Returning a channel provider with trafficStatsTag=%d trafficStatsUid=%d
09-12 17:29:02.293 I/GmsCoreXrpcWrapper(27032): (REDACTED) Returning a channel provider with trafficStatsTag=%d trafficStatsUid=%d
09-12 17:29:02.293 I/GmsCoreXrpcWrapper(27032): (REDACTED) Returning a channel provider with trafficStatsTag=%d trafficStatsUid=%d
09-12 17:29:02.294 I/GmsCoreXrpcWrapper(27032): (REDACTED) Returning a channel provider with trafficStatsTag=%d trafficStatsUid=%d
09-12 17:29:02.294 I/GmsCoreXrpcWrapper(27032): (REDACTED) Returning a channel provider with trafficStatsTag=%d trafficStatsUid=%d
09-12 17:29:02.300 I/FusedLocation(27032): (REDACTED) location delivery to %s blocked - too close
09-12 17:29:02.300 I/GmsPassiveListener_FLP( 2340): onGmsLocationChanged, provider=fused / speed=0.0 / time=1757687342293 / elapsed=612912286084556
09-12 17:29:02.301 I/FusedLocation(27032): (REDACTED) location delivery to %s blocked - too fast
09-12 17:29:02.303 E/AppOps  (  772): attributionTag SLocationService not declared in manifest of android
09-12 17:29:02.304 V/LocationManagerService(  772): passive provider registration 1000/android[SensorNotificationService]/374AC150 dropped delivery - too close
09-12 17:29:02.305 D/SLocation(  772): PositionManager - PassiveonLocationChanged fused 1757687342293
09-12 17:29:02.305 V/LocationManagerService(  772): passive provider registration 5023/com.samsung.android.networkdiagnostic/4FDF9C6D dropped delivery - too close
09-12 17:29:02.305 W/SLocation(  772): PositionManager - do not refresh last location about fused location
09-12 17:29:02.305 D/SLocation(  772): ARDistanceBigData - BIGDATA ARD - receive location
09-12 17:29:02.306 D/SLocation(  772): ARDistanceLibManager - request distance diff to AR Distance Library
09-12 17:29:02.306 D/SLocation(  772): SLocationCoreSem - send to coreSem, packet length : 1 / [34]
09-12 17:29:02.306 D/SemContextLocationCoreAttribute(  772): setAttribute() mode : 0 action : 23
09-12 17:29:02.306 D/SemContextService(  772): lock : changeParameters
09-12 17:29:02.306 D/SemContext.CaeProvider.LocationCoreImpl(  772): setAttribute() mode : 0 action : 23
09-12 17:29:02.306 W/CAE     (  772): setCAProperty(ContextAwareService.java:513) - [setProperty 01] Mutex is locked for SLOCATION_RUNNER
09-12 17:29:02.307 I/CAE     (  772): setPropertyValue(SLocationRunner.java:116) - SLocationRunner setProperty header : 34, len : 1
09-12 17:29:02.308 D/SensorService(  772): setSContextDataLocked ints length 2 , byte length 4
09-12 17:29:02.308 D/SensorService(  772): setSContextDataLocked 223717c1
09-12 17:29:02.309 I/SensorsHub(  603): SContextSensor::injecet_sensor_data
09-12 17:29:02.309 D/SensorsHub(  603): c1 17 37 22  
09-12 17:29:02.309 D/SensorsHub(  603): inject_scontext_data: New ssp_data_injection_fd(25)
09-12 17:29:02.309 D/SensorsHub(  603): SContext Data Injection return 64
09-12 17:29:02.310 I/SensorsHub(  603): context 38 0 37 1,1,55,0,33,33,0,0,28,226,24,100,143,76,109,147,106,0,27,221,112,0,14,9,118,144,0,0,0,72,3,24,244,24,0,0,4,245, 612912302419479
09-12 17:29:02.310 I/SensorsHub(  603): context 10 0 9 1,1,55,0,5,2,34,0,0,0, 612912302518056
09-12 17:29:02.312 W/CAE     (  772): setCAProperty(ContextAwareService.java:519) - [setProperty 02] Mutex is unlocked for SLOCATION_RUNNER
09-12 17:29:02.312 D/SemContextService(  772): unlock : changeParameters
09-12 17:29:02.312 D/SemContextManager(  772):   .changeParameters : listener = com.samsung.android.location.semcontext.a@4de71e8, service=SLocation Core
09-12 17:29:02.312 D/SLocation(  772): PositionManager - receive fused location
09-12 17:29:02.313 D/CAE     (  772): onGetSensorHubData(SensorHubParserProvider.java:89) - onGetSensorHubData Event [event buffer len :38], AP_WAKEUP
09-12 17:29:02.313 I/CAE     (  772): parse(SensorHubParserProvider.java:190) - buffer size = 38
09-12 17:29:02.313 I/CAE     (  772): parse(SensorHubParserProvider.java:201) - 1, 1, 55, 0, 33, 33, 0, 0, 28, -30, 24, 100, -113, 76, 109, -109, 106, 0, 27, -35, 112, 0, 14, 9, 118, -112, 0, 0, 0, 72, 3, 24, -12, 24, 0, 0, 4, -11,
09-12 17:29:02.314 I/CAE     (  772): parse(SLocationRunner.java:88) - SLocationRunner parse start : 3
09-12 17:29:02.314 D/CAE     (  772): display(ContextProvider.java:375) - ================= SLOCATION_RUNNER =================
09-12 17:29:02.314 I/CAE     (  772): display(ContextProvider.java:391) - ExtraDataArray=[1, 1, 55, 0, 33, 33, 0, 0, 28, -30, 24, 100, -113, 76, 109, -109, 106, 0, 27, -35, 112, 0, 14, 9, 118, -112, 0, 0, 0, 72, 3, 24, -12, 24, 0, 0, 4, -11]
09-12 17:29:02.314 I/CAE     (  772): parse(SLocationRunner.java:96) - SLocationRunner parse end:38
09-12 17:29:02.314 D/CAE     (  772): onGetSensorHubData(SensorHubParserProvider.java:89) - onGetSensorHubData Event [event buffer len :10], AP_WAKEUP
09-12 17:29:02.315 I/CAE     (  772): parse(SensorHubParserProvider.java:190) - buffer size = 10
09-12 17:29:02.315 D/SemContextService(  772): Service.updateContext() : service = SLocation Core
09-12 17:29:02.315 I/CAE     (  772): parse(SensorHubParserProvider.java:201) - 1, 1, 55, 0, 5, 2, 34, 0, 0, 0,
09-12 17:29:02.315 I/CAE     (  772): parse(SLocationRunner.java:88) - SLocationRunner parse start : 3
09-12 17:29:02.315 I/FusedLocation(27032): (REDACTED) stationary throttling engaged @%s
09-12 17:29:02.315 D/SemContextManager(  772): onSemContextChanged() : event = SLocation Core
09-12 17:29:02.315 D/SLocation(  772): SLocationCoreSem - SemContextChanged type = 47, packet received
09-12 17:29:02.315 D/CAE     (  772): display(ContextProvider.java:375) - ================= SLOCATION_RUNNER =================
09-12 17:29:02.315 I/SLocation(  772): SemContextParser -  parse start : 3
09-12 17:29:02.315 I/SLocation(  772): SemContextParser -  packet Length : 33packet total size : 38
09-12 17:29:02.315 I/CAE     (  772): display(ContextProvider.java:391) - ExtraDataArray=[1, 1, 55, 0, 5, 2, 34, 0, 0, 0]
09-12 17:29:02.315 I/SLocation(  772): SemContextParser - packet : [33, 0, 0, 28, -30, 24, 100, -113, 76, 109, -109, 106, 0, 27, -35, 112, 0, 14, 9, 118, -112, 0, 0, 0, 72, 3, 24, -12, 24, 0, 0, 4, -11]
09-12 17:29:02.315 D/SLocation(  772): GeofenceCoreManager - received Extra Data from core, len : 33
09-12 17:29:02.315 D/SLocation(  772): ARDistanceGetARDistance - convertSensorHubTimeToElapsedTime 1757685555925569993
09-12 17:29:02.316 D/SLocation(  772): ARDistanceGetARDistance - invalid location time from core pvt 1757685555925569993, do not use distance info
09-12 17:29:02.316 D/SLocation(  772): CommonCoreManager - received Extra Data from core, len : 33
09-12 17:29:02.316 D/SemContextService(  772): Service.updateContext() : service = SLocation Core
09-12 17:29:02.316 D/SemContextManager(  772): onSemContextChanged() : event = SLocation Core
09-12 17:29:02.316 D/SLocation(  772): SLocationCoreSem - SemContextChanged type = 47, packet received
09-12 17:29:02.316 I/CAE     (  772): parse(SLocationRunner.java:96) - SLocationRunner parse end:10
09-12 17:29:02.316 I/SLocation(  772): SemContextParser -  parse start : 3
09-12 17:29:02.316 I/SLocation(  772): SemContextParser -  packet Length : 5packet total size : 10
09-12 17:29:02.316 I/SLocation(  772): SemContextParser - packet : [2, 34, 0, 0, 0]
09-12 17:29:02.317 D/SLocation(  772): GeofenceCoreManager - received Extra Data from core, len : 5
09-12 17:29:02.317 D/SLocation(  772): GeofenceCoreManager - handleCommandCallback - UNKNOWN_CALLBACK 34 SUCCESS
09-12 17:29:02.317 D/SLocation(  772): ARDistanceLibManager - command callback received - CURRENT_LOCATION_REQUEST_DISTANCE ERROR CODE : ERROR_NONE
09-12 17:29:02.317 D/SLocation(  772): CommonCoreManager - received Extra Data from core, len : 5
09-12 17:29:02.324 D/ActivityTaskManager(  772): SafeActivityOptions created, mOriginalCallingPid=27032, mOriginalCallingUid=10194, options=ActivityOptions(30954463), mPackageName=null, mAnimationType=-1, mStartX=0, mStartY=0, mWidth=0, mHeight=0, caller=com.android.server.am.PendingIntentRecord.sendInner:486 com.android.server.am.ActivityManagerService.sendIntentSender:6624 com.android.server.am.ActivityManagerService.sendIntentSender:6613 android.app.IActivityManager$Stub.onTransact:4856 com.android.server.am.ActivityManagerService.onTransact:3135 android.os.Binder.execTransactInternal:1321 android.os.Binder.execTransact:1280 
09-12 17:29:02.327 D/CompatibilityChangeReporter(  772): Compat change id reported: 168419799; UID 10194; state: DISABLED
09-12 17:29:02.329 D/ActivityManager(  772): Received SERVICE intent 0x8dd36ad Key{startService pkg=com.google.android.gms/com.google.android.gms.findmydevice intent=act=com.google.android.gms.findmydevice.spot.locationreporting.ASSIGN_LOCATION cat=[targeted_intent_op_prefix:.findmydevice.spot.locationreporting.LocationAssigningIntentOperation,SelfLocationUpdate] dat= typ=*/* pkg=com.google.android.gms cmp=com.google.android.gms/.chimera.PersistentIntentOperationService clip={text/vnd.android.intent hasLabel(0) {I:}} flags=0x2000000 u=0} requestCode=0 from uid 10194
09-12 17:29:02.371 I/GmsCoreXrpcWrapper(27032): (REDACTED) Returning a channel provider with trafficStatsTag=%d trafficStatsUid=%d
09-12 17:29:02.372 I/GmsCoreXrpcWrapper(27032): (REDACTED) Returning a channel provider with trafficStatsTag=%d trafficStatsUid=%d
09-12 17:29:02.372 I/GmsCoreXrpcWrapper(27032): (REDACTED) Returning a channel provider with trafficStatsTag=%d trafficStatsUid=%d
09-12 17:29:02.372 I/GmsCoreXrpcWrapper(27032): (REDACTED) Returning a channel provider with trafficStatsTag=%d trafficStatsUid=%d
09-12 17:29:02.374 I/GmsCoreXrpcWrapper(27032): (REDACTED) Returning a channel provider with trafficStatsTag=%d trafficStatsUid=%d
09-12 17:29:02.374 I/GmsCoreXrpcWrapper(27032): (REDACTED) Returning a channel provider with trafficStatsTag=%d trafficStatsUid=%d
09-12 17:29:02.375 I/GmsCoreXrpcWrapper(27032): (REDACTED) Returning a channel provider with trafficStatsTag=%d trafficStatsUid=%d
09-12 17:29:02.375 I/GmsCoreXrpcWrapper(27032): (REDACTED) Returning a channel provider with trafficStatsTag=%d trafficStatsUid=%d
09-12 17:29:02.966 D/io_stats(  398): !@ 179,24 r 13027 564923 w 296 757 d 0 0 f 0 0 iot 32240 0 th 0 0 0 pt 0 inp 0 0 262329.749
09-12 17:29:02.966 D/io_stats(  398): !@ 179,0 r 35225910 523697951 w 7646543 78542792 d 2664731 61103596 f 0 0 iot 14388952 0 th 0 0 0 pt 0 inp 0 0 262329.750
09-12 17:29:03.126 D/SemNativeCarrierFeature_vendor(28990): getInstance
09-12 17:29:03.150 D/SemNativeCarrierFeature_vendor(28990): getInstance
09-12 17:29:03.154 D/SemNativeCarrierFeature_vendor(28990): getInstance
09-12 17:29:03.157 D/SemNativeCarrierFeature_vendor(28990): getInstance
09-12 17:29:03.161 D/SemNativeCarrierFeature_vendor(28990): getInstance
09-12 17:29:04.046 D/SemWifiUsabilityStatsMonitor(  772): onWifiUsabilityStats - seqNum 35914, isSameBssidAndFreq true
09-12 17:29:04.049 I/SemWifiLinkQualityMonitor(  772): Link Qos Query: 0.133 ms / 60.000 Mbps (72 / 0.000 / 1.200)
09-12 17:29:04.511 D/SecPowerUI.Notification( 1328): showChargingNotice oldChargingType : 11 / currentChargingType : 11, oldChargingTime : 15903000 / mChargingTime : 15903000
09-12 17:29:04.511 D/SecPowerUI.Notification( 1328): There is no change about charging status, so return!
09-12 17:29:04.658 I/wpa_supplicant(20013): Heartbeat 8683
09-12 17:29:05.046 D/SemNativeCarrierFeature_vendor(28990): getInstance
09-12 17:29:05.068 D/SemNativeCarrierFeature_vendor(28990): getInstance
09-12 17:29:05.069 E/audit   (  570): type=1400 audit(1757687345.065:97057): avc:  denied  { write } for  pid=25984 comm="ThreadPoolForeg" name="traced_producer" dev="tmpfs" ino=17513 scontext=u:r:gmscore_app:s0:c512,c768 tcontext=u:object_r:traced_producer_socket:s0 tclass=sock_file permissive=0 SEPF_SM-A127F_13_0001 audit_filtered
09-12 17:29:05.069 E/audit   (  570): type=1300 audit(1757687345.065:97057): arch=c00000b7 syscall=203 success=no exit=-13 a0=60 a1=b400006fd3711fa0 a2=1e a3=ffffffff973fd28a items=1 ppid=586 pid=25984 auid=4294967295 uid=10194 gid=10194 euid=10194 suid=10194 fsuid=10194 egid=10194 sgid=10194 fsgid=10194 tty=(none) ses=4294967295 comm="ThreadPoolForeg" exe="/system/bin/app_process64" subj=u:r:gmscore_app:s0:c512,c768 key=(null)
09-12 17:29:05.069 E/audit   (  570): type=1306 audit(1757687345.065:97057): saddr=01002F6465762F736F636B65742F7472616365645F70726F647563657200
09-12 17:29:05.069 E/audit   (  570): type=1302 audit(1757687345.065:97057): item=0 name="/dev/socket/traced_producer" inode=17513 dev=00:10 mode=0140666 ouid=0 ogid=0 rdev=00:00 obj=u:object_r:traced_producer_socket:s0 nametype=NORMAL cap_fp=0000000000000000 cap_fi=0000000000000000 cap_fe=0 cap_fver=0
09-12 17:29:05.069 E/audit   (  570): type=1327 audit(1757687345.065:97057): proctitle="com.google.android.gms"
09-12 17:29:05.071 D/SemNativeCarrierFeature_vendor(28990): getInstance
09-12 17:29:05.073 D/SemNativeCarrierFeature_vendor(28990): getInstance
09-12 17:29:05.077 D/SemNativeCarrierFeature_vendor(28990): getInstance
09-12 17:29:05.997 D/WifiConnectivityMonitor.NetworkStatsAnalyzer(  772): Backhaul result - RSSI:-52, CE:4, PE:4, TI:6, PTI:6, TW:0, PTW:0, Tx:0, Rx:0, TxS:0, RxS:0, RESULT:true, IC:0, ICT:5, WC:0, WCT:5, R:0, RC:0, IE:0, EC:0
09-12 17:29:06.966 D/SemNativeCarrierFeature_vendor(28990): getInstance
09-12 17:29:06.990 D/SemNativeCarrierFeature_vendor(28990): getInstance
09-12 17:29:06.994 D/SemNativeCarrierFeature_vendor(28990): getInstance
09-12 17:29:06.996 D/SemNativeCarrierFeature_vendor(28990): getInstance
09-12 17:29:07.001 D/SemNativeCarrierFeature_vendor(28990): getInstance
09-12 17:29:07.059 D/SemWifiUsabilityStatsMonitor(  772): onWifiUsabilityStats - seqNum 35915, isSameBssidAndFreq true
09-12 17:29:07.061 I/SemWifiLinkQualityMonitor(  772): Link Qos Query: 0.133 ms / 60.000 Mbps (72 / 0.000 / 1.200)
09-12 17:29:08.886 D/SemNativeCarrierFeature_vendor(28990): getInstance
09-12 17:29:08.912 D/SemNativeCarrierFeature_vendor(28990): getInstance
09-12 17:29:08.915 D/SemNativeCarrierFeature_vendor(28990): getInstance
09-12 17:29:08.919 D/SemNativeCarrierFeature_vendor(28990): getInstance
09-12 17:29:08.923 D/SemNativeCarrierFeature_vendor(28990): getInstance
09-12 17:29:09.553 E/sehhealth-service(  614): Could not open /sys/class/power_supply/battery/lrp
09-12 17:29:09.554 D/BatteryService(  772): Sending ACTION_BATTERY_CHANGED: level:54, status:2, health:2, ac:false, usb:true, wireless:false, pogo:false, misc:0x10000, charge_type:1, charger_type:0, voltage:3904, temperature:302, online:4, current_avg:305, ps:false, hvc:false, capacity:280000, current_event:0x0, current_now:327, mcc:0, mcv:0, cc:2710000, present:true, scale:100, technology:Li-ion
09-12 17:29:09.555 D/MotionRecognitionService(  772): [SAR]  onReceive : ACTION_BATTERY_CHANGED, Plugged: 2
09-12 17:29:09.556 D/PhoneWindowManagerExt(  772): ACTION_BATTERY_CHANGED - Level=54, status=2
09-12 17:29:09.556 I/DeviceBatteryInfoService(  772): action: android.intent.action.BATTERY_CHANGED
09-12 17:29:09.556 I/DeviceBatteryInfoService(  772): phone battery level: 54
09-12 17:29:09.556 I/DeviceBatteryInfoService(  772): phone battery status: 2
09-12 17:29:09.556 D/SemWifiApBroadcastReceiver(  772): Received : android.intent.action.BATTERY_CHANGED
09-12 17:29:09.557 D/SemBigDataInfoController( 1301): Intent: android.intent.action.BATTERY_CHANGED
09-12 17:29:09.557 D/SemBigDataInfoController( 1301): Intent: android.intent.action.BATTERY_CHANGED
09-12 17:29:09.558 D/SamsungBatteryMeterDrawable( 1328): onBatteryLevelChanged isSomethingChanged: false
09-12 17:29:09.559 D/SamsungBatteryMeterDrawable( 1328): onBatteryLevelChanged isSomethingChanged: false
09-12 17:29:09.559 D/SamsungBatteryMeterDrawable( 1328): onBatteryLevelChanged isSomethingChanged: false
09-12 17:29:09.560 D/SamsungBatteryMeterDrawable( 1328): onBatteryLevelChanged isSomethingChanged: false
09-12 17:29:09.560 I/PowerUI ( 1328): mBootCompleted = true |  mFullyConnected = true
09-12 17:29:09.560 I/PowerUI ( 1328): BATTERY_HEALTH_CHECK extraHealth=2 mBatteryMiscEvent=65536
09-12 17:29:09.560 W/PowerUI ( 1328): Plug reason
09-12 17:29:09.560 W/PowerUI ( 1328): Skip charging animation - by plug status
09-12 17:29:09.560 D/PowerUI ( 1328): priorPlugType = 2 mPlugType = 2 priorBatteryStatus = 2 mBatteryStatus = 2
09-12 17:29:09.560 W/PowerUI ( 1328): Plug reason
09-12 17:29:09.560 W/PowerUI ( 1328): Skip charging sound - by plug status
09-12 17:29:09.560 I/PowerUI ( 1328): oldMisalign : false, curMisalign : false
09-12 17:29:09.561 D/SecPowerUI.Notification( 1328): dismissing low battery warning: level=54
09-12 17:29:09.561 D/SecPowerUI.Notification( 1328): updateNotification mWarning=false mPlaySound=false
09-12 17:29:09.561 D/SecPowerUI.Notification( 1328): SecBatteryStatsSnapshot{batteryLevel=54, currentBatteryMode=1, chargingTime=15903000, chargingType=11, batteryHealth=2, automaticTestMode=false, isHiccupState=false}
09-12 17:29:09.562 D/SecPowerUI.Notification( 1328): showChargingNotice oldChargingType : 11 / currentChargingType : 11, oldChargingTime : 15903000 / mChargingTime : 15903000
09-12 17:29:09.562 D/SecPowerUI.Notification( 1328): There is no change about charging status, so return!
09-12 17:29:09.562 D/PowerUI ( 1328): Battery swelling mode - priorBatterySwellingMode = 0 mBatterySwellingMode = 0 mBatteryStatus = 2
09-12 17:29:09.562 I/PowerUI ( 1328): mBatteryMiscEvent = 65536
09-12 17:29:09.562 D/KeyguardUpdateMonitor( 1328): received broadcast android.intent.action.BATTERY_CHANGED
09-12 17:29:09.562 I/AODBatteryManager( 1328): updateBatteryData: ACTION_BATTERY_CHANGED
09-12 17:29:09.562 D/SecPowerUI.Notification( 1328): 1. restoreScreenTimeOut - saved_value : :
09-12 17:29:09.562 E/SecPowerUI.Notification( 1328): no saved value, so we do nothing !!
09-12 17:29:09.563 I/AODBatteryManager( 1328): saveBatteryData : AOD BatteryData [mBatteryLevel=54, mBatteryStatus=CHARGING, mBatteryPlugType=USB, mBatteryPlugged=true, mRemainingChargeTime=15903000, mBatteryChargingType=1, mBatteryChargerType=NORMAL, mBatteryOnline=USB, mBatterySwellingMode=NONE, mBatteryProtectMode=false]
09-12 17:29:09.563 D/KeyguardUpdateMonitor( 1328): handleBatteryUpdate
09-12 17:29:10.082 D/SemWifiUsabilityStatsMonitor(  772): onWifiUsabilityStats - seqNum 35916, isSameBssidAndFreq true
09-12 17:29:10.084 I/SemWifiLinkQualityMonitor(  772): Link Qos Query: 0.133 ms / 60.000 Mbps (72 / 0.000 / 1.200)
09-12 17:29:10.806 D/SemNativeCarrierFeature_vendor(28990): getInstance
09-12 17:29:10.829 D/SemNativeCarrierFeature_vendor(28990): getInstance
09-12 17:29:10.832 D/SemNativeCarrierFeature_vendor(28990): getInstance
09-12 17:29:10.835 D/SemNativeCarrierFeature_vendor(28990): getInstance
09-12 17:29:10.838 D/SemNativeCarrierFeature_vendor(28990): getInstance
09-12 17:29:12.323 E/Watchdog(  772): !@Sync: 8741 heap: 113 / 125 FD: 1007 [2025-09-12 17:29:12.322]
09-12 17:29:12.726 D/SemNativeCarrierFeature_vendor(28990): getInstance
09-12 17:29:12.750 D/SemNativeCarrierFeature_vendor(28990): getInstance
09-12 17:29:12.752 D/SemNativeCarrierFeature_vendor(28990): getInstance
09-12 17:29:12.755 D/SemNativeCarrierFeature_vendor(28990): getInstance
09-12 17:29:12.759 D/SemNativeCarrierFeature_vendor(28990): getInstance
09-12 17:29:12.971 D/io_stats(  398): !@ 179,24 r 13027 564923 w 296 757 d 0 0 f 0 0 iot 32240 0 th 0 0 0 pt 0 inp 0 0 262339.755
09-12 17:29:12.972 D/io_stats(  398): !@ 179,0 r 35225911 523697955 w 7646547 78542812 d 2664731 61103596 f 0 0 iot 14388952 0 th 0 0 0 pt 0 inp 0 0 262339.755
09-12 17:29:13.099 D/SemWifiUsabilityStatsMonitor(  772): onWifiUsabilityStats - seqNum 35917, isSameBssidAndFreq true
09-12 17:29:13.102 I/SemWifiLinkQualityMonitor(  772): Link Qos Query: 0.133 ms / 60.000 Mbps (72 / 0.000 / 1.200)
09-12 17:29:13.133 W/DeviceStorageMonitorService(  772): check(/data) oldLevel:1, newLevel:1 (usableBytes=2336296960)
09-12 17:29:13.133 W/DeviceStorageMonitorService(  772): updateBroadcasts(/data) oldLevel:1, newLevel:1, seq:1
09-12 17:29:13.135 D/DeviceStorageMonitorService(  772): Available File Node Number is [13226378]
09-12 17:29:13.135 W/DeviceStorageMonitorService(  772): updateBroadcasts_filenode(/data) fn_oldLevel:0, fn_newLevel:0, seq:1
09-12 17:29:14.570 D/SecPowerUI.Notification( 1328): showChargingNotice oldChargingType : 11 / currentChargingType : 11, oldChargingTime : 15903000 / mChargingTime : 15903000
09-12 17:29:14.571 D/SecPowerUI.Notification( 1328): There is no change about charging status, so return!
09-12 17:29:14.645 D/SemNativeCarrierFeature_vendor(28990): getInstance
09-12 17:29:14.668 D/SemNativeCarrierFeature_vendor(28990): getInstance
09-12 17:29:14.668 I/wpa_supplicant(20013): Heartbeat 8684
09-12 17:29:14.670 D/SemNativeCarrierFeature_vendor(28990): getInstance
09-12 17:29:14.673 D/SemNativeCarrierFeature_vendor(28990): getInstance
09-12 17:29:14.677 D/SemNativeCarrierFeature_vendor(28990): getInstance
09-12 17:29:16.004 D/WifiConnectivityMonitor.NetworkStatsAnalyzer(  772): Backhaul result - RSSI:-48, CE:4, PE:4, TI:6, PTI:6, TW:0, PTW:0, Tx:0, Rx:0, TxS:0, RxS:0, RESULT:true, IC:0, ICT:5, WC:0, WCT:5, R:0, RC:0, IE:0, EC:0
09-12 17:29:16.122 D/SemWifiUsabilityStatsMonitor(  772): onWifiUsabilityStats - seqNum 35918, isSameBssidAndFreq true
09-12 17:29:16.124 I/SemWifiLinkQualityMonitor(  772): Link Qos Query: 0.133 ms / 60.000 Mbps (72 / 0.000 / 1.200)
09-12 17:29:16.566 D/SemNativeCarrierFeature_vendor(28990): getInstance
09-12 17:29:16.591 D/SemNativeCarrierFeature_vendor(28990): getInstance
09-12 17:29:16.594 D/SemNativeCarrierFeature_vendor(28990): getInstance
09-12 17:29:16.597 D/SemNativeCarrierFeature_vendor(28990): getInstance
09-12 17:29:16.601 D/SemNativeCarrierFeature_vendor(28990): getInstance
09-12 17:29:18.300 I/SDHMS:D ( 2891): SIOP:: AP:314 BAT:302 USB:0 CHG:326 PA:313 BLK:0 SUBBAT:0 SKIN:283 SKINF:270 SKINB:283 LRP:283 LRF:270 LRB:283 
09-12 17:29:18.486 D/SemNativeCarrierFeature_vendor(28990): getInstance
09-12 17:29:18.512 D/SemNativeCarrierFeature_vendor(28990): getInstance
09-12 17:29:18.515 D/SemNativeCarrierFeature_vendor(28990): getInstance
09-12 17:29:18.517 D/SemNativeCarrierFeature_vendor(28990): getInstance
09-12 17:29:18.521 D/SemNativeCarrierFeature_vendor(28990): getInstance
09-12 17:29:19.140 D/SemWifiUsabilityStatsMonitor(  772): onWifiUsabilityStats - seqNum 35919, isSameBssidAndFreq true
09-12 17:29:19.142 I/SemWifiLinkQualityMonitor(  772): Link Qos Query: 0.133 ms / 60.000 Mbps (72 / 0.000 / 1.200)
09-12 17:29:19.601 E/sehhealth-service(  614): Could not open /sys/class/power_supply/battery/lrp
09-12 17:29:19.601 D/BatteryService(  772): Sending ACTION_BATTERY_CHANGED: level:54, status:2, health:2, ac:false, usb:true, wireless:false, pogo:false, misc:0x10000, charge_type:1, charger_type:0, voltage:3904, temperature:304, online:4, current_avg:319, ps:false, hvc:false, capacity:280000, current_event:0x0, current_now:324, mcc:0, mcv:0, cc:2710000, present:true, scale:100, technology:Li-ion
09-12 17:29:19.604 D/MotionRecognitionService(  772): [SAR]  onReceive : ACTION_BATTERY_CHANGED, Plugged: 2
09-12 17:29:19.605 I/DeviceBatteryInfoService(  772): action: android.intent.action.BATTERY_CHANGED
09-12 17:29:19.605 I/DeviceBatteryInfoService(  772): phone battery level: 54
09-12 17:29:19.605 I/DeviceBatteryInfoService(  772): phone battery status: 2
09-12 17:29:19.605 D/PhoneWindowManagerExt(  772): ACTION_BATTERY_CHANGED - Level=54, status=2
09-12 17:29:19.605 D/SemWifiApBroadcastReceiver(  772): Received : android.intent.action.BATTERY_CHANGED
09-12 17:29:19.606 D/SemBigDataInfoController( 1301): Intent: android.intent.action.BATTERY_CHANGED
09-12 17:29:19.606 D/SemBigDataInfoController( 1301): Intent: android.intent.action.BATTERY_CHANGED
09-12 17:29:19.607 D/SamsungBatteryMeterDrawable( 1328): onBatteryLevelChanged isSomethingChanged: false
09-12 17:29:19.607 D/SamsungBatteryMeterDrawable( 1328): onBatteryLevelChanged isSomethingChanged: false
09-12 17:29:19.608 D/SamsungBatteryMeterDrawable( 1328): onBatteryLevelChanged isSomethingChanged: false
09-12 17:29:19.608 D/SamsungBatteryMeterDrawable( 1328): onBatteryLevelChanged isSomethingChanged: false
09-12 17:29:19.608 I/PowerUI ( 1328): mBootCompleted = true |  mFullyConnected = true
09-12 17:29:19.608 I/PowerUI ( 1328): BATTERY_HEALTH_CHECK extraHealth=2 mBatteryMiscEvent=65536
09-12 17:29:19.609 W/PowerUI ( 1328): Plug reason
09-12 17:29:19.609 W/PowerUI ( 1328): Skip charging animation - by plug status
09-12 17:29:19.609 D/PowerUI ( 1328): priorPlugType = 2 mPlugType = 2 priorBatteryStatus = 2 mBatteryStatus = 2
09-12 17:29:19.609 W/PowerUI ( 1328): Plug reason
09-12 17:29:19.609 W/PowerUI ( 1328): Skip charging sound - by plug status
09-12 17:29:19.609 I/PowerUI ( 1328): oldMisalign : false, curMisalign : false
09-12 17:29:19.609 D/SecPowerUI.Notification( 1328): dismissing low battery warning: level=54
09-12 17:29:19.609 D/SecPowerUI.Notification( 1328): updateNotification mWarning=false mPlaySound=false
09-12 17:29:19.609 D/SecPowerUI.Notification( 1328): SecBatteryStatsSnapshot{batteryLevel=54, currentBatteryMode=1, chargingTime=15903000, chargingType=11, batteryHealth=2, automaticTestMode=false, isHiccupState=false}
09-12 17:29:19.610 D/SecPowerUI.Notification( 1328): showChargingNotice oldChargingType : 11 / currentChargingType : 11, oldChargingTime : 15903000 / mChargingTime : 15871000
09-12 17:29:19.610 D/SecPowerUI.Notification( 1328): showChargingNotification()
09-12 17:29:19.610 D/SecPowerUI.Notification( 1328): SecBatteryStatsSnapshot{batteryLevel=54, currentBatteryMode=1, chargingTime=15871000, chargingType=11, batteryHealth=2, automaticTestMode=false, isHiccupState=false}
09-12 17:29:19.610 D/SecPowerUI.Notification( 1328): 1. restoreScreenTimeOut - saved_value : :
09-12 17:29:19.610 E/SecPowerUI.Notification( 1328): no saved value, so we do nothing !!
09-12 17:29:19.613 D/ApplicationPolicy(  772): isStatusBarNotificationAllowedAsUser: packageName = com.android.systemui,userId = 0
09-12 17:29:19.614 D/ApplicationPolicy(  772): isStatusBarNotificationAllowedAsUser: packageName = com.android.systemui,userId = -1
09-12 17:29:19.614 D/ApplicationPolicy(  772): isStatusBarNotificationAllowedAsUser: converting userId from USER_ALLto 0
09-12 17:29:19.615 D/PowerUI ( 1328): Battery swelling mode - priorBatterySwellingMode = 0 mBatterySwellingMode = 0 mBatteryStatus = 2
09-12 17:29:19.615 I/PowerUI ( 1328): mBatteryMiscEvent = 65536
09-12 17:29:19.615 D/KeyguardUpdateMonitor( 1328): received broadcast android.intent.action.BATTERY_CHANGED
09-12 17:29:19.615 I/AODBatteryManager( 1328): updateBatteryData: ACTION_BATTERY_CHANGED
09-12 17:29:19.617 I/AODBatteryManager( 1328): saveBatteryData : AOD BatteryData [mBatteryLevel=54, mBatteryStatus=CHARGING, mBatteryPlugType=USB, mBatteryPlugged=true, mRemainingChargeTime=15871000, mBatteryChargingType=1, mBatteryChargerType=NORMAL, mBatteryOnline=USB, mBatterySwellingMode=NONE, mBatteryProtectMode=false]
09-12 17:29:19.617 I/ChargingInfoManager( 1328): updateChargingInfo: newState = AOD ChargingInfo [mState=BATTERY_AND_REMAIN_TIME, mIsCharging=true, mIsFullyCharged=false, mIsBatteryProtectMode=false], oldState = AOD ChargingInfo [mState=BATTERY_AND_REMAIN_TIME, mIsCharging=true, mIsFullyCharged=false, mIsBatteryProtectMode=false]
09-12 17:29:19.617 D/KeyguardUpdateMonitor( 1328): handleBatteryUpdate
09-12 17:29:19.622 D/KeyguardSecIndicationController( 1328): addIndicationTimeout() returned - unlocking
09-12 17:29:19.622 D/KeyguardSecIndicationController( 1328): addIndication() returned - unlocking
09-12 17:29:19.623 D/KeyguardSecIndicationPolicy( 1328):  remove Item pos = DEFAULT, type =           OWNER_INFO
09-12 17:29:19.623 D/KeyguardSecIndicationController( 1328): addBatteryAndOwnerInfoIndication() battery status = BatteryStatus{status=2,level=54,plugged=2,health=2,maxChargingWattage=-1,remaining=15871000ultraFastCharger=0}
09-12 17:29:19.820 I/Telecom:SamsungTelecomServiceImpl(  772): isInManagedCall - callingPackage : android
09-12 17:29:19.832 D/InterruptionStateProvider( 1328): Group alert behavior is suppressed but we want to alert bubble
09-12 17:29:19.832 D/InterruptionStateProvider( 1328): Group alert behavior is suppressed but we want to alert bubble
09-12 17:29:19.832 D/InterruptionStateProvider( 1328): Group alert behavior is suppressed but we want to alert bubble
09-12 17:29:19.832 D/InterruptionStateProvider( 1328): Group alert behavior is suppressed but we want to alert bubble
09-12 17:29:19.832 D/InterruptionStateProvider( 1328): Group alert behavior is suppressed but we want to alert bubble
09-12 17:29:19.832 D/InterruptionStateProvider( 1328): Group alert behavior is suppressed but we want to alert bubble
