09-12 17:27:37.490 I/HYPER-HAL(  609): [RequestManager.cpp]acquire(): Acquired ID : 313255  [772 / 19]    HINT : GESTURE_DETECTED    list : [TIMEOUT / 760] 
09-12 17:27:37.490 I/Launcher( 1671): onStateSetEnd for widget host, state : Normal
09-12 17:27:37.490 W/LauncherAppWidgetHost( 1671): setShouldListenFlag, mFlags:15 flag:resume on:true isFront:false
09-12 17:27:37.490 I/BaseActivity( 1671): addActivityFlags, flags : 64
09-12 17:27:37.491 D/SGM:GameManager(  772): identifyGamePackage. com.sec.android.app.launcher, mCurrentUserId: 0, callerUserId: 0, callingMethodInfo: com.android.server.ssrm.fgapps.GameAppUtils.isGame(GameAppUtils.java:84)
09-12 17:27:37.491 D/SGM:PkgDataHelper(  772): getGamePkgData(). com.sec.android.app.launcher
09-12 17:27:37.491 I/SemDvfsHyPerManager(  772): acquire hyper - GESTURE_DETECTED/772@19, type = -999
09-12 17:27:37.491 I/RecentsView( 1671): setOverviewStateEnabled false
09-12 17:27:37.491 I/RecentsOrientedState( 1671): current RecentsOrientedState: [this=RecentsOrientedState@263664414 mOrientationHandler=PortraitPagedViewHandler@164108287 mDisplayRotation=0 mTouchRotation=0 mRecentsActivityRotation=0 mRecentsRotation=0 isRecentsActivityRotationAllowed=false mSystemRotation=true mStateId=38272 mFlags=299]
09-12 17:27:37.491 I/HYPER-HAL(  609): [RequestManager.cpp]acquire(): Acquired ID : 313255  [772 / 19]    HINT : GESTURE_DETECTED    list : [TIMEOUT / 760] 
09-12 17:27:37.497 I/SehLight(  610): lcd : 48+
09-12 17:27:37.501 I/SehLight(  610): lcd : 48-
09-12 17:27:37.514 I/SehLight(  610): lcd : 53+
09-12 17:27:37.516 I/SehLight(  610): lcd : 53-
09-12 17:27:37.530 I/SehLight(  610): lcd : 58+
09-12 17:27:37.533 I/SehLight(  610): lcd : 58-
09-12 17:27:37.547 I/SehLight(  610): lcd : 63+
09-12 17:27:37.549 I/SehLight(  610): lcd : 63-
09-12 17:27:37.564 I/SehLight(  610): lcd : 68+
09-12 17:27:37.566 I/SehLight(  610): lcd : 68-
09-12 17:27:37.581 I/SehLight(  610): lcd : 73+
09-12 17:27:37.584 I/SehLight(  610): lcd : 73-
09-12 17:27:37.597 I/SehLight(  610): lcd : 78+
09-12 17:27:37.600 I/SehLight(  610): lcd : 78-
09-12 17:27:37.614 I/SehLight(  610): lcd : 83+
09-12 17:27:37.616 I/SehLight(  610): lcd : 83-
09-12 17:27:37.631 I/SehLight(  610): lcd : 88+
09-12 17:27:37.631 I/StateManager( 1671): End animation. mStateChanged is changed to False : Normal
09-12 17:27:37.633 I/DecorView( 1671): notifyKeepScreenOnChanged: keepScreenOn=false
09-12 17:27:37.633 I/StateManager( 1671): onStateTransitionStart mState = AllApps
09-12 17:27:37.633 I/SehLight(  610): lcd : 88-
09-12 17:27:37.634 I/Launcher.AppsPagedView( 1671): setLayout(), l: 25, r: 25, b: 69, spacing: 26
09-12 17:27:37.634 I/CustomPageIndicator( 1671): setPageIndicatorSize : 33
09-12 17:27:37.634 W/HsDeviceProfile( 1671): invIconSizeRatio apps: 7.85
09-12 17:27:37.637 I/Launcher( 1671): onStateSetEnd for widget host, state : AllApps
09-12 17:27:37.637 W/LauncherAppWidgetHost( 1671): setShouldListenFlag, mFlags:15 flag:resume on:false isFront:false
09-12 17:27:37.637 I/BaseActivity( 1671): addActivityFlags, flags : 64
09-12 17:27:37.638 I/RecentsView( 1671): setOverviewStateEnabled false
09-12 17:27:37.638 I/RecentsOrientedState( 1671): current RecentsOrientedState: [this=RecentsOrientedState@263664414 mOrientationHandler=PortraitPagedViewHandler@164108287 mDisplayRotation=0 mTouchRotation=0 mRecentsActivityRotation=0 mRecentsRotation=0 isRecentsActivityRotationAllowed=false mSystemRotation=true mStateId=38272 mFlags=299]
09-12 17:27:37.638 I/AppsTransitionController( 1671): setState - toState : AllApps
09-12 17:27:37.642 I/HomeStateTransitionController( 1671): workspace child count: 3
09-12 17:27:37.643 I/SuggestedAppsAnimationCreator( 1671): createAnimator: show = false
09-12 17:27:37.643 I/SuggestedAppsAnimationCreator( 1671): resetAnimatorProperty: return already toAlpha
09-12 17:27:37.643 I/SuggestedAppsAnimationCreator( 1671): cancelAnimator
09-12 17:27:37.643 I/PageEditTransitionController( 1671): setState - from : AllApps to : AllApps
09-12 17:27:37.644 I/CapturedBlurTransitionController( 1671): doTakeScreenShotOnPendingExecutor() getIsLauncherDrawn(): true, state: AllApps, blurFactor: 1.0
09-12 17:27:37.644 I/CapturedBlurTransitionController( 1671): needTakeScreenshot() blurFactor: 1.0, mLauncher.hasBeenResumed(): true
09-12 17:27:37.644 I/StateManager( 1671): onStateTransitionEnd mState : AllApps
09-12 17:27:37.644 I/BaseActivity( 1671): removeActivityFlags, flags : 64
09-12 17:27:37.644 I/RecentsView( 1671): reset
09-12 17:27:37.644 I/RecentsView( 1671): setCurrentTask, runningTaskId : -1
09-12 17:27:37.644 I/RecentsOrientedState( 1671): current RecentsOrientedState: [this=RecentsOrientedState@263664414 mOrientationHandler=PortraitPagedViewHandler@164108287 mDisplayRotation=0 mTouchRotation=0 mRecentsActivityRotation=0 mRecentsRotation=0 isRecentsActivityRotationAllowed=false mSystemRotation=true mStateId=38272 mFlags=299]
09-12 17:27:37.644 I/StateManager( 1671): goToStateAnimated mStateChanged is false
09-12 17:27:37.645 I/StateManager( 1671): goToState no animation to AllApps
09-12 17:27:37.645 W/PortraitStatesTouchCtrl( 1671): onSwipeInteractionCompleted, targetState = AllApps
09-12 17:27:37.646 I/Launcher.AppsPagedView( 1671): setLayout(), l: 25, r: 25, b: 69, spacing: 26
09-12 17:27:37.646 I/Launcher.AppsPagedView( 1671): setLayout(), l: 25, r: 25, b: 69, spacing: 26
09-12 17:27:37.646 I/Launcher.AppsPagedView( 1671): setLayout(), l: 25, r: 25, b: 69, spacing: 26
09-12 17:27:37.646 I/Launcher.AppsPagedView( 1671): setLayout(), l: 25, r: 25, b: 69, spacing: 26
09-12 17:27:37.647 I/SehLight(  610): lcd : 93+
09-12 17:27:37.648 I/ViewRootImpl@f47f003[LauncherActivity]( 1671): performTraversals params={(0,0)(fillxfill) sim={adjust=nothing} layoutInDisplayCutoutMode=shortEdges ty=BASE_APPLICATION fmt=TRANSPARENT wanim=0x10302f4
09-12 17:27:37.648 I/ViewRootImpl@f47f003[LauncherActivity]( 1671):   fl=81910100
09-12 17:27:37.648 I/ViewRootImpl@f47f003[LauncherActivity]( 1671):   pfl=1e020040
09-12 17:27:37.648 I/ViewRootImpl@f47f003[LauncherActivity]( 1671):   vsysui=1700
09-12 17:27:37.648 I/ViewRootImpl@f47f003[LauncherActivity]( 1671):   bhv=SHOW_TRANSIENT_BARS_BY_SWIPE
09-12 17:27:37.648 I/ViewRootImpl@f47f003[LauncherActivity]( 1671):   fitSides= screenDimDuration=100000 naviIconColor=0}
09-12 17:27:37.649 I/SehLight(  610): lcd : 93-
09-12 17:27:37.649 I/ViewRootImpl@f47f003[LauncherActivity]( 1671): performTraversals mFirst=false windowShouldResize=false viewVisibilityChanged=false mForceNextWindowRelayout=false params={(0,0)(fillxfill) sim={adjust=nothing} layoutInDisplayCutoutMode=shortEdges ty=BASE_APPLICATION fmt=TRANSPARENT wanim=0x10302f4
09-12 17:27:37.649 I/ViewRootImpl@f47f003[LauncherActivity]( 1671):   fl=81910100
09-12 17:27:37.649 I/ViewRootImpl@f47f003[LauncherActivity]( 1671):   pfl=1e020040
09-12 17:27:37.649 I/ViewRootImpl@f47f003[LauncherActivity]( 1671):   vsysui=1700
09-12 17:27:37.649 I/ViewRootImpl@f47f003[LauncherActivity]( 1671):   bhv=SHOW_TRANSIENT_BARS_BY_SWIPE
09-12 17:27:37.649 I/ViewRootImpl@f47f003[LauncherActivity]( 1671):   fitSides= screenDimDuration=100000 naviIconColor=0}
09-12 17:27:37.649 I/Pageboost(  772): package null
09-12 17:27:37.650 E/pageboostd( 2376): Received HALT command code 2
09-12 17:27:37.650 V/WindowManager(  772): Relayout Window{53cbe75 u0 com.sec.android.app.launcher/com.sec.android.app.launcher.activities.LauncherActivity}: viewVisibility=0 req=720x1600 d0
09-12 17:27:37.655 V/WindowManager(  772): Relayout hash=53cbe75, pid=1671, syncId=-1: mAttrs={(0,0)(fillxfill) sim={adjust=nothing} layoutInDisplayCutoutMode=shortEdges ty=BASE_APPLICATION fmt=TRANSPARENT wanim=0x10302f4
09-12 17:27:37.655 V/WindowManager(  772):   fl=81910100
09-12 17:27:37.655 V/WindowManager(  772):   pfl=1e020040
09-12 17:27:37.655 V/WindowManager(  772):   vsysui=1700
09-12 17:27:37.655 V/WindowManager(  772):   bhv=SHOW_TRANSIENT_BARS_BY_SWIPE
09-12 17:27:37.655 V/WindowManager(  772):   fitSides= screenDimDuration=100000 naviIconColor=0}
09-12 17:27:37.657 I/ViewRootImpl@f47f003[LauncherActivity]( 1671): updateBlastSurfaceIfNeeded mBlastBufferQueue=0xb400006ff1ddcc00 isSameSurfaceControl=true
09-12 17:27:37.658 I/BLASTBufferQueue( 1671): update, w= 720 h= 1600 mName = ViewRootImpl@f47f003[LauncherActivity] mNativeObject= 0xb400006ff1ddcc00 sc.mNativeObject= 0xb400006ff1cee900 format= -2 caller= android.view.ViewRootImpl.updateBlastSurfaceIfNeeded:2898 android.view.ViewRootImpl.relayoutWindow:9847 android.view.ViewRootImpl.performTraversals:3884 android.view.ViewRootImpl.doTraversal:3116 android.view.ViewRootImpl$TraversalRunnable.run:10885 android.view.Choreographer$CallbackRecord.run:1301 
09-12 17:27:37.658 I/ViewRootImpl@f47f003[LauncherActivity]( 1671): Relayout returned: old=(0,0,720,1600) new=(0,0,720,1600) req=(720,1600)0 dur=8 res=0x0 s={true 0xb400007075218000} ch=false seqId=0
09-12 17:27:37.661 I/RecentsView( 1671): Skip loading task enabled : false  changeId : -1
09-12 17:27:37.661 I/RecentsOrientedState( 1671): current RecentsOrientedState: [this=RecentsOrientedState@263664414 mOrientationHandler=PortraitPagedViewHandler@164108287 mDisplayRotation=0 mTouchRotation=0 mRecentsActivityRotation=0 mRecentsRotation=0 isRecentsActivityRotationAllowed=false mSystemRotation=true mStateId=38272 mFlags=299]
09-12 17:27:37.662 I/SPayUpdater( 1671): updateSpayHandler, show = false, defaultPage = false
09-12 17:27:37.663 I/SPayUpdater( 1671): updateSpayHandler, show = false, defaultPage = false
09-12 17:27:37.664 I/SehLight(  610): lcd : 99+
09-12 17:27:37.666 I/SehLight(  610): lcd : 99-
09-12 17:27:37.680 I/SehLight(  610): lcd : 104+
09-12 17:27:37.682 I/SehLight(  610): lcd : 104-
09-12 17:27:37.697 I/SehLight(  610): lcd : 109+
09-12 17:27:37.699 I/SehLight(  610): lcd : 109-
09-12 17:27:37.713 D/DisplayPowerController[0](  772): animateScreenStateChange: target=2, mLogicalDisplay.isEnabled()=true
09-12 17:27:37.713 I/SehLight(  610): lcd : 110+
09-12 17:27:37.715 I/SehLight(  610): lcd : 110-
09-12 17:27:38.254 I/HYPER-HAL(  609): [RequestManager.cpp]releaseLocked(): Released ID : 313255
09-12 17:27:38.646 D/SemNativeCarrierFeature_vendor(28990): getInstance
09-12 17:27:38.669 D/SemNativeCarrierFeature_vendor(28990): getInstance
09-12 17:27:38.672 D/SemNativeCarrierFeature_vendor(28990): getInstance
09-12 17:27:38.674 D/SemNativeCarrierFeature_vendor(28990): getInstance
09-12 17:27:38.678 D/SemNativeCarrierFeature_vendor(28990): getInstance
09-12 17:27:39.078 E/sehhealth-service(  614): Could not open /sys/class/power_supply/battery/lrp
09-12 17:27:39.078 D/BatteryService(  772): Sending ACTION_BATTERY_CHANGED: level:54, status:2, health:2, ac:false, usb:true, wireless:false, pogo:false, misc:0x10000, charge_type:1, charger_type:0, voltage:3904, temperature:302, online:4, current_avg:296, ps:false, hvc:false, capacity:280000, current_event:0x0, current_now:316, mcc:0, mcv:0, cc:2700000, present:true, scale:100, technology:Li-ion
09-12 17:27:39.081 D/MotionRecognitionService(  772): [SAR]  onReceive : ACTION_BATTERY_CHANGED, Plugged: 2
09-12 17:27:39.082 D/PhoneWindowManagerExt(  772): ACTION_BATTERY_CHANGED - Level=54, status=2
09-12 17:27:39.082 I/DeviceBatteryInfoService(  772): action: android.intent.action.BATTERY_CHANGED
09-12 17:27:39.082 I/DeviceBatteryInfoService(  772): phone battery level: 54
09-12 17:27:39.082 I/DeviceBatteryInfoService(  772): phone battery status: 2
09-12 17:27:39.083 D/SemWifiApBroadcastReceiver(  772): Received : android.intent.action.BATTERY_CHANGED
09-12 17:27:39.083 D/SemBigDataInfoController( 1301): Intent: android.intent.action.BATTERY_CHANGED
09-12 17:27:39.083 D/SemBigDataInfoController( 1301): Intent: android.intent.action.BATTERY_CHANGED
09-12 17:27:39.084 D/SamsungBatteryMeterDrawable( 1328): onBatteryLevelChanged isSomethingChanged: false
09-12 17:27:39.085 D/SamsungBatteryMeterDrawable( 1328): onBatteryLevelChanged isSomethingChanged: false
09-12 17:27:39.085 D/SamsungBatteryMeterDrawable( 1328): onBatteryLevelChanged isSomethingChanged: false
09-12 17:27:39.086 D/SamsungBatteryMeterDrawable( 1328): onBatteryLevelChanged isSomethingChanged: false
09-12 17:27:39.086 I/PowerUI ( 1328): mBootCompleted = true |  mFullyConnected = true
09-12 17:27:39.086 I/PowerUI ( 1328): BATTERY_HEALTH_CHECK extraHealth=2 mBatteryMiscEvent=65536
09-12 17:27:39.086 W/PowerUI ( 1328): Plug reason
09-12 17:27:39.086 W/PowerUI ( 1328): Skip charging animation - by plug status
09-12 17:27:39.086 D/PowerUI ( 1328): priorPlugType = 2 mPlugType = 2 priorBatteryStatus = 2 mBatteryStatus = 2
09-12 17:27:39.086 D/SecPowerUI.Notification( 1328): dismissing low battery warning: level=54
09-12 17:27:39.086 D/SecPowerUI.Notification( 1328): updateNotification mWarning=false mPlaySound=false
09-12 17:27:39.086 W/PowerUI ( 1328): Plug reason
09-12 17:27:39.086 W/PowerUI ( 1328): Skip charging sound - by plug status
09-12 17:27:39.086 I/PowerUI ( 1328): oldMisalign : false, curMisalign : false
09-12 17:27:39.086 D/SecPowerUI.Notification( 1328): SecBatteryStatsSnapshot{batteryLevel=54, currentBatteryMode=1, chargingTime=15972000, chargingType=11, batteryHealth=2, automaticTestMode=false, isHiccupState=false}
09-12 17:27:39.087 D/SecPowerUI.Notification( 1328): 1. restoreScreenTimeOut - saved_value : :
09-12 17:27:39.087 E/SecPowerUI.Notification( 1328): no saved value, so we do nothing !!
09-12 17:27:39.088 D/SecPowerUI.Notification( 1328): showChargingNotice oldChargingType : 11 / currentChargingType : 11, oldChargingTime : 15972000 / mChargingTime : 15939000
09-12 17:27:39.088 D/SecPowerUI.Notification( 1328): showChargingNotification()
09-12 17:27:39.088 D/SecPowerUI.Notification( 1328): SecBatteryStatsSnapshot{batteryLevel=54, currentBatteryMode=1, chargingTime=15939000, chargingType=11, batteryHealth=2, automaticTestMode=false, isHiccupState=false}
09-12 17:27:39.092 D/ApplicationPolicy(  772): isStatusBarNotificationAllowedAsUser: packageName = com.android.systemui,userId = 0
09-12 17:27:39.093 D/ApplicationPolicy(  772): isStatusBarNotificationAllowedAsUser: packageName = com.android.systemui,userId = -1
09-12 17:27:39.093 D/ApplicationPolicy(  772): isStatusBarNotificationAllowedAsUser: converting userId from USER_ALLto 0
09-12 17:27:39.094 D/PowerUI ( 1328): Battery swelling mode - priorBatterySwellingMode = 0 mBatterySwellingMode = 0 mBatteryStatus = 2
09-12 17:27:39.094 I/PowerUI ( 1328): mBatteryMiscEvent = 65536
09-12 17:27:39.094 D/KeyguardUpdateMonitor( 1328): received broadcast android.intent.action.BATTERY_CHANGED
09-12 17:27:39.094 I/AODBatteryManager( 1328): updateBatteryData: ACTION_BATTERY_CHANGED
09-12 17:27:39.096 I/AODBatteryManager( 1328): saveBatteryData : AOD BatteryData [mBatteryLevel=54, mBatteryStatus=CHARGING, mBatteryPlugType=USB, mBatteryPlugged=true, mRemainingChargeTime=15939000, mBatteryChargingType=1, mBatteryChargerType=NORMAL, mBatteryOnline=USB, mBatterySwellingMode=NONE, mBatteryProtectMode=false]
09-12 17:27:39.096 I/ChargingInfoManager( 1328): updateChargingInfo: newState = AOD ChargingInfo [mState=BATTERY_AND_REMAIN_TIME, mIsCharging=true, mIsFullyCharged=false, mIsBatteryProtectMode=false], oldState = AOD ChargingInfo [mState=BATTERY_AND_REMAIN_TIME, mIsCharging=true, mIsFullyCharged=false, mIsBatteryProtectMode=false]
09-12 17:27:39.096 D/KeyguardUpdateMonitor( 1328): handleBatteryUpdate
09-12 17:27:39.101 D/KeyguardSecIndicationController( 1328): addIndicationTimeout() returned - unlocking
09-12 17:27:39.101 D/KeyguardSecIndicationController( 1328): addIndication() returned - unlocking
09-12 17:27:39.101 D/KeyguardSecIndicationPolicy( 1328):  remove Item pos = DEFAULT, type =           OWNER_INFO
09-12 17:27:39.102 D/KeyguardSecIndicationController( 1328): addBatteryAndOwnerInfoIndication() battery status = BatteryStatus{status=2,level=54,plugged=2,health=2,maxChargingWattage=-1,remaining=15939000ultraFastCharger=0}
09-12 17:27:39.299 I/Telecom:SamsungTelecomServiceImpl(  772): isInManagedCall - callingPackage : android
09-12 17:27:39.311 D/InterruptionStateProvider( 1328): Group alert behavior is suppressed but we want to alert bubble
09-12 17:27:39.311 D/InterruptionStateProvider( 1328): Group alert behavior is suppressed but we want to alert bubble
09-12 17:27:39.311 D/InterruptionStateProvider( 1328): Group alert behavior is suppressed but we want to alert bubble
09-12 17:27:39.311 D/InterruptionStateProvider( 1328): Group alert behavior is suppressed but we want to alert bubble
09-12 17:27:39.311 D/InterruptionStateProvider( 1328): Group alert behavior is suppressed but we want to alert bubble
09-12 17:27:39.312 D/InterruptionStateProvider( 1328): Group alert behavior is suppressed but we want to alert bubble
09-12 17:27:39.312 D/InterruptionStateProvider( 1328): Group alert behavior is suppressed but we want to alert bubble
09-12 17:27:39.312 D/InterruptionStateProvider( 1328): Group alert behavior is suppressed but we want to alert bubble
09-12 17:27:39.312 D/InterruptionStateProvider( 1328): Group alert behavior is suppressed but we want to alert bubble
09-12 17:27:39.312 D/InterruptionStateProvider( 1328): Group alert behavior is suppressed but we want to alert bubble
09-12 17:27:39.312 D/InterruptionStateProvider( 1328): Group alert behavior is suppressed but we want to alert bubble
09-12 17:27:39.312 D/InterruptionStateProvider( 1328): Group alert behavior is suppressed but we want to alert bubble
09-12 17:27:39.312 D/InterruptionStateProvider( 1328): Group alert behavior is suppressed but we want to alert bubble
09-12 17:27:39.313 I/Launcher.NotificationListener( 1671): onNotificationPosted : com.android.systemui number : 0
09-12 17:27:39.319 D/NLService( 3173): The notifications buffer size has reached its maximum size of 100 items. Shrinking it in order to satisfy the constraints.
09-12 17:27:39.319 D/NLService( 3173): Successfully stored the newly arrived notification identified by 2131428972
09-12 17:27:39.506 D/SemWifiUsabilityStatsMonitor(  772): onWifiUsabilityStats - seqNum 35886, isSameBssidAndFreq true
09-12 17:27:39.509 I/SemWifiLinkQualityMonitor(  772): Link Qos Query: 0.222 ms / 36.000 Mbps (72 / 0.000 / 2.000)
09-12 17:27:39.509 D/NetworkController.WifiSignalController( 1328): notifyListener: visible=true, connected=true, inetCondition=1, isDefault=true, wifiTestReported=true, receivedInetCondition=-1, hideDuringMobileSwitching=false
09-12 17:27:39.512 D/Tile.WifiTile( 1328): handleUpdateState isTransient=false transientEnabling =false cb.isTransient=false state.state = 2 mStateBeforeClick.value =false enabled =true
09-12 17:27:39.513 D/BubblesManager( 1328): onEntryUpdated : shouldBubbleUp=false ,key=-1|com.android.systemui|2131428972|charging_state|10085
09-12 17:27:39.514 D/InterruptionStateProvider( 1328):  no Heads up : edgelighting enabled app. -1|com.android.systemui|2131428972|charging_state|10085
09-12 17:27:39.542 I/FaceWidgetPositionAlgorithm( 1328): getClockContainerHeight() supplier = 193, bottom margin = 0, real height = 238
09-12 17:27:39.543 I/FaceWidgetPositionAlgorithm( 1328): getClockContainerHeight() supplier = 193, bottom margin = 45, real height = 238
09-12 17:27:39.543 I/FaceWidgetPositionAlgorithm( 1328): getMediaContainerHeight() height = 0 container Visibility = 8, isValid = false, mIsDozing = false, fraction = 1.0, source = 0, target = 0
09-12 17:27:39.543 I/FaceWidgetPositionAlgorithm( 1328): getMediaContainerHeight() supplier = 0
09-12 17:27:39.557 E/OpenGLRenderer( 1328): Device claims wide gamut support, cannot find matching config, error = EGL_SUCCESS
09-12 17:27:39.583 I/FaceWidgetPositionAlgorithm( 1328): getClockContainerHeight() supplier = 193, bottom margin = 0, real height = 238
09-12 17:27:39.583 I/FaceWidgetPositionAlgorithm( 1328): getClockContainerHeight() supplier = 193, bottom margin = 45, real height = 238
09-12 17:27:39.583 I/FaceWidgetPositionAlgorithm( 1328): getMediaContainerHeight() height = 0 container Visibility = 8, isValid = false, mIsDozing = false, fraction = 1.0, source = 0, target = 0
09-12 17:27:39.583 I/FaceWidgetPositionAlgorithm( 1328): getMediaContainerHeight() supplier = 0
09-12 17:27:39.618 I/FaceWidgetPositionAlgorithm( 1328): getClockContainerHeight() supplier = 193, bottom margin = 0, real height = 238
09-12 17:27:39.619 I/FaceWidgetPositionAlgorithm( 1328): getClockContainerHeight() supplier = 193, bottom margin = 45, real height = 238
09-12 17:27:39.619 I/FaceWidgetPositionAlgorithm( 1328): getMediaContainerHeight() height = 0 container Visibility = 8, isValid = false, mIsDozing = false, fraction = 1.0, source = 0, target = 0
09-12 17:27:39.619 I/FaceWidgetPositionAlgorithm( 1328): getMediaContainerHeight() supplier = 0
09-12 17:27:40.435 I/CapturePreview( 1671): canCapture status : false false false false false false
09-12 17:27:40.436 I/CapturePreview( 1671): startCaptureScreen fail : com.android.launcher3.LauncherRootView{ee83339 V.E...... ........ 0,0-720,1600 #7f0a025e app:id/launcher}
09-12 17:27:40.471 D/PowerManagerService(  772): UserActivityStateListenerState: 0
09-12 17:27:40.566 D/SemNativeCarrierFeature_vendor(28990): getInstance
09-12 17:27:40.592 D/SemNativeCarrierFeature_vendor(28990): getInstance
09-12 17:27:40.594 D/SemNativeCarrierFeature_vendor(28990): getInstance
09-12 17:27:40.597 D/SemNativeCarrierFeature_vendor(28990): getInstance
09-12 17:27:40.602 D/SemNativeCarrierFeature_vendor(28990): getInstance
09-12 17:27:42.284 E/Watchdog(  772): !@Sync: 8738 heap: 120 / 125 FD: 1013 [2025-09-12 17:27:42.283]
09-12 17:27:42.486 D/SemNativeCarrierFeature_vendor(28990): getInstance
09-12 17:27:42.510 D/SemNativeCarrierFeature_vendor(28990): getInstance
09-12 17:27:42.513 D/SemNativeCarrierFeature_vendor(28990): getInstance
09-12 17:27:42.515 D/SemNativeCarrierFeature_vendor(28990): getInstance
09-12 17:27:42.519 D/SemNativeCarrierFeature_vendor(28990): getInstance
09-12 17:27:42.521 D/SemWifiUsabilityStatsMonitor(  772): onWifiUsabilityStats - seqNum 35887, isSameBssidAndFreq true
09-12 17:27:42.523 D/NetworkController.WifiSignalController( 1328): notifyListener: visible=true, connected=true, inetCondition=1, isDefault=true, wifiTestReported=true, receivedInetCondition=-1, hideDuringMobileSwitching=false
09-12 17:27:42.523 I/SemWifiLinkQualityMonitor(  772): Link Qos Query: 0.156 ms / 51.429 Mbps (72 / 0.000 / 1.400)
09-12 17:27:42.525 D/Tile.WifiTile( 1328): handleUpdateState isTransient=false transientEnabling =false cb.isTransient=false state.state = 2 mStateBeforeClick.value =false enabled =true
09-12 17:27:42.917 D/io_stats(  398): !@ 179,24 r 13027 564923 w 296 757 d 0 0 f 0 0 iot 32240 0 th 0 0 0 pt 0 inp 0 0 262249.700
09-12 17:27:43.921 I/SDHMS:h ( 2891): Periodic event 'saveLog' will starts soon.
09-12 17:27:43.921 I/SDHMS:m ( 2891): Polling event syncDatabaseLocked will starts.
09-12 17:27:43.925 I/SDHMS:m ( 2891): Polling event syncDatabaseLocked finished.
09-12 17:27:43.926 I/SDHMS:m ( 2891): Polling event checkDatabaseLocked will starts.
09-12 17:27:43.938 I/SDHMS:m ( 2891): Polling event checkDatabaseLocked finished.
09-12 17:27:43.938 I/SDHMS:m ( 2891): Polling event checkDatabaseOverflow will starts.
09-12 17:27:43.939 I/SDHMS:m ( 2891): Polling event checkDatabaseOverflow finished.
09-12 17:27:44.098 D/SecPowerUI.Notification( 1328): showChargingNotice oldChargingType : 11 / currentChargingType : 11, oldChargingTime : 15939000 / mChargingTime : 15939000
09-12 17:27:44.098 D/SecPowerUI.Notification( 1328): There is no change about charging status, so return!
09-12 17:27:44.406 D/SemNativeCarrierFeature_vendor(28990): getInstance
09-12 17:27:44.428 D/SemNativeCarrierFeature_vendor(28990): getInstance
09-12 17:27:44.431 D/SemNativeCarrierFeature_vendor(28990): getInstance
09-12 17:27:44.434 D/SemNativeCarrierFeature_vendor(28990): getInstance
09-12 17:27:44.438 D/SemNativeCarrierFeature_vendor(28990): getInstance
09-12 17:27:44.584 I/wpa_supplicant(20013): Heartbeat 8675
09-12 17:27:44.918 D/io_stats(  398): !@ 179,0 r 35225604 523693083 w 7646485 78542244 d 2664729 61103588 f 0 0 iot 14388884 0 th 0 0 0 pt 0 inp 0 0 262251.702
09-12 17:27:45.539 D/SemWifiUsabilityStatsMonitor(  772): onWifiUsabilityStats - seqNum 35888, isSameBssidAndFreq true
09-12 17:27:45.542 I/SemWifiLinkQualityMonitor(  772): Link Qos Query: 0.111 ms / 72.000 Mbps (72 / 0.000 / 1.000)
09-12 17:27:45.949 D/WifiConnectivityMonitor.NetworkStatsAnalyzer(  772): Backhaul result - RSSI:-47, CE:4, PE:4, TI:6, PTI:6, TW:0, PTW:0, Tx:5, Rx:5, TxS:2, RxS:2, RESULT:true, IC:0, ICT:5, WC:0, WCT:5, R:0, RC:0, IE:0, EC:0
09-12 17:27:46.326 D/SemNativeCarrierFeature_vendor(28990): getInstance
09-12 17:27:46.348 D/SemNativeCarrierFeature_vendor(28990): getInstance
09-12 17:27:46.350 D/SemNativeCarrierFeature_vendor(28990): getInstance
09-12 17:27:46.353 D/SemNativeCarrierFeature_vendor(28990): getInstance
09-12 17:27:46.357 D/SemNativeCarrierFeature_vendor(28990): getInstance
09-12 17:27:48.246 D/SemNativeCarrierFeature_vendor(28990): getInstance
09-12 17:27:48.254 D/MobileStatusTracker(1/1)( 1328): onSignalStrengthsChanged level=4, vendorLevel=3
09-12 17:27:48.258 D/MobileSignalController(1/1)( 1328): notifyListener: enabled=true, connected=true, dataConnected=true, networkType=LTE (4G), emergencyOnly=false, roaming=false, isDefault=false, dataActivity=, level=3, ca=false, mmWave=false, disabledDataIcon=false, simCard=ETC
09-12 17:27:48.258 D/NetworkController( 1328): SignalStrength from intent slotId=1
09-12 17:27:48.270 D/SemNativeCarrierFeature_vendor(28990): getInstance
09-12 17:27:48.273 D/SemNativeCarrierFeature_vendor(28990): getInstance
09-12 17:27:48.276 D/SemNativeCarrierFeature_vendor(28990): getInstance
09-12 17:27:48.280 D/SemNativeCarrierFeature_vendor(28990): getInstance
09-12 17:27:48.294 I/SDHMS:D ( 2891): SIOP:: AP:315 BAT:302 USB:0 CHG:327 PA:313 BLK:0 SUBBAT:0 SKIN:283 SKINF:270 SKINB:283 LRP:283 LRF:270 LRB:283 
09-12 17:27:48.561 D/SemWifiUsabilityStatsMonitor(  772): onWifiUsabilityStats - seqNum 35889, isSameBssidAndFreq true
09-12 17:27:48.564 D/NetworkController.WifiSignalController( 1328): notifyListener: visible=true, connected=true, inetCondition=1, isDefault=true, wifiTestReported=true, receivedInetCondition=-1, hideDuringMobileSwitching=false
09-12 17:27:48.564 I/SemWifiLinkQualityMonitor(  772): Link Qos Query: 0.111 ms / 72.000 Mbps (72 / 0.000 / 1.000)
09-12 17:27:48.567 D/Tile.WifiTile( 1328): handleUpdateState isTransient=false transientEnabling =false cb.isTransient=false state.state = 2 mStateBeforeClick.value =false enabled =true
09-12 17:27:49.153 E/sehhealth-service(  614): Could not open /sys/class/power_supply/battery/lrp
09-12 17:27:49.153 D/BatteryService(  772): Sending ACTION_BATTERY_CHANGED: level:54, status:2, health:2, ac:false, usb:true, wireless:false, pogo:false, misc:0x10000, charge_type:1, charger_type:0, voltage:3902, temperature:304, online:4, current_avg:313, ps:false, hvc:false, capacity:280000, current_event:0x0, current_now:326, mcc:0, mcv:0, cc:2705000, present:true, scale:100, technology:Li-ion
09-12 17:27:49.155 D/PhoneWindowManagerExt(  772): ACTION_BATTERY_CHANGED - Level=54, status=2
09-12 17:27:49.156 I/DeviceBatteryInfoService(  772): action: android.intent.action.BATTERY_CHANGED
09-12 17:27:49.156 I/DeviceBatteryInfoService(  772): phone battery level: 54
09-12 17:27:49.156 I/DeviceBatteryInfoService(  772): phone battery status: 2
09-12 17:27:49.157 D/MotionRecognitionService(  772): [SAR]  onReceive : ACTION_BATTERY_CHANGED, Plugged: 2
09-12 17:27:49.157 D/SemWifiApBroadcastReceiver(  772): Received : android.intent.action.BATTERY_CHANGED
09-12 17:27:49.157 D/SemBigDataInfoController( 1301): Intent: android.intent.action.BATTERY_CHANGED
09-12 17:27:49.158 D/SemBigDataInfoController( 1301): Intent: android.intent.action.BATTERY_CHANGED
09-12 17:27:49.159 D/SamsungBatteryMeterDrawable( 1328): onBatteryLevelChanged isSomethingChanged: false
09-12 17:27:49.159 D/SamsungBatteryMeterDrawable( 1328): onBatteryLevelChanged isSomethingChanged: false
09-12 17:27:49.160 D/SamsungBatteryMeterDrawable( 1328): onBatteryLevelChanged isSomethingChanged: false
09-12 17:27:49.160 D/SamsungBatteryMeterDrawable( 1328): onBatteryLevelChanged isSomethingChanged: false
09-12 17:27:49.160 I/PowerUI ( 1328): mBootCompleted = true |  mFullyConnected = true
09-12 17:27:49.160 I/PowerUI ( 1328): BATTERY_HEALTH_CHECK extraHealth=2 mBatteryMiscEvent=65536
09-12 17:27:49.161 W/PowerUI ( 1328): Plug reason
09-12 17:27:49.161 W/PowerUI ( 1328): Skip charging animation - by plug status
09-12 17:27:49.161 D/PowerUI ( 1328): priorPlugType = 2 mPlugType = 2 priorBatteryStatus = 2 mBatteryStatus = 2
09-12 17:27:49.161 W/PowerUI ( 1328): Plug reason
09-12 17:27:49.161 W/PowerUI ( 1328): Skip charging sound - by plug status
09-12 17:27:49.161 I/PowerUI ( 1328): oldMisalign : false, curMisalign : false
09-12 17:27:49.161 D/SecPowerUI.Notification( 1328): dismissing low battery warning: level=54
09-12 17:27:49.161 D/SecPowerUI.Notification( 1328): updateNotification mWarning=false mPlaySound=false
09-12 17:27:49.161 D/SecPowerUI.Notification( 1328): SecBatteryStatsSnapshot{batteryLevel=54, currentBatteryMode=1, chargingTime=15939000, chargingType=11, batteryHealth=2, automaticTestMode=false, isHiccupState=false}
09-12 17:27:49.162 D/SecPowerUI.Notification( 1328): 1. restoreScreenTimeOut - saved_value : :
09-12 17:27:49.162 E/SecPowerUI.Notification( 1328): no saved value, so we do nothing !!
09-12 17:27:49.162 D/SecPowerUI.Notification( 1328): showChargingNotice oldChargingType : 11 / currentChargingType : 11, oldChargingTime : 15939000 / mChargingTime : 15939000
09-12 17:27:49.162 D/SecPowerUI.Notification( 1328): There is no change about charging status, so return!
09-12 17:27:49.162 D/PowerUI ( 1328): Battery swelling mode - priorBatterySwellingMode = 0 mBatterySwellingMode = 0 mBatteryStatus = 2
09-12 17:27:49.162 I/PowerUI ( 1328): mBatteryMiscEvent = 65536
09-12 17:27:49.162 D/KeyguardUpdateMonitor( 1328): received broadcast android.intent.action.BATTERY_CHANGED
09-12 17:27:49.163 I/AODBatteryManager( 1328): updateBatteryData: ACTION_BATTERY_CHANGED
09-12 17:27:49.164 I/AODBatteryManager( 1328): saveBatteryData : AOD BatteryData [mBatteryLevel=54, mBatteryStatus=CHARGING, mBatteryPlugType=USB, mBatteryPlugged=true, mRemainingChargeTime=15939000, mBatteryChargingType=1, mBatteryChargerType=NORMAL, mBatteryOnline=USB, mBatterySwellingMode=NONE, mBatteryProtectMode=false]
09-12 17:27:49.164 D/KeyguardUpdateMonitor( 1328): handleBatteryUpdate
09-12 17:27:50.166 D/SemNativeCarrierFeature_vendor(28990): getInstance
09-12 17:27:50.188 D/SemNativeCarrierFeature_vendor(28990): getInstance
09-12 17:27:50.190 D/SemNativeCarrierFeature_vendor(28990): getInstance
09-12 17:27:50.194 D/SemNativeCarrierFeature_vendor(28990): getInstance
09-12 17:27:50.198 D/SemNativeCarrierFeature_vendor(28990): getInstance
09-12 17:27:50.921 D/io_stats(  398): !@ 179,0 r 35225604 523693083 w 7646496 78542480 d 2664729 61103588 f 0 0 iot 14388908 0 th 0 0 0 pt 0 inp 0 0 262257.705
09-12 17:27:51.583 D/SemWifiUsabilityStatsMonitor(  772): onWifiUsabilityStats - seqNum 35890, isSameBssidAndFreq true
09-12 17:27:51.586 I/SemWifiLinkQualityMonitor(  772): Link Qos Query: 0.111 ms / 72.000 Mbps (72 / 0.000 / 1.000)
09-12 17:27:52.086 D/SemNativeCarrierFeature_vendor(28990): getInstance
09-12 17:27:52.110 D/SemNativeCarrierFeature_vendor(28990): getInstance
09-12 17:27:52.113 D/SemNativeCarrierFeature_vendor(28990): getInstance
09-12 17:27:52.115 D/SemNativeCarrierFeature_vendor(28990): getInstance
09-12 17:27:52.119 D/SemNativeCarrierFeature_vendor(28990): getInstance
09-12 17:27:52.923 D/io_stats(  398): !@ 179,24 r 13027 564923 w 296 757 d 0 0 f 0 0 iot 32240 0 th 0 0 0 pt 0 inp 0 0 262259.707
09-12 17:27:54.006 D/SemNativeCarrierFeature_vendor(28990): getInstance
09-12 17:27:54.030 D/SemNativeCarrierFeature_vendor(28990): getInstance
09-12 17:27:54.033 D/SemNativeCarrierFeature_vendor(28990): getInstance
09-12 17:27:54.035 D/SemNativeCarrierFeature_vendor(28990): getInstance
09-12 17:27:54.040 D/SemNativeCarrierFeature_vendor(28990): getInstance
09-12 17:27:54.166 D/SecPowerUI.Notification( 1328): showChargingNotice oldChargingType : 11 / currentChargingType : 11, oldChargingTime : 15939000 / mChargingTime : 15939000
09-12 17:27:54.166 D/SecPowerUI.Notification( 1328): There is no change about charging status, so return!
09-12 17:27:54.592 I/wpa_supplicant(20013): Heartbeat 8676
09-12 17:27:54.606 D/SemWifiUsabilityStatsMonitor(  772): onWifiUsabilityStats - seqNum 35891, isSameBssidAndFreq true
09-12 17:27:54.609 I/SemWifiLinkQualityMonitor(  772): Link Qos Query: 0.111 ms / 72.000 Mbps (72 / 0.000 / 1.000)
09-12 17:27:54.737 E/audit   (  570): type=1400 audit(1757687274.733:97052): avc:  denied  { write } for  pid=27032 comm="ThreadPoolForeg" name="traced_producer" dev="tmpfs" ino=17513 scontext=u:r:gmscore_app:s0:c512,c768 tcontext=u:object_r:traced_producer_socket:s0 tclass=sock_file permissive=0 SEPF_SM-A127F_13_0001 audit_filtered
09-12 17:27:54.737 E/audit   (  570): type=1300 audit(1757687274.733:97052): arch=c00000b7 syscall=203 success=no exit=-13 a0=56 a1=b400006fdc6bafc0 a2=1e a3=ffffffff973fd28a items=1 ppid=586 pid=27032 auid=4294967295 uid=10194 gid=10194 euid=10194 suid=10194 fsuid=10194 egid=10194 sgid=10194 fsgid=10194 tty=(none) ses=4294967295 comm="ThreadPoolForeg" exe="/system/bin/app_process64" subj=u:r:gmscore_app:s0:c512,c768 key=(null)
09-12 17:27:54.738 E/audit   (  570): type=1306 audit(1757687274.733:97052): saddr=01002F6465762F736F636B65742F7472616365645F70726F647563657200
09-12 17:27:54.738 E/audit   (  570): type=1302 audit(1757687274.733:97052): item=0 name="/dev/socket/traced_producer" inode=17513 dev=00:10 mode=0140666 ouid=0 ogid=0 rdev=00:00 obj=u:object_r:traced_producer_socket:s0 nametype=NORMAL cap_fp=0000000000000000 cap_fi=0000000000000000 cap_fe=0 cap_fver=0
09-12 17:27:54.738 E/audit   (  570): type=1327 audit(1757687274.733:97052): proctitle="com.google.android.gms.persistent"
09-12 17:27:55.926 D/SemNativeCarrierFeature_vendor(28990): getInstance
09-12 17:27:55.947 D/SemNativeCarrierFeature_vendor(28990): getInstance
09-12 17:27:55.951 D/SemNativeCarrierFeature_vendor(28990): getInstance
09-12 17:27:55.954 D/SemNativeCarrierFeature_vendor(28990): getInstance
09-12 17:27:55.957 D/WifiConnectivityMonitor.NetworkStatsAnalyzer(  772): Backhaul result - RSSI:-51, CE:4, PE:4, TI:6, PTI:6, TW:0, PTW:0, Tx:0, Rx:0, TxS:0, RxS:0, RESULT:true, IC:0, ICT:5, WC:0, WCT:5, R:0, RC:0, IE:0, EC:0
09-12 17:27:55.958 D/SemNativeCarrierFeature_vendor(28990): getInstance
09-12 17:27:57.627 D/SemWifiUsabilityStatsMonitor(  772): onWifiUsabilityStats - seqNum 35892, isSameBssidAndFreq true
09-12 17:27:57.630 I/SemWifiLinkQualityMonitor(  772): Link Qos Query: 0.111 ms / 72.000 Mbps (72 / 0.000 / 1.000)
09-12 17:27:57.846 D/SemNativeCarrierFeature_vendor(28990): getInstance
09-12 17:27:57.870 D/SemNativeCarrierFeature_vendor(28990): getInstance
09-12 17:27:57.873 D/SemNativeCarrierFeature_vendor(28990): getInstance
09-12 17:27:57.876 D/SemNativeCarrierFeature_vendor(28990): getInstance
09-12 17:27:57.880 D/SemNativeCarrierFeature_vendor(28990): getInstance
09-12 17:27:59.199 E/sehhealth-service(  614): Could not open /sys/class/power_supply/battery/lrp
09-12 17:27:59.199 D/BatteryService(  772): Sending ACTION_BATTERY_CHANGED: level:54, status:2, health:2, ac:false, usb:true, wireless:false, pogo:false, misc:0x10000, charge_type:1, charger_type:0, voltage:3904, temperature:304, online:4, current_avg:294, ps:false, hvc:false, capacity:280000, current_event:0x0, current_now:271, mcc:0, mcv:0, cc:2705000, present:true, scale:100, technology:Li-ion
09-12 17:27:59.202 D/MotionRecognitionService(  772): [SAR]  onReceive : ACTION_BATTERY_CHANGED, Plugged: 2
09-12 17:27:59.203 I/DeviceBatteryInfoService(  772): action: android.intent.action.BATTERY_CHANGED
09-12 17:27:59.203 I/DeviceBatteryInfoService(  772): phone battery level: 54
09-12 17:27:59.203 I/DeviceBatteryInfoService(  772): phone battery status: 2
09-12 17:27:59.204 D/SemBigDataInfoController( 1301): Intent: android.intent.action.BATTERY_CHANGED
09-12 17:27:59.204 D/SemBigDataInfoController( 1301): Intent: android.intent.action.BATTERY_CHANGED
09-12 17:27:59.205 D/SamsungBatteryMeterDrawable( 1328): onBatteryLevelChanged isSomethingChanged: false
09-12 17:27:59.205 D/SamsungBatteryMeterDrawable( 1328): onBatteryLevelChanged isSomethingChanged: false
09-12 17:27:59.205 D/SamsungBatteryMeterDrawable( 1328): onBatteryLevelChanged isSomethingChanged: false
09-12 17:27:59.205 D/PhoneWindowManagerExt(  772): ACTION_BATTERY_CHANGED - Level=54, status=2
09-12 17:27:59.206 D/SamsungBatteryMeterDrawable( 1328): onBatteryLevelChanged isSomethingChanged: false
09-12 17:27:59.206 I/PowerUI ( 1328): mBootCompleted = true |  mFullyConnected = true
09-12 17:27:59.206 I/PowerUI ( 1328): BATTERY_HEALTH_CHECK extraHealth=2 mBatteryMiscEvent=65536
09-12 17:27:59.206 D/SemWifiApBroadcastReceiver(  772): Received : android.intent.action.BATTERY_CHANGED
09-12 17:27:59.206 W/PowerUI ( 1328): Plug reason
09-12 17:27:59.206 W/PowerUI ( 1328): Skip charging animation - by plug status
09-12 17:27:59.206 D/PowerUI ( 1328): priorPlugType = 2 mPlugType = 2 priorBatteryStatus = 2 mBatteryStatus = 2
09-12 17:27:59.206 W/PowerUI ( 1328): Plug reason
09-12 17:27:59.206 W/PowerUI ( 1328): Skip charging sound - by plug status
09-12 17:27:59.206 I/PowerUI ( 1328): oldMisalign : false, curMisalign : false
09-12 17:27:59.207 D/SecPowerUI.Notification( 1328): dismissing low battery warning: level=54
09-12 17:27:59.207 D/SecPowerUI.Notification( 1328): updateNotification mWarning=false mPlaySound=false
09-12 17:27:59.207 D/SecPowerUI.Notification( 1328): SecBatteryStatsSnapshot{batteryLevel=54, currentBatteryMode=1, chargingTime=15939000, chargingType=11, batteryHealth=2, automaticTestMode=false, isHiccupState=false}
09-12 17:27:59.208 D/SecPowerUI.Notification( 1328): showChargingNotice oldChargingType : 11 / currentChargingType : 11, oldChargingTime : 15939000 / mChargingTime : 15939000
09-12 17:27:59.208 D/SecPowerUI.Notification( 1328): There is no change about charging status, so return!
09-12 17:27:59.208 D/PowerUI ( 1328): Battery swelling mode - priorBatterySwellingMode = 0 mBatterySwellingMode = 0 mBatteryStatus = 2
09-12 17:27:59.208 I/PowerUI ( 1328): mBatteryMiscEvent = 65536
09-12 17:27:59.208 D/SecPowerUI.Notification( 1328): 1. restoreScreenTimeOut - saved_value : :
09-12 17:27:59.208 E/SecPowerUI.Notification( 1328): no saved value, so we do nothing !!
09-12 17:27:59.208 D/KeyguardUpdateMonitor( 1328): received broadcast android.intent.action.BATTERY_CHANGED
09-12 17:27:59.208 I/AODBatteryManager( 1328): updateBatteryData: ACTION_BATTERY_CHANGED
09-12 17:27:59.210 I/AODBatteryManager( 1328): saveBatteryData : AOD BatteryData [mBatteryLevel=54, mBatteryStatus=CHARGING, mBatteryPlugType=USB, mBatteryPlugged=true, mRemainingChargeTime=15939000, mBatteryChargingType=1, mBatteryChargerType=NORMAL, mBatteryOnline=USB, mBatterySwellingMode=NONE, mBatteryProtectMode=false]
09-12 17:27:59.210 D/KeyguardUpdateMonitor( 1328): handleBatteryUpdate
09-12 17:27:59.766 D/SemNativeCarrierFeature_vendor(28990): getInstance
09-12 17:27:59.787 D/SemNativeCarrierFeature_vendor(28990): getInstance
09-12 17:27:59.789 D/SemNativeCarrierFeature_vendor(28990): getInstance
09-12 17:27:59.792 D/SemNativeCarrierFeature_vendor(28990): getInstance
09-12 17:27:59.797 D/SemNativeCarrierFeature_vendor(28990): getInstance
09-12 17:28:00.005 D/KeyguardUpdateMonitor( 1328): received broadcast android.intent.action.TIME_TICK
09-12 17:28:00.005 D/QSClockBellTower( 1328): onReceive(android.intent.action.TIME_TICK) mTimeZoneString:null
09-12 17:28:00.006 D/KeyguardUpdateMonitor( 1328): handleTimeUpdate
09-12 17:28:00.007 D/FaceWidgetPagesController( 1328): onTimeChanged()
09-12 17:28:00.010 D/QSClockBellTower( 1328): He is ready to ring the bell. (((QSClockBellSound - TimeText:17:28, TimeContentDescription:17:28, DateText:Fri, September 12, ShortDateText:Fri, Sep 12, Demo:false, QuickStar-Second(false|12:34:56))))
09-12 17:28:00.012 D/QSClockIndicatorView( 1328): Home Indicator status_bar_clock 17:28 notifyTimeChanged(QSClockBellSound - TimeText:17:28, TimeContentDescription:17:28, DateText:Fri, September 12, ShortDateText:Fri, Sep 12, Demo:false, QuickStar-Second(false|12:34:56)) ClockVisibleByPolicy:true, ClockVisibleByUser:true, visible?true, parent:android.widget.LinearLayout{4424d37 V.E...... ......ID 0,0-66,37 #7f0b04f0 app:id/left_clock_container}
09-12 17:28:00.012 D/QSClockBellTower( 1328): Everyone heard the bell. run(currentTime:1757687280007,   getTime():Fri Sep 12 17:28:00 GMT+03:00 2025,   getTimeZone():libcore.util.ZoneInfo[mDstSavings=3600000,mUseDst=true,mDelegate=[id="Europe/Bucharest",mRawOffset=7200000,mEarliestRawOffset=6264000,transitions=136]])
09-12 17:28:00.155 I/FaceWidgetPositionAlgorithm( 1328): getClockContainerHeight() supplier = 193, bottom margin = 0, real height = 238
09-12 17:28:00.155 I/FaceWidgetPositionAlgorithm( 1328): getClockContainerHeight() supplier = 193, bottom margin = 45, real height = 238
09-12 17:28:00.155 I/FaceWidgetPositionAlgorithm( 1328): getMediaContainerHeight() height = 0 container Visibility = 8, isValid = false, mIsDozing = false, fraction = 1.0, source = 0, target = 0
09-12 17:28:00.155 I/FaceWidgetPositionAlgorithm( 1328): getMediaContainerHeight() supplier = 0
09-12 17:28:00.156 V/QsExpandAnimator( 1328): setQsExpansionPosition 0.0
09-12 17:28:00.164 V/QsExpandAnimator( 1328): updateAnimators
09-12 17:28:00.164 V/QsExpandAnimator( 1328): clearAnimationState 
09-12 17:28:00.164 V/QsExpandAnimator( 1328): updateViews
09-12 17:28:00.165 V/QsExpandAnimator( 1328): updateTileAnimator
09-12 17:28:00.166 V/QsExpandAnimator( 1328): updateHeaderAnimator
09-12 17:28:00.167 V/QsExpandAnimator( 1328): updateBarAnimator
09-12 17:28:00.167 V/QsExpandAnimator( 1328): setQsExpansionPosition 0.0
09-12 17:28:00.167 V/QsExpandAnimator( 1328): onAnimationAtStart
09-12 17:28:00.646 D/SemWifiUsabilityStatsMonitor(  772): onWifiUsabilityStats - seqNum 35893, isSameBssidAndFreq true
09-12 17:28:00.649 I/SemWifiLinkQualityMonitor(  772): Link Qos Query: 0.111 ms / 72.000 Mbps (72 / 0.000 / 1.000)
09-12 17:28:00.928 D/io_stats(  398): !@ 179,0 r 35225604 523693083 w 7646499 78542496 d 2664729 61103588 f 0 0 iot 14388908 0 th 0 0 0 pt 0 inp 0 0 262267.711
09-12 17:28:01.686 D/SemNativeCarrierFeature_vendor(28990): getInstance
09-12 17:28:01.709 D/SemNativeCarrierFeature_vendor(28990): getInstance
09-12 17:28:01.712 D/SemNativeCarrierFeature_vendor(28990): getInstance
09-12 17:28:01.714 D/SemNativeCarrierFeature_vendor(28990): getInstance
09-12 17:28:01.718 D/SemNativeCarrierFeature_vendor(28990): getInstance
09-12 17:28:02.929 D/io_stats(  398): !@ 179,24 r 13027 564923 w 296 757 d 0 0 f 0 0 iot 32240 0 th 0 0 0 pt 0 inp 0 0 262269.713
09-12 17:28:03.606 D/SemNativeCarrierFeature_vendor(28990): getInstance
09-12 17:28:03.626 D/SemNativeCarrierFeature_vendor(28990): getInstance
09-12 17:28:03.628 D/SemNativeCarrierFeature_vendor(28990): getInstance
09-12 17:28:03.631 D/SemNativeCarrierFeature_vendor(28990): getInstance
09-12 17:28:03.634 D/SemNativeCarrierFeature_vendor(28990): getInstance
09-12 17:28:03.660 D/SemWifiUsabilityStatsMonitor(  772): onWifiUsabilityStats - seqNum 35894, isSameBssidAndFreq true
09-12 17:28:03.661 I/SemWifiLinkQualityMonitor(  772): Link Qos Query: 0.111 ms / 72.000 Mbps (72 / 0.000 / 1.000)
09-12 17:28:04.214 D/SecPowerUI.Notification( 1328): showChargingNotice oldChargingType : 11 / currentChargingType : 11, oldChargingTime : 15939000 / mChargingTime : 15939000
09-12 17:28:04.214 D/SecPowerUI.Notification( 1328): There is no change about charging status, so return!
09-12 17:28:04.602 I/wpa_supplicant(20013): Heartbeat 8677
09-12 17:28:05.032 E/audit   (  570): type=1400 audit(1757687285.029:97053): avc:  denied  { write } for  pid=25984 comm="ThreadPoolForeg" name="traced_producer" dev="tmpfs" ino=17513 scontext=u:r:gmscore_app:s0:c512,c768 tcontext=u:object_r:traced_producer_socket:s0 tclass=sock_file permissive=0 SEPF_SM-A127F_13_0001 audit_filtered
09-12 17:28:05.032 E/audit   (  570): type=1300 audit(1757687285.029:97053): arch=c00000b7 syscall=203 success=no exit=-13 a0=60 a1=b400006fd3711f80 a2=1e a3=ffffffff973fd28a items=1 ppid=586 pid=25984 auid=4294967295 uid=10194 gid=10194 euid=10194 suid=10194 fsuid=10194 egid=10194 sgid=10194 fsgid=10194 tty=(none) ses=4294967295 comm="ThreadPoolForeg" exe="/system/bin/app_process64" subj=u:r:gmscore_app:s0:c512,c768 key=(null)
09-12 17:28:05.032 E/audit   (  570): type=1306 audit(1757687285.029:97053): saddr=01002F6465762F736F636B65742F7472616365645F70726F647563657200
09-12 17:28:05.032 E/audit   (  570): type=1302 audit(1757687285.029:97053): item=0 name="/dev/socket/traced_producer" inode=17513 dev=00:10 mode=0140666 ouid=0 ogid=0 rdev=00:00 obj=u:object_r:traced_producer_socket:s0 nametype=NORMAL cap_fp=0000000000000000 cap_fi=0000000000000000 cap_fe=0 cap_fver=0
09-12 17:28:05.032 E/audit   (  570): type=1327 audit(1757687285.029:97053): proctitle="com.google.android.gms"
09-12 17:28:05.526 D/SemNativeCarrierFeature_vendor(28990): getInstance
09-12 17:28:05.548 D/SemNativeCarrierFeature_vendor(28990): getInstance
09-12 17:28:05.551 D/SemNativeCarrierFeature_vendor(28990): getInstance
09-12 17:28:05.554 D/SemNativeCarrierFeature_vendor(28990): getInstance
09-12 17:28:05.558 D/SemNativeCarrierFeature_vendor(28990): getInstance
09-12 17:28:05.963 D/WifiConnectivityMonitor.NetworkStatsAnalyzer(  772): Backhaul result - RSSI:-52, CE:4, PE:4, TI:6, PTI:6, TW:0, PTW:0, Tx:0, Rx:0, TxS:0, RxS:0, RESULT:true, IC:0, ICT:5, WC:0, WCT:5, R:0, RC:0, IE:0, EC:0
09-12 17:28:06.682 D/SemWifiUsabilityStatsMonitor(  772): onWifiUsabilityStats - seqNum 35895, isSameBssidAndFreq true
09-12 17:28:06.683 I/SemWifiLinkQualityMonitor(  772): Link Qos Query: 0.111 ms / 72.000 Mbps (72 / 0.000 / 1.000)
09-12 17:28:07.446 D/SemNativeCarrierFeature_vendor(28990): getInstance
09-12 17:28:07.469 D/SemNativeCarrierFeature_vendor(28990): getInstance
09-12 17:28:07.472 D/SemNativeCarrierFeature_vendor(28990): getInstance
09-12 17:28:07.475 D/SemNativeCarrierFeature_vendor(28990): getInstance
09-12 17:28:07.479 D/SemNativeCarrierFeature_vendor(28990): getInstance
09-12 17:28:08.732 D/MobileStatusTracker(1/1)( 1328): onSignalStrengthsChanged level=3, vendorLevel=3
09-12 17:28:08.736 D/MobileSignalController(1/1)( 1328): notifyListener: enabled=true, connected=true, dataConnected=true, networkType=LTE (4G), emergencyOnly=false, roaming=false, isDefault=false, dataActivity=, level=3, ca=false, mmWave=false, disabledDataIcon=false, simCard=ETC
09-12 17:28:08.736 D/NetworkController( 1328): SignalStrength from intent slotId=1
09-12 17:28:09.235 E/sehhealth-service(  614): Could not open /sys/class/power_supply/battery/lrp
09-12 17:28:09.235 D/BatteryService(  772): Sending ACTION_BATTERY_CHANGED: level:54, status:2, health:2, ac:false, usb:true, wireless:false, pogo:false, misc:0x10000, charge_type:1, charger_type:0, voltage:3904, temperature:305, online:4, current_avg:319, ps:false, hvc:false, capacity:280000, current_event:0x0, current_now:329, mcc:0, mcv:0, cc:2705000, present:true, scale:100, technology:Li-ion
09-12 17:28:09.238 D/MotionRecognitionService(  772): [SAR]  onReceive : ACTION_BATTERY_CHANGED, Plugged: 2
09-12 17:28:09.238 D/PhoneWindowManagerExt(  772): ACTION_BATTERY_CHANGED - Level=54, status=2
09-12 17:28:09.239 I/DeviceBatteryInfoService(  772): action: android.intent.action.BATTERY_CHANGED
09-12 17:28:09.239 I/DeviceBatteryInfoService(  772): phone battery level: 54
09-12 17:28:09.239 I/DeviceBatteryInfoService(  772): phone battery status: 2
09-12 17:28:09.241 D/SemBigDataInfoController( 1301): Intent: android.intent.action.BATTERY_CHANGED
09-12 17:28:09.241 D/SemBigDataInfoController( 1301): Intent: android.intent.action.BATTERY_CHANGED
09-12 17:28:09.242 D/SamsungBatteryMeterDrawable( 1328): onBatteryLevelChanged isSomethingChanged: false
09-12 17:28:09.243 D/SamsungBatteryMeterDrawable( 1328): onBatteryLevelChanged isSomethingChanged: false
09-12 17:28:09.243 D/SamsungBatteryMeterDrawable( 1328): onBatteryLevelChanged isSomethingChanged: false
09-12 17:28:09.244 D/SamsungBatteryMeterDrawable( 1328): onBatteryLevelChanged isSomethingChanged: false
09-12 17:28:09.244 I/PowerUI ( 1328): mBootCompleted = true |  mFullyConnected = true
09-12 17:28:09.244 I/PowerUI ( 1328): BATTERY_HEALTH_CHECK extraHealth=2 mBatteryMiscEvent=65536
09-12 17:28:09.245 W/PowerUI ( 1328): Plug reason
09-12 17:28:09.245 W/PowerUI ( 1328): Skip charging animation - by plug status
09-12 17:28:09.245 D/PowerUI ( 1328): priorPlugType = 2 mPlugType = 2 priorBatteryStatus = 2 mBatteryStatus = 2
09-12 17:28:09.245 D/SecPowerUI.Notification( 1328): dismissing low battery warning: level=54
09-12 17:28:09.245 D/SecPowerUI.Notification( 1328): updateNotification mWarning=false mPlaySound=false
09-12 17:28:09.245 D/SecPowerUI.Notification( 1328): SecBatteryStatsSnapshot{batteryLevel=54, currentBatteryMode=1, chargingTime=15939000, chargingType=11, batteryHealth=2, automaticTestMode=false, isHiccupState=false}
09-12 17:28:09.246 D/SecPowerUI.Notification( 1328): 1. restoreScreenTimeOut - saved_value : :
09-12 17:28:09.246 D/SemWifiApBroadcastReceiver(  772): Received : android.intent.action.BATTERY_CHANGED
09-12 17:28:09.246 E/SecPowerUI.Notification( 1328): no saved value, so we do nothing !!
09-12 17:28:09.246 W/PowerUI ( 1328): Plug reason
09-12 17:28:09.246 W/PowerUI ( 1328): Skip charging sound - by plug status
09-12 17:28:09.246 I/PowerUI ( 1328): oldMisalign : false, curMisalign : false
09-12 17:28:09.249 D/SecPowerUI.Notification( 1328): showChargingNotice oldChargingType : 11 / currentChargingType : 11, oldChargingTime : 15939000 / mChargingTime : 15939000
