09-12 17:30:21.812 I/BaseActivity( 1671): removeActivityFlags, flags : 6
09-12 17:30:21.812 I/DragController( 1671): endDrag
09-12 17:30:21.812 W/LauncherAppWidgetHost( 1671): setShouldListenFlag, mFlags:7 flag:resume on:false isFront:false
09-12 17:30:21.813 I/SPayUpdater( 1671): updateSpayHandler launcher activity is paused false
09-12 17:30:21.813 D/MARsPolicyManager(  772): onPackageResumedFG pkgName = com.furfrienddiary.app, userId = 0
09-12 17:30:21.815 W/WindowManager(  772): Prepare app transition: mNextAppTransitionRequests=[TRANSIT_OPEN, TRANSIT_OPEN], mNextAppTransitionFlags=, displayId: 0 Callers=com.android.server.wm.DisplayContent.prepareAppTransition:6493 com.android.server.wm.TaskFragment.resumeTopActivity:1573 com.android.server.wm.TaskFragment.resumeTopActivity:1307 com.android.server.wm.Task.resumeTopActivityInnerLocked:6451 com.android.server.wm.Task.resumeTopActivityUncheckedLocked:6352 
09-12 17:30:21.816 D/SGM:FgCheckThread(  772): notePauseComponent(), received pkgName: com.sec.android.app.launcher, userId: 0
09-12 17:30:21.816 I/CocktailBarManagerServiceContainer(  772): handleMessage: entry what = 6
09-12 17:30:21.816 I/CocktailBarManagerServiceImpl(  772): notePauseComponent : no active host
09-12 17:30:21.816 I/ViewRootImpl@a60420c[app]( 1328): performTraversals params={(0,0)(fillxfill) sim={adjust=pan} ty=APPLICATION_STARTING fmt=TRANSLUCENT wanim=0x1030001
09-12 17:30:21.816 I/ViewRootImpl@a60420c[app]( 1328):   fl=81030118
09-12 17:30:21.816 I/ViewRootImpl@a60420c[app]( 1328):   pfl=16000010
09-12 17:30:21.816 I/ViewRootImpl@a60420c[app]( 1328):   bhv=DEFAULT
09-12 17:30:21.816 I/ViewRootImpl@a60420c[app]( 1328):   fitSides= naviIconColor=0}
09-12 17:30:21.816 D/WindowManagerServiceExt(  772): notifyOccludeChangeNotice: cn=ComponentInfo{com.furfrienddiary.app/com.furfrienddiary.app.io.flutter.embedding.android.FlutterActivity} occludesParent=true inMultiWindow=false styleFloating=false caller=com.android.server.wm.WindowManagerServiceExt.updateOccludeTargetIfNeeded:1402 com.android.server.wm.DisplayContent.ensureActivitiesVisible:7532 com.android.server.wm.RootWindowContainer.ensureActivitiesVisible:2248 com.android.server.wm.RootWindowContainer.ensureActivitiesVisible:2229 com.android.server.wm.TaskFragment.completePause:2076 
09-12 17:30:21.817 I/ViewRootImpl@a60420c[app]( 1328): performTraversals mFirst=true windowShouldResize=true viewVisibilityChanged=false mForceNextWindowRelayout=false params={(0,0)(fillxfill) sim={adjust=pan} ty=APPLICATION_STARTING fmt=TRANSLUCENT wanim=0x1030001
09-12 17:30:21.817 I/ViewRootImpl@a60420c[app]( 1328):   fl=81030118
09-12 17:30:21.817 I/ViewRootImpl@a60420c[app]( 1328):   pfl=16000010
09-12 17:30:21.817 I/ViewRootImpl@a60420c[app]( 1328):   bhv=DEFAULT
09-12 17:30:21.817 I/ViewRootImpl@a60420c[app]( 1328):   fitSides= naviIconColor=0}
09-12 17:30:21.819 I/TopTaskTracker( 1671): onTaskMovedToFront : taskId = 1084
09-12 17:30:21.820 D/Zygote  (  586): Forked child process 21982
09-12 17:30:21.820 I/ActivityManager(  772): Start proc 21982:com.furfrienddiary.app/u0a393 for next-top-activity {com.furfrienddiary.app/com.furfrienddiary.app.io.flutter.embedding.android.FlutterActivity}
09-12 17:30:21.821 V/WindowManager(  772): Relayout Window{729c75c u0 Splash Screen com.furfrienddiary.app}: viewVisibility=0 req=720x1600 d0
09-12 17:30:21.821 D/RestrictionPolicy(  772): isScreenCaptureEnabled : ret=true userId=0
09-12 17:30:21.822 I/SurfaceFlinger(  633): id=61839 createSurf flag=40004, Splash Screen com.furfrienddiary.app$_1328#61839
09-12 17:30:21.822 D/WindowManager(  772): makeSurface duration=1 name=Splash Screen com.furfrienddiary.app$_1328
09-12 17:30:21.826 V/WindowManager(  772): Changing focus from Window{53cbe75 u0 com.sec.android.app.launcher/com.sec.android.app.launcher.activities.LauncherActivity} to null displayId=0 Callers=com.android.server.wm.RootWindowContainer.updateFocusedWindowLocked:595 com.android.server.wm.WindowManagerService.updateFocusedWindowLocked:6810 com.android.server.wm.WindowManagerService.relayoutWindow:2820 com.android.server.wm.Session.relayout:274 
09-12 17:30:21.826 D/MARsPolicyManager(  772): onPackageResumedFG pkgName = com.sec.android.app.launcher, userId = 0
09-12 17:30:21.827 D/StatusBarManagerService(  772): notifyRequestedSystemKey recent=false home=false
09-12 17:30:21.827 V/WindowManager(  772): rotationForOrientation(orient=SCREEN_ORIENTATION_UNSPECIFIED (-1), last=ROTATION_0 (0)); user=ROTATION_0 (0) 
09-12 17:30:21.827 D/WindowManager(  772): rotationForOrientation, orientationSource=ActivityRecord{f57c3c4 u0 com.furfrienddiary.app/.io.flutter.embedding.android.FlutterActivity} t1084}
09-12 17:30:21.827 V/WindowManager(  772): rotationForOrientation(orient=SCREEN_ORIENTATION_UNSPECIFIED (-1), last=ROTATION_0 (0)); user=ROTATION_0 (0) 
09-12 17:30:21.827 D/WindowManager(  772): rotationForOrientation, orientationSource=ActivityRecord{f57c3c4 u0 com.furfrienddiary.app/.io.flutter.embedding.android.FlutterActivity} t1084}
09-12 17:30:21.828 V/WindowManager(  772): Computed rotation=ROTATION_0 (0) for display id=0 based on lastOrientation=SCREEN_ORIENTATION_UNSPECIFIED (-1) and oldRotation=ROTATION_0 (0), caller=com.android.server.wm.DisplayRotation.updateOrientation:414 com.android.server.wm.DisplayContent.updateOrientation:1990 com.android.server.wm.DisplayContent.updateOrientation:1872 com.android.server.wm.WindowManagerService.relayoutWindow:2851 com.android.server.wm.Session.relayout:274 android.view.IWindowSession$Stub.onTransact:779 
09-12 17:30:21.829 V/WindowManager(  772): Relayout hash=729c75c, pid=1328, syncId=-1: mAttrs={(0,0)(fillxfill) sim={adjust=pan} ty=APPLICATION_STARTING fmt=TRANSLUCENT wanim=0x1030001
09-12 17:30:21.829 V/WindowManager(  772):   fl=81030118
09-12 17:30:21.829 V/WindowManager(  772):   pfl=16000010
09-12 17:30:21.829 V/WindowManager(  772):   bhv=DEFAULT
09-12 17:30:21.829 V/WindowManager(  772):   fitSides= naviIconColor=0}
09-12 17:30:21.831 D/InsetsController( 1328): onStateChanged: InsetsState: {mDisplayFrame=Rect(0, 0 - 720, 1600), mDisplayCutout=DisplayCutout{insets=Rect(0, 43 - 0, 0) waterfall=Insets{left=0, top=0, right=0, bottom=0} boundingRect={Bounds=[Rect(0, 0 - 0, 0), Rect(296, 0 - 424, 43), Rect(0, 0 - 0, 0), Rect(0, 0 - 0, 0)]} cutoutPathParserInfo={CutoutPathParserInfo{displayWidth=720 displayHeight=1600 physicalDisplayWidth=720 physicalDisplayHeight=1600 density={1.875} cutoutSpec={M 0,0 H -34.13333333333333 V 22.93333333333333 H 34.13333333333333 V 0 H 0 Z @dp} rotation={0} scale={1.0} physicalPixelDisplaySizeRatio={1.0}}}}, mRoundedCorners=RoundedCorners{[RoundedCorner{position=TopLeft, radius=60, center=Point(60, 60)}, RoundedCorner{position=TopRight, radius=60, center=Point(660, 60)}, RoundedCorner{position=BottomRight, radius=60, center=Point(660, 1540)}, RoundedCorner{position=BottomLeft, radius=60, center=Point(60, 1540)}]}  mRoundedCornerFrame=Rect(0, 0 - 720, 1600), mPrivacyIndicatorBounds=PrivacyIndicatorBounds {static bounds=Rect(637, 0 - 720, 45) rotation=0}, mSources= { InsetsSource: {mType=ITYPE_STATUS_BAR, mFrame=[0,0][720,45], mVisible=true, mInsetsRoundedCornerFrame=false}, InsetsSource: {mType=ITYPE_NAVIGATION_BAR, mFrame=[0,1510][720,1600], mVisible=true, mInsetsRoundedCornerFrame=false}, InsetsSource: {mType=ITYPE_LEFT_GESTURES, mFrame=[0,0][0,1600], mVisible=true, mInsetsRoundedCornerFrame=false}, InsetsSource: {mType=ITYPE_RIGHT_GESTURES, mFrame=[720,0][720,1600], mVisible=true, mInsetsRoundedCornerFrame=false}, InsetsSource: {mType=ITYPE_TOP_MANDATORY_GESTURES, mFrame=[0,0][720,66], mVisible=true, mInsetsRoundedCornerFrame=false}, InsetsSource: {mType=ITYPE_BOTTOM_MANDATORY_GESTURES, mFrame=[0,1510][720,1600], mVisible=true, mInsetsRoundedCornerFrame=false}, InsetsSource: {mType=ITYPE_LEFT_DISPLAY_CUTOUT, mFrame=[0,0][-100000,1600], mVisible=true, mInsetsRoundedCornerFrame=false}, InsetsSource: {mType=ITYPE_TOP_DISPLAY_CUTOUT, mFrame=[0,0][720,43], mVisible=true, mInsetsRoundedCornerFrame=false}, InsetsSource: {mType=ITYPE_RIGHT_DISPLAY_CUTOUT, mFrame=[100000,0][720,1600], mVisible=true, mInsetsRoundedCornerFrame=false}, InsetsSource: {mType=ITYPE_BOTTOM_DISPLAY_CUTOUT, mFrame=[0,100000][720,1600], mVisible=true, mInsetsRoundedCornerFrame=false}, InsetsSource: {mType=ITYPE_TOP_TAPPABLE_ELEMENT, mFrame=[0,0][720,45], mVisible=true, mInsetsRoundedCornerFrame=false}, InsetsSource: {mType=ITYPE_BOTTOM_TAPPABLE_ELEMENT, mFrame=[0,1510][720,1600], mVisible=true, mInsetsRoundedCornerFrame=false}, InsetsSource: {mType=ITYPE_IME, mFrame=[0,0][0,0], mVisibleFrame=[0,928][720,1600], mVisible=false, mInsetsRoundedCornerFrame=false} } host=Splash Screen com.furfrienddiary.app from=android.view.ViewRootImpl.relayoutWindow:9802
09-12 17:30:21.832 I/ActivityManager(  772): PendingStartActivityUids startActivity to updateOomAdj delay:368290ms, uid:10393
09-12 17:30:21.832 I/ViewRootImpl@a60420c[app]( 1328): updateBlastSurfaceIfNeeded mBlastBufferQueue=null isSameSurfaceControl=false
09-12 17:30:21.833 I/BLASTBufferQueue( 1328): new BLASTBufferQueue, mName= ViewRootImpl@a60420c[app] mNativeObject= 0xb400006fc7683300 sc.mNativeObject= 0xb400006fc739a760 caller= android.view.ViewRootImpl.updateBlastSurfaceIfNeeded:2909 android.view.ViewRootImpl.relayoutWindow:9847 android.view.ViewRootImpl.performTraversals:3884 android.view.ViewRootImpl.doTraversal:3116 android.view.ViewRootImpl$TraversalRunnable.run:10885 android.view.Choreographer$CallbackRecord.run:1301 android.view.Choreographer$CallbackRecord.run:1309 android.view.Choreographer.doCallbacks:923 android.view.Choreographer.doFrame:852 android.view.Choreographer$FrameDisplayEventReceiver.run:1283 
09-12 17:30:21.833 I/BLASTBufferQueue( 1328): update, w= 720 h= 1600 mName = ViewRootImpl@a60420c[app] mNativeObject= 0xb400006fc7683300 sc.mNativeObject= 0xb400006fc739a760 format= -3 caller= android.graphics.BLASTBufferQueue.<init>:84 android.view.ViewRootImpl.updateBlastSurfaceIfNeeded:2909 android.view.ViewRootImpl.relayoutWindow:9847 android.view.ViewRootImpl.performTraversals:3884 android.view.ViewRootImpl.doTraversal:3116 android.view.ViewRootImpl$TraversalRunnable.run:10885 
09-12 17:30:21.833 D/InputDispatcher(  772): Focus left window (0): 53cbe75 com.sec.android.app.launcher/com.sec.android.app.launcher.activities.LauncherActivity
09-12 17:30:21.833 I/ViewRootImpl@a60420c[app]( 1328): Relayout returned: old=(0,0,720,1600) new=(0,0,720,1600) req=(720,1600)0 dur=15 res=0x3 s={true 0xb400006f75fe9800} ch=true seqId=0
09-12 17:30:21.833 W/libprocessgroup(  772): Failed to open /dev/blkio//cgroup.procs: No such file or directory
09-12 17:30:21.834 I/ViewRootImpl@a60420c[app]( 1328): mThreadedRenderer.initialize() mSurface={isValid=true 0xb400006f75fe9800} hwInitialized=true
09-12 17:30:21.835 W/libprocessgroup(  772): Failed to open /dev/blkio//cgroup.procs: No such file or directory
09-12 17:30:21.835 D/OpenGLRenderer( 1328): eglCreateWindowSurface
09-12 17:30:21.835 I/ViewRootImpl@f47f003[LauncherActivity]( 1671): MSG_WINDOW_FOCUS_CHANGED 0 0
09-12 17:30:21.836 I/BaseActivity( 1671): removeActivityFlags, flags : 8
09-12 17:30:21.836 I/ViewRootImpl@a60420c[app]( 1328): reportNextDraw android.view.ViewRootImpl.performTraversals:4438 android.view.ViewRootImpl.doTraversal:3116 android.view.ViewRootImpl$TraversalRunnable.run:10885 android.view.Choreographer$CallbackRecord.run:1301 android.view.Choreographer$CallbackRecord.run:1309 
09-12 17:30:21.836 I/ViewRootImpl@a60420c[app]( 1328): Setup new sync id=0
09-12 17:30:21.836 I/ViewRootImpl@a60420c[app]( 1328): Setting syncFrameCallback
09-12 17:30:21.836 I/ViewRootImpl@a60420c[app]( 1328): registerCallbacksForSync syncBuffer=false
09-12 17:30:21.839 I/ViewRootImpl@a60420c[app]( 1328): Received frameDrawingCallback syncResult=0 frameNum=1.
09-12 17:30:21.839 I/ViewRootImpl@a60420c[app]( 1328): Setting up sync and frameCommitCallback
09-12 17:30:21.839 I/frienddiary.app(21982): Late-enabling -Xcheck:jni
09-12 17:30:21.843 I/BLASTBufferQueue( 1328): [ViewRootImpl@a60420c[app]#2240](f:0,a:0) onFrameAvailable the first frame is available
09-12 17:30:21.844 I/ViewRootImpl@a60420c[app]( 1328): Received frameCommittedCallback lastAttemptedDrawFrameNum=1 didProduceBuffer=true
09-12 17:30:21.846 D/OpenGLRenderer( 1328): CFMS:: SetUp Pid : 1328    Tid : 1404
09-12 17:30:21.849 I/BadgeRenderer( 1671): Invalid count : 0
09-12 17:30:21.850 I/ViewRootImpl@a60420c[app]( 1328): onSyncComplete
09-12 17:30:21.851 I/ViewRootImpl@a60420c[app]( 1328): setupSync seqId=0 mSyncId=0 fn=1 caller=android.view.ViewRootImpl$$ExternalSyntheticLambda11.accept:6 android.window.SurfaceSyncer.lambda$setupSync$1$android-window-SurfaceSyncer:128 android.window.SurfaceSyncer$$ExternalSyntheticLambda1.accept:8 android.window.SurfaceSyncer$SyncSet.checkIfSyncIsComplete:382 android.window.SurfaceSyncer$SyncSet.markSyncReady:359 android.window.SurfaceSyncer.markSyncReady:151 android.view.ViewRootImpl.performTraversals:4503 
09-12 17:30:21.851 I/ViewRootImpl@a60420c[app]( 1328): reportDrawFinished seqId=0 mSyncId=-1 fn=1 mSurfaceChangedTransaction=0xb400006fef5d0800
09-12 17:30:21.853 D/WindowManager(  772): finishDrawingWindow: Window{729c75c u0 Splash Screen com.furfrienddiary.app} mDrawState=DRAW_PENDING seqId=0
09-12 17:30:21.853 V/WindowManager(  772): Finishing drawing window Window{729c75c u0 Splash Screen com.furfrienddiary.app}: mDrawState=DRAW_PENDING
09-12 17:30:21.853 V/WindowManager(  772): Draw state now committed in Window{729c75c u0 Splash Screen com.furfrienddiary.app}
09-12 17:30:21.855 W/WindowManager(  772): Execute app transition: mNextAppTransitionRequests=[TRANSIT_OPEN, TRANSIT_OPEN], mNextAppTransitionFlags=, displayId: 0 Callers=com.android.server.wm.ActivityRecord.onStartingWindowDrawn:7496 com.android.server.wm.WindowState.performShowLocked:5504 com.android.server.wm.WindowStateAnimator.commitFinishDrawingLocked:351 com.android.server.wm.DisplayContent.lambda$new$8:1189 com.android.server.wm.DisplayContent.$r8$lambda$OtLCIQFjCt9o-SYztyeDUcWUwGs:0 
09-12 17:30:21.855 D/WindowManager(  772): performShow logReadyForDisplay win=Window{729c75c u0 Splash Screen com.furfrienddiary.app} mToken.waitingToShow:true isTransitionSet:true
09-12 17:30:21.857 D/WindowManager(  772): createAnimationAdapter(): container=Task{8cd7a1a #1 type=home ?? U=0 visible=false visibleRequested=false mode=fullscreen translucent=true sz=1}
09-12 17:30:21.857 I/WindowManager(  772): Reparenting to leash, surface=Surface(name=Task=1)/@0x62a8f8, leashParent=Surface(name=DefaultTaskDisplayArea)/@0x14db1d1
09-12 17:30:21.858 I/SurfaceFlinger(  633): id=61840 createSurf flag=24000, Surface(name=Task=1)/@0x62a8f8 - animation-leash of app_transition#61840
09-12 17:30:21.858 D/WindowManager(  772): makeSurface duration=1 leash=Surface(name=Surface(name=Task=1)/@0x62a8f8 - animation-leash of app_transition)/@0xe73c219
09-12 17:30:21.859 D/WindowManager(  772): startAnimation
09-12 17:30:21.859 D/WindowManager(  772): createAnimationAdapter(): container=Task{39c42ad #1084 type=standard I=com.furfrienddiary.app/.io.flutter.embedding.android.FlutterActivity U=0 visible=true visibleRequested=true mode=fullscreen translucent=false sz=1}
09-12 17:30:21.859 I/WindowManager(  772): Reparenting to leash, surface=Surface(name=Task=1084)/@0x4c372de, leashParent=Surface(name=DefaultTaskDisplayArea)/@0x14db1d1
09-12 17:30:21.860 I/SurfaceFlinger(  633): id=61841 createSurf flag=24004, Surface(name=Task=1084)/@0x4c372de - animation-leash of app_transition#61841
09-12 17:30:21.860 D/WindowManager(  772): makeSurface duration=1 leash=Surface(name=Surface(name=Task=1084)/@0x4c372de - animation-leash of app_transition)/@0x9ebbcbf
09-12 17:30:21.861 D/WindowManager(  772): startAnimation
09-12 17:30:21.862 V/WindowManager(  772): performShowLocked: mDrawState=HAS_DRAWN in Window{729c75c u0 Splash Screen com.furfrienddiary.app}
09-12 17:30:21.862 D/WindowManager(  772): goodToGo(RemoteAnimationController@79bbf8c)
09-12 17:30:21.862 D/WindowManager(  772): createAppAnimations()
09-12 17:30:21.863 D/WindowManager(  772): 	Add container=Task{39c42ad #1084 type=standard I=com.furfrienddiary.app/.io.flutter.embedding.android.FlutterActivity U=0 visible=true visibleRequested=true mode=fullscreen translucent=false sz=1}
09-12 17:30:21.863 D/WindowManager(  772): 	Add container=Task{8cd7a1a #1 type=home ?? U=0 visible=false visibleRequested=false mode=fullscreen translucent=true sz=1}
09-12 17:30:21.863 D/WindowManager(  772): createWallpaperAnimations()
09-12 17:30:21.863 I/WindowManager(  772): Reparenting to leash, surface=Surface(name=WallpaperWindowToken{496398a token=android.os.Binder@d3db12c})/@0x4955ca4, leashParent=Surface(name=Leaf:0:1)/@0xaa9a0d
09-12 17:30:21.864 I/SurfaceFlinger(  633): id=61842 createSurf flag=24000, Surface(name=WallpaperWindowToken{496398a token=android.os.Binder@d3db12c})/@0x4955ca4 - animation-leash of window_animation#61842
09-12 17:30:21.864 D/WindowManager(  772): makeSurface duration=1 leash=Surface(name=Surface(name=WallpaperWindowToken{496398a token=android.os.Binder@d3db12c})/@0x4955ca4 - animation-leash of window_animation)/@0x3f566d5
09-12 17:30:21.865 D/WindowManager(  772): startAnimation
09-12 17:30:21.865 D/WindowManager(  772): createNonAppWindowAnimations()
09-12 17:30:21.866 W/libprocessgroup(  772): Failed to open /dev/blkio//cgroup.procs: No such file or directory
09-12 17:30:21.867 I/SurfaceFlinger(  633): id=61843 createSurf flag=80000, b70ced7 ActivityRecordInputSink com.furfrienddiary.app/.io.flutter.embedding.android.FlutterActivity#61843
09-12 17:30:21.870 D/WindowManager(  772): goodToGo(RemoteAnimationController@79bbf8c): onAnimationStart, transit=TRANSIT_OLD_WALLPAPER_CLOSE, apps=2, wallpapers=1, nonApps=0
09-12 17:30:21.870 D/Bubbles ( 1328): onLocusVisibilityChanged: LocusId[17_chars] visible=false
09-12 17:30:21.871 D/WindowManager(  772): startAnimation(): Notify animation start:
09-12 17:30:21.871 I/WindowManager(  772): Starting remote animation
09-12 17:30:21.872 I/LauncherAnimationRunner( 1671): onAnimationStart, appTargets : [Lcom.android.systemui.shared.system.RemoteAnimationTargetCompat;@78d44b mStartAtFrontOfQueue : true
09-12 17:30:21.872 I/WindowManager(  772): container=Task{39c42ad #1084 type=standard I=com.furfrienddiary.app/.io.flutter.embedding.android.FlutterActivity U=0 visible=true visibleRequested=true mode=fullscreen translucent=false sz=1}
09-12 17:30:21.872 I/WindowManager(  772): Target:
09-12 17:30:21.872 I/WindowManager(  772):   mode=0 taskId=1084 isTranslucent=false clipRect=[0,0][0,0] contentInsets=[0,45][0,90] prefixOrderIndex=36 position=[0,0] sourceContainerBounds=[0,0][720,1600] screenSpaceBounds=[0,0][720,1600] localBounds=[0,0][720,1600]
09-12 17:30:21.872 I/WindowManager(  772):   windowConfiguration={ mBounds=Rect(0, 0 - 720, 1600) mAppBounds=Rect(0, 43 - 720, 1510) mMaxBounds=Rect(0, 0 - 720, 1600) mDisplayRotation=ROTATION_0 mWindowingMode=fullscreen mDisplayWindowingMode=fullscreen mActivityType=standard mAlwaysOnTop=undefined mRotation=ROTATION_0 mPopOver=undefined mStageConfig=undefined mFreeformTaskPinningState=unpinned mFreeformStashState=undefined}
09-12 17:30:21.872 I/WindowManager(  772):   leash=Surface(name=Surface(name=Task=1084)/@0x4c372de - animation-leash of app_transition)/@0x9ebbcbf
09-12 17:30:21.872 I/WindowManager(  772):   taskInfo=TaskInfo{userId=0 taskId=1084 displayId=0 isRunning=true baseIntent=Intent { act=android.intent.action.MAIN cat=[android.intent.category.LAUNCHER] flg=0x10200000 cmp=com.furfrienddiary.app/.io.flutter.embedding.android.FlutterActivity } baseActivity=ComponentInfo{com.furfrienddiary.app/com.furfrienddiary.app.io.flutter.embedding.android.FlutterActivity} topActivity=ComponentInfo{com.furfrienddiary.app/com.furfrienddiary.app.io.flutter.embedding.android.FlutterActivity} origActivity=null realActivity=ComponentInfo{com.furfrienddiary.app/com.furfrienddiary.app.io.flutter.embedding.android.FlutterActivity} numActivities=1 lastActiveTime=612991786 supportsSplitScreenMultiWindow=true supportsMultiWindow=true resizeMode=1 isResizeable=true minWidth=-1 minHeight=-1 defaultMinSize=220 token=WCT{RemoteToken{28fdeea Task{39c42ad #1084 type=standard I=com.furfrienddiary.app/.io.flutter.embedding.android.FlutterActivity U=0 visible=true visibleRequested=true mode=fullscreen translucent=false sz=1}}} topActivityType=1 pictureInPictureParams=null shouldDockBigOverlays=false launchIntoPipHostTaskId=0 displayCutoutSafeInsets=Rect(0, 43 - 0, 0) topActivityInfo=ActivityInfo{2965db com.furfrienddiary.app.io.flutter.embedding.android.FlutterActivity} launchCookies=[android.os.BinderProxy@10b4878] positionInParent=Point(0, 0) parentTaskId=-1 isFocused=false isVisible=true isSleeping=false topActivityInSizeCompat=false topActivityEligibleForLetterboxEducation= false locusId=null displayAreaFeatureId=1 cameraCompatControlState=hidden originallySupportedSplitScreen=true hasWallpaper=false isTopTransparentActivity=false topActivityInFixedAspectRatio=false topActivityInDisplayCompat=false topActivityInBoundsCompat=false topActivityBounds=null}
09-12 17:30:21.872 I/WindowManager(  772):   allowEnterPip=true
09-12 17:30:21.872 I/WindowManager(  772):   windowType=-1  hasAnimatingParent=false  backgroundColor=0container=Task{8cd7a1a #1 type=home ?? U=0 visible=false visibleRequested=false mode=fullscreen translucent=true sz=1}
09-12 17:30:21.872 I/WindowManager(  772): Target:
09-12 17:30:21.872 I/WindowManager(  772):   mode=1 taskId=606 isTranslucent=false clipRect=[0,0][0,0] contentInsets=[0,45][0,90] prefixOrderIndex=33 position=[0,0] sourceContainerBounds=[0,0][720,1600] screenSpaceBounds=[0,0][720,1600] localBounds=[0,0][720,1600]
09-12 17:30:21.872 I/WindowManager(  772):   windowConfiguration={ mBounds=Rect(0, 0 - 720, 1600) mAppBounds=Rect(0, 43 - 720, 1510) mMaxBounds=Rect(0, 0 - 720, 1600) mDisplayRotation=ROTATION_0 mWindowingMode=fullscreen mDisplayWindowingMode=fullscreen mActivityType=home mAlwaysOnTop=undefined mRotation=ROTATION_0 mPopOver=undefined mStageConfig=undefined mFreeformTaskPinningState=unpinned mFreeformStashState=undefined}
09-12 17:30:21.872 I/WindowManager(  772):   leash=Surface(name=Surface(name=Task=1)/@0x62a8f8 - animation-leash of app_transition)/@0xe73c219
09-12 17:30:21.872 I/WindowManager(  772):   taskInfo=TaskInfo{userId=0 taskId=606 displayId=0 isRunning=true baseIntent=Intent { act=android.intent.action.MAIN cat=[android.intent.category.HOME] flg=0x10000100 cmp=com.sec.android.app.launcher/.activities.LauncherActivity } baseActivity=ComponentInfo{com.sec.android.app.launcher/com.sec.android.app.launcher.activities.LauncherActivity} topActivity=ComponentInfo{com.sec.android.app.launcher/com.android.launcher3.uioverrides.QuickstepLauncher} origActivity=ComponentInfo{com.sec.android.app.launcher/com.sec.android.app.launcher.activities.LauncherActivity} realActivity=ComponentInfo{com.sec.android.app.launcher/com.android.launcher3.uioverrides.QuickstepLauncher} numActivities=1 lastActiveTime=612991784 supportsSplitScreenMultiWindow=true supportsMultiWindow=true resizeMode=2 isResizeable=true minWidth=-1 minHeight=-1 defaultMinSize=220 token=WCT{RemoteToken{d3cc5e8 Task{2e1d3d6 #606 type=home A=10064:com.sec.android.app.launcher.activities.LauncherActivity U=0 rootTaskId=1 visible=false visibleRequested=false mode=fullscreen translucent=true sz=1}}} topActivityType=2 pictureInPictureParams=null shouldDockBigOverlays=false launchIntoPipHostTaskId=0 displayCutoutSafeInsets=Rect(0, 43 - 0, 0) topActivityInfo=ActivityInfo{9d2401 com.sec.android.app.launcher.activities.LauncherActivity} launchCookies=[] positionInParent=Point(0, 0) parentTaskId=-1 isFocused=true isVisible=false isSleeping=false topActivityInSizeCompat=false topActivityEligibleForLetterboxEducation= false locusId=LocusId[17_chars] displayAreaFeatureId=1 cameraCompatControlState=hidden originallySupportedSplitScreen=true hasWallpaper=false isTopTransparentActivity=false topActivityInFixedAspectRatio=false topActivityInDisplayCompat=false topActivityInBoundsCompat=false topActivityBounds=null}
09-12 17:30:21.872 I/WindowManager(  772):   allowEnterPip=true
09-12 17:30:21.872 I/WindowManager(  772):   windowType=-1  hasAnimatingParent=false  backgroundColor=0
09-12 17:30:21.872 W/AppTransitionAnimatorImpl( 1671): animation with floating icon
09-12 17:30:21.873 I/FloatingIconView( 1671): drawable is not adaptive icon: false
09-12 17:30:21.874 I/RemoteAnimationTargets( 1671): RemoteAnimationTargets : 1084 - 0, 0
09-12 17:30:21.874 I/RemoteAnimationTargets( 1671): RemoteAnimationTargets : 606 - 1, 0
09-12 17:30:21.874 I/QuickstepTransition( 1671): onCreateAnimation : com.android.launcher3.util.RunnableList@75d81c3 - com.android.launcher3.g@2bda40
09-12 17:30:21.874 I/AnimationResult( 1671): setAnimation : com.android.launcher3.g@2bda40
09-12 17:30:21.881 I/Layer   (  633): Layer [Splash Screen com.furfrienddiary.app$_1328#61839] hidden!! flag(0)
09-12 17:30:21.884 I/frienddiary.app(21982): Using CollectorTypeCC GC.
09-12 17:30:21.890 I/adbd    (18655): jdwp connection from 21982
09-12 17:30:21.898 W/AppTransitionAnimatorImpl( 1671): onAnimationStart - APP IN
09-12 17:30:21.900 I/ViewRootImpl@f47f003[LauncherActivity]( 1671): mWNT: t=0xb4000070752ba800 mBlastBufferQueue=0xb400006ff1ddcc00 fn= 20 caller= com.android.systemui.shared.launcher.ViewRootImplCompat.mergeWithNextTransaction:2 com.android.quickstep.util.SurfaceTransactionApplier.lambda$scheduleApply$0:2 com.android.quickstep.util.SurfaceTransactionApplier.b:0 
09-12 17:30:21.901 D/nativeloader(21982): Load libframework-connectivity-tiramisu-jni.so using APEX ns com_android_tethering for caller /apex/com.android.tethering/javalib/framework-connectivity-t.jar: ok
09-12 17:30:21.907 D/ActivityThread(21982): setConscryptValidator
09-12 17:30:21.907 D/ActivityThread(21982): setConscryptValidator - put
09-12 17:30:21.913 I/ActivityManager(  772): DSS OFF for com.furfrienddiary.app
09-12 17:30:21.917 I/ViewRootImpl@f47f003[LauncherActivity]( 1671): mWNT: t=0xb400007075061100 mBlastBufferQueue=0xb400006ff1ddcc00 fn= 21 caller= com.android.systemui.shared.launcher.ViewRootImplCompat.mergeWithNextTransaction:2 com.android.quickstep.util.SurfaceTransactionApplier.lambda$scheduleApply$0:2 com.android.quickstep.util.SurfaceTransactionApplier.b:0 
09-12 17:30:21.918 I/RecentModel( 1671): onTaskStackChangedBackground
09-12 17:30:21.919 V/WindowManager(  772): rotationForOrientation(orient=SCREEN_ORIENTATION_UNSPECIFIED (-1), last=ROTATION_0 (0)); user=ROTATION_0 (0) 
09-12 17:30:21.919 D/WindowManager(  772): rotationForOrientation, orientationSource=ActivityRecord{f57c3c4 u0 com.furfrienddiary.app/.io.flutter.embedding.android.FlutterActivity} t1084}
09-12 17:30:21.920 V/WindowManager(  772): Computed rotation=ROTATION_0 (0) for display id=0 based on lastOrientation=SCREEN_ORIENTATION_UNSPECIFIED (-1) and oldRotation=ROTATION_0 (0), caller=com.android.server.wm.DisplayRotation.updateOrientation:414 com.android.server.wm.DisplayContent.updateOrientation:1990 com.android.server.wm.DisplayContent.updateOrientation:1891 com.android.server.wm.RootWindowContainer.ensureVisibilityAndConfig:2139 com.android.server.wm.ActivityTaskSupervisor.realStartActivityLocked:913 com.android.server.wm.RootWindowContainer$AttachApplicationHelper.test:4288 
09-12 17:30:21.923 D/TspStateManager(  772): updateCustomValue customSetting=
09-12 17:30:21.925 D/TspStateManager(  772): updateCustomValue customSetting=
09-12 17:30:21.926 D/SGM:PkgDataHelper(  772): notifyAppCreate(), pkgName: com.furfrienddiary.app, userId: 0, sendRet: true
09-12 17:30:21.926 D/SGM:FgCheckThread(  772): onLooperPrepared(), msg: MSG_APP_CREATE, pkgName: com.furfrienddiary.app, userId: 0
09-12 17:30:21.927 D/MARsPolicyManager(  772): onPackageResumedFG pkgName = com.furfrienddiary.app, userId = 0
09-12 17:30:21.927 D/ActivityTaskManager(  772): scheduleTopResumedActivityChanged, onTop=true r=ActivityRecord{f57c3c4 u0 com.furfrienddiary.app/.io.flutter.embedding.android.FlutterActivity} t1084} caller=com.android.server.wm.ActivityTaskSupervisor.scheduleTopResumedActivityStateIfNeeded:2535 com.android.server.wm.ActivityTaskSupervisor.updateTopResumedActivityIfNeeded:2527 com.android.server.wm.TaskFragment.setResumedActivity:493 com.android.server.wm.TaskFragment.onActivityStateChanged:805 com.android.server.wm.ActivityRecord.setState:6406 com.android.server.wm.Task.minimalResumeActivityLocked:6155 
09-12 17:30:21.928 D/InputDispatcher(  772): Focused application(0): ActivityRecord{f57c3c4 u0 com.furfrienddiary.app/.io.flutter.embedding.android.FlutterActivity} t1084}
09-12 17:30:21.928 D/SGM:FgCheckThread(  772): TaskStackListener.onTaskFocusChanged(), taskId=606, focused=false
09-12 17:30:21.928 D/SGM:FgCheckThread(  772): TaskStackListener.onTaskFocusChanged(), taskId=1084, focused=true
09-12 17:30:21.929 D/SGM:FgCheckThread(  772):   sendRunningComponentFocus(), pkgName: com.furfrienddiary.app, userId: 0
09-12 17:30:21.930 D/SGM:FgCheckThread(  772): onLooperPrepared(), msg: MSG_TASK_FOCUSED, pkgName: com.furfrienddiary.app, userId: 0
09-12 17:30:21.930 D/SGM:FgCheckThread(  772): handleTaskFocused().
09-12 17:30:21.930 D/SGM:FgCheckThread(  772):   handleTaskFocused(), pkgName: com.furfrienddiary.app, userID:0
09-12 17:30:21.930 D/SGM:FgCheckThread(  772): handleResume().
09-12 17:30:21.930 D/SGM:FgCheckThread(  772): sendFocusOutConditionally() - mPrevNotiPkg: (unknown), userId: 0
09-12 17:30:21.930 D/SGM:FgCheckThread(  772):   handleResume(). pkgName: com.furfrienddiary.app, userId: 0, isTunableApp: null
09-12 17:30:21.930 D/SGM:FgCheckThread(  772): notifyFocusInOut(). of pkg: com.furfrienddiary.app, type: 4, isTunableApp: false, userId: 0
09-12 17:30:21.930 D/SGM:FgCheckThread(  772):   notifyFocusInOut(). unexpected mPrevNotiType: -1
09-12 17:30:21.930 D/SGM:SystemHelper(  772): callReleaseBlock needReleaseBlock:false
09-12 17:30:21.934 I/ViewRootImpl@f47f003[LauncherActivity]( 1671): mWNT: t=0xb400007075061600 mBlastBufferQueue=0xb400006ff1ddcc00 fn= 22 caller= com.android.systemui.shared.launcher.ViewRootImplCompat.mergeWithNextTransaction:2 com.android.quickstep.util.SurfaceTransactionApplier.lambda$scheduleApply$0:2 com.android.quickstep.util.SurfaceTransactionApplier.b:0 
09-12 17:30:21.935 I/ActivityManager(  772): Changes in 10393 19 to 2, 0 to 15
09-12 17:30:21.935 I/AppOps  (  772): updateUidProcState uid: 10393 procState: 2 capability:15
09-12 17:30:21.935 I/AppOps  (  772): commitUidPendingStateLocked() :: UID - 10393, 700 > 200, 0 > 15
09-12 17:30:21.935 I/ActivityManager(  772): updateOomAdj start time is before than pendingPid added, don't delete it
09-12 17:30:21.939 D/AS.MultiSoundManager(  772): mForegroundUid = 10393
09-12 17:30:21.939 D/SurfaceFlinger(  633): Display 0 HWC layers:
09-12 17:30:21.939 D/SurfaceFlinger(  633):      DEVICE | 0xb400007448500300 | 0100 | RGBx_8888    |  419.0    0.0 1138.0 1599.0 |    0    0  720 1600 | Wallpaper BBQ wrapper#77
09-12 17:30:21.939 D/SurfaceFlinger(  633):      DEVICE | 0xb40000745512fc80 | 0100 | RGBA_8888    |    0.0    0.0  720.0 1600.0 |    0    0  720 1600 | com.sec.android.app.launcher/com.sec[...]ivities.LauncherActivity$_1671#61834
09-12 17:30:21.939 D/SurfaceFlinger(  633):      CLIENT | 0xb40000746f42a280 | 0100 | RGBA_8888    |    0.0  287.0  720.0 1007.0 |  213  460  342  589 | Splash Screen com.furfrienddiary.app$_1328#61839
09-12 17:30:21.939 D/SurfaceFlinger(  633):      CLIENT | 0xb40000743e823000 | 0100 | RGBA_8888    |    0.0    0.0  720.0   45.0 |    0    0  720   45 | StatusBar$_1328#83
09-12 17:30:21.939 D/SurfaceFlinger(  633):      DEVICE | 0xb40000743e823d80 | 0100 | RGBA_8888    |    0.0    0.0  720.0   90.0 |    0 1510  720 1600 | NavigationBar0$_1328#78
09-12 17:30:21.939 D/SurfaceFlinger(  633): 
09-12 17:30:21.943 I/Pageboost(  772): 64 bit checked : true for 21982
09-12 17:30:21.943 I/Pageboost(  772): IoRecord pid : 21982, started correctly
09-12 17:30:21.944 D/CompatibilityChangeReporter(21982): Compat change id reported: 171979766; UID 10393; state: ENABLED
09-12 17:30:21.945 I/RecentTasksList( 1671): loadTasksInBackground : groupTask = GroupTask{task1=[id=1075 windowingMode=1 user=0 lastActiveTime=609526010] null, task2=null, task3=null, mStagedSplitBounds=null}
09-12 17:30:21.945 I/RecentTasksList( 1671): loadTasksInBackground : groupTask = GroupTask{task1=[id=1054 windowingMode=1 user=0 lastActiveTime=609668740] null, task2=null, task3=null, mStagedSplitBounds=null}
09-12 17:30:21.945 I/MediaSessionMonitor(  772): Media session stopped : controllerList empty
09-12 17:30:21.945 I/RecentTasksList( 1671): loadTasksInBackground : groupTask = GroupTask{task1=[id=1084 windowingMode=1 user=0 lastActiveTime=612991927] null, task2=null, task3=null, mStagedSplitBounds=null}
09-12 17:30:21.946 V/NetworkPolicy(  772): getFirewallRuleWifi UID:10393 policy:0
09-12 17:30:21.947 D/SGM:GameManager(  772): identifyGamePackage. com.furfrienddiary.app, mCurrentUserId: 0, callerUserId: 0, callingMethodInfo: com.android.server.ssrm.SortingMachine.isGame(SortingMachine.java:162)
09-12 17:30:21.947 D/SGM:PkgDataHelper(  772): getGamePkgData(). com.furfrienddiary.app
09-12 17:30:21.948 I/GameSDK@LifeCycle(  772): noteResumeComponent(): package name  : com.furfrienddiary.app
09-12 17:30:21.948 D/SGM:FgCheckThread(  772): noteResumeComponent(), received pkgName: com.furfrienddiary.app, userId: 0
09-12 17:30:21.948 I/CocktailBarManagerServiceContainer(  772): handleMessage: entry what = 5
09-12 17:30:21.948 I/CocktailBarManagerServiceImpl(  772): noteResumeComponent : no active host
09-12 17:30:21.949 D/SGM:FgCheckThread(  772): onLooperPrepared(), msg: MSG_APP_RESUME, pkgName: com.furfrienddiary.app, userid: 0
09-12 17:30:21.949 D/SGM:FgCheckThread(  772): handleResume().
09-12 17:30:21.949 D/SGM:FgCheckThread(  772): sendFocusOutConditionally() - mPrevNotiPkg: (unknown), userId: 0
09-12 17:30:21.949 D/SGM:FgCheckThread(  772):   handleResume(). pkgName: com.furfrienddiary.app, userId: 0, isTunableApp: null
09-12 17:30:21.950 D/SGM:FgCheckThread(  772): notifyFocusInOut(). of pkg: com.furfrienddiary.app, type: 4, isTunableApp: false, userId: 0
09-12 17:30:21.950 D/SGM:FgCheckThread(  772):   notifyFocusInOut(). unexpected mPrevNotiType: -1
09-12 17:30:21.950 D/SGM:SystemHelper(  772): callReleaseBlock needReleaseBlock:false
09-12 17:30:21.951 E/pageboostd( 2376): Received HALT command code 2
09-12 17:30:21.951 I/ViewRootImpl@f47f003[LauncherActivity]( 1671): mWNT: t=0xb400007075061800 mBlastBufferQueue=0xb400006ff1ddcc00 fn= 23 caller= com.android.systemui.shared.launcher.ViewRootImplCompat.mergeWithNextTransaction:2 com.android.quickstep.util.SurfaceTransactionApplier.lambda$scheduleApply$0:2 com.android.quickstep.util.SurfaceTransactionApplier.b:0 
09-12 17:30:21.958 D/SGM:GameManager(  772): identifyGamePackage. com.furfrienddiary.app, mCurrentUserId: 0, callerUserId: 0, callingMethodInfo: com.samsung.android.game.SemGameManager.isGamePackage(SemGameManager.java:104)
09-12 17:30:21.958 D/SGM:PkgDataHelper(  772): getGamePkgData(). com.furfrienddiary.app
09-12 17:30:21.958 D/SGM:SemGameManager(  772): isGamePackage(), pkgName=com.furfrienddiary.app, ret=false
09-12 17:30:21.967 I/ViewRootImpl@f47f003[LauncherActivity]( 1671): mWNT: t=0xb400007075061900 mBlastBufferQueue=0xb400006ff1ddcc00 fn= 24 caller= com.android.systemui.shared.launcher.ViewRootImplCompat.mergeWithNextTransaction:2 com.android.quickstep.util.SurfaceTransactionApplier.lambda$scheduleApply$0:2 com.android.quickstep.util.SurfaceTransactionApplier.b:0 
09-12 17:30:21.983 I/ViewRootImpl@f47f003[LauncherActivity]( 1671): mWNT: t=0xb400007075061a00 mBlastBufferQueue=0xb400006ff1ddcc00 fn= 25 caller= com.android.systemui.shared.launcher.ViewRootImplCompat.mergeWithNextTransaction:2 com.android.quickstep.util.SurfaceTransactionApplier.lambda$scheduleApply$0:2 com.android.quickstep.util.SurfaceTransactionApplier.b:0 
09-12 17:30:22.000 I/ViewRootImpl@f47f003[LauncherActivity]( 1671): mWNT: t=0xb400007075061b00 mBlastBufferQueue=0xb400006ff1ddcc00 fn= 26 caller= com.android.systemui.shared.launcher.ViewRootImplCompat.mergeWithNextTransaction:2 com.android.quickstep.util.SurfaceTransactionApplier.lambda$scheduleApply$0:2 com.android.quickstep.util.SurfaceTransactionApplier.b:0 
09-12 17:30:22.017 I/ViewRootImpl@f47f003[LauncherActivity]( 1671): mWNT: t=0xb400007075061d00 mBlastBufferQueue=0xb400006ff1ddcc00 fn= 27 caller= com.android.systemui.shared.launcher.ViewRootImplCompat.mergeWithNextTransaction:2 com.android.quickstep.util.SurfaceTransactionApplier.lambda$scheduleApply$0:2 com.android.quickstep.util.SurfaceTransactionApplier.b:0 
09-12 17:30:22.034 I/ViewRootImpl@f47f003[LauncherActivity]( 1671): mWNT: t=0xb400007075061e00 mBlastBufferQueue=0xb400006ff1ddcc00 fn= 28 caller= com.android.systemui.shared.launcher.ViewRootImplCompat.mergeWithNextTransaction:2 com.android.quickstep.util.SurfaceTransactionApplier.lambda$scheduleApply$0:2 com.android.quickstep.util.SurfaceTransactionApplier.b:0 
09-12 17:30:22.043 I/GestureDetector(  772): handleMessage TAP
09-12 17:30:22.043 I/GestureDetector(  772): handleMessage TAP
09-12 17:30:22.051 I/ViewRootImpl@f47f003[LauncherActivity]( 1671): mWNT: t=0xb400007075223200 mBlastBufferQueue=0xb400006ff1ddcc00 fn= 29 caller= com.android.systemui.shared.launcher.ViewRootImplCompat.mergeWithNextTransaction:2 com.android.quickstep.util.SurfaceTransactionApplier.lambda$scheduleApply$0:2 com.android.quickstep.util.SurfaceTransactionApplier.b:0 
09-12 17:30:22.067 I/ViewRootImpl@f47f003[LauncherActivity]( 1671): mWNT: t=0xb400007075223a00 mBlastBufferQueue=0xb400006ff1ddcc00 fn= 30 caller= com.android.systemui.shared.launcher.ViewRootImplCompat.mergeWithNextTransaction:2 com.android.quickstep.util.SurfaceTransactionApplier.lambda$scheduleApply$0:2 com.android.quickstep.util.SurfaceTransactionApplier.b:0 
09-12 17:30:22.072 D/MdnieScenarioControlService(  772):  packageName : com.furfrienddiary.app    className : com.furfrienddiary.app.io.flutter.embedding.android.FlutterActivity
09-12 17:30:22.073 V/MdnieScenarioControlService(  772): setUIMode from UI function(3)
09-12 17:30:22.083 I/ViewRootImpl@f47f003[LauncherActivity]( 1671): mWNT: t=0xb400007075224b00 mBlastBufferQueue=0xb400006ff1ddcc00 fn= 31 caller= com.android.systemui.shared.launcher.ViewRootImplCompat.mergeWithNextTransaction:2 com.android.quickstep.util.SurfaceTransactionApplier.lambda$scheduleApply$0:2 com.android.quickstep.util.SurfaceTransactionApplier.b:0 
09-12 17:30:22.100 I/ViewRootImpl@f47f003[LauncherActivity]( 1671): mWNT: t=0xb400007075224d00 mBlastBufferQueue=0xb400006ff1ddcc00 fn= 32 caller= com.android.systemui.shared.launcher.ViewRootImplCompat.mergeWithNextTransaction:2 com.android.quickstep.util.SurfaceTransactionApplier.lambda$scheduleApply$0:2 com.android.quickstep.util.SurfaceTransactionApplier.b:0 
09-12 17:30:22.117 I/ViewRootImpl@f47f003[LauncherActivity]( 1671): mWNT: t=0xb400007075224f00 mBlastBufferQueue=0xb400006ff1ddcc00 fn= 33 caller= com.android.systemui.shared.launcher.ViewRootImplCompat.mergeWithNextTransaction:2 com.android.quickstep.util.SurfaceTransactionApplier.lambda$scheduleApply$0:2 com.android.quickstep.util.SurfaceTransactionApplier.b:0 
09-12 17:30:22.133 I/ViewRootImpl@f47f003[LauncherActivity]( 1671): mWNT: t=0xb400007075249500 mBlastBufferQueue=0xb400006ff1ddcc00 fn= 34 caller= com.android.systemui.shared.launcher.ViewRootImplCompat.mergeWithNextTransaction:2 com.android.quickstep.util.SurfaceTransactionApplier.lambda$scheduleApply$0:2 com.android.quickstep.util.SurfaceTransactionApplier.b:0 
09-12 17:30:22.149 W/AppTransitionAnimatorImpl( 1671): onAnimationEnd - APP IN, Execution time for each frame : Start-(24)-1-(15)-1-(16)-1-(16)-1-(15)-1-(16)-1-(16)-0-(16)-1-(16)-1-(16)-1-(15)-1-(16)-1-(16)-0-(16)-1-(16)-1-(16)-0-End
09-12 17:30:22.149 I/AnimationResult( 1671): AnimationResult finish : onAnimationEnd
09-12 17:30:22.149 I/AnimationResult( 1671): finish : false, com.android.launcher3.g@2bda40
09-12 17:30:22.150 I/AnimationResult( 1671): finish callback : com.android.launcher3.g@2bda40
09-12 17:30:22.150 D/WindowManager(  772): app-onAnimationFinished(): mOuter=RemoteAnimationController@79bbf8c
09-12 17:30:22.150 D/WindowManager(  772): onAnimationFinished(RemoteAnimationController@79bbf8c): mPendingAnimations=2, caller=
09-12 17:30:22.150 D/WindowManager(  772): app-release(): mOuter=RemoteAnimationController@79bbf8c
09-12 17:30:22.150 D/WindowManager(  772): onAnimationFinished(): Notify animation finished:
09-12 17:30:22.150 I/WindowManager(  772): Reparenting to original parent: Surface(name=DefaultTaskDisplayArea)/@0x14db1d1, destroy=true, surface=Surface(name=Task=1084)/@0x4c372de
09-12 17:30:22.152 I/ViewRootImpl@f47f003[LauncherActivity]( 1671): mWNT: t=0xb400007075249a00 mBlastBufferQueue=0xb400006ff1ddcc00 fn= 35 caller= com.android.systemui.shared.launcher.ViewRootImplCompat.mergeWithNextTransaction:2 com.android.quickstep.util.SurfaceTransactionApplier.lambda$scheduleApply$0:2 com.android.quickstep.util.SurfaceTransactionApplier.b:0 
09-12 17:30:22.153 I/AppTransitionAnimatorImpl( 1671): resetContentView
09-12 17:30:22.153 D/WindowManager(  772): 	container=Task{39c42ad #1084 type=standard I=com.furfrienddiary.app/.io.flutter.embedding.android.FlutterActivity U=0 visible=true visibleRequested=true mode=fullscreen translucent=false sz=1}
09-12 17:30:22.153 I/WindowManager(  772): Reparenting to original parent: Surface(name=DefaultTaskDisplayArea)/@0x14db1d1, destroy=true, surface=Surface(name=Task=1)/@0x62a8f8
09-12 17:30:22.154 V/WindowManager(  772): Setting visibility of Window{53cbe75 u0 com.sec.android.app.launcher/com.sec.android.app.launcher.activities.LauncherActivity}: false, caller=com.android.server.wm.WindowContainer.sendAppVisibilityToClients:1246 com.android.server.wm.WindowToken.setClientVisible:431 com.android.server.wm.ActivityRecord.setClientVisible:7691 com.android.server.wm.ActivityRecord.onAnimationFinished:8590 com.android.server.wm.WindowContainer.doAnimationFinished:3483 
09-12 17:30:22.155 D/WindowManager(  772): 	container=Task{8cd7a1a #1 type=home ?? U=0 visible=false visibleRequested=false mode=fullscreen translucent=true sz=1}
09-12 17:30:22.155 I/WindowManager(  772): Reparenting to original parent: Surface(name=Leaf:0:1)/@0xaa9a0d, destroy=true, surface=Surface(name=WallpaperWindowToken{496398a token=android.os.Binder@d3db12c})/@0x4955ca4
09-12 17:30:22.155 D/WindowManager(  772): 	wallpaper=WallpaperWindowToken{496398a token=android.os.Binder@d3db12c}
09-12 17:30:22.156 I/WindowManager(  772): Finishing remote animation
09-12 17:30:22.156 V/WindowManager(  772): Setting visibility of Window{6e70a5b u0 com.android.systemui.ImageWallpaper}: false, caller=com.android.server.wm.WindowContainer.sendAppVisibilityToClients:1246 com.android.server.wm.WindowToken.setClientVisible:431 com.android.server.wm.WallpaperWindowToken.setVisible:160 com.android.server.wm.WallpaperWindowToken.updateWallpaperWindows:154 com.android.server.wm.WallpaperController.updateWallpaperTokens:676 
09-12 17:30:22.156 D/WallpaperService( 1328): dispatchAppVisibility onVisibilityChanged(): false
09-12 17:30:22.157 D/WallpaperService( 1328): reportVisibility onVisibilityChanged visible: false
09-12 17:30:22.157 I/ImageWallpaper[GLEngine]( 1328):  onVisibilityChanged false , 0
09-12 17:30:22.158 W/libprocessgroup(  772): Failed to open /dev/blkio//cgroup.procs: No such file or directory
09-12 17:30:22.160 D/PowerManagerService(  772): [api] setScreenDimDurationOverrideFromWindowManagerInternal: timeoutMillis: -1
09-12 17:30:22.164 I/Layer   (  633): id=61841 removeFromCurrentState Surface(name=Task=1084)/@0x4c372de - animation-leash of app_transition#61841 (125)
09-12 17:30:22.164 I/Layer   (  633): id=61840 removeFromCurrentState Surface(name=Task=1)/@0x62a8f8 - animation-leash of app_transition#61840 (125)
09-12 17:30:22.165 I/Layer   (  633): id=49 removeFromCurrentState Task=1#49 (125)
09-12 17:30:22.165 I/Layer   (  633): id=94 removeFromCurrentState Task=606#94 (125)
09-12 17:30:22.165 I/Layer   (  633): id=95 removeFromCurrentState ActivityRecord{99deb9 u0 com.sec.android.app.launcher/.activities.LauncherActivity} t606}#95 (125)
09-12 17:30:22.165 I/Layer   (  633): id=104 removeFromCurrentState afc3bd ActivityRecordInputSink com.sec.android.app.launcher/com.android.launcher3.uioverrides.QuickstepLauncher#104 (125)
09-12 17:30:22.165 I/Layer   (  633): id=97 removeFromCurrentState 53cbe75 com.sec.android.app.launcher/com.sec.android.app.launcher.activities.LauncherActivity#97 (125)
09-12 17:30:22.165 I/Layer   (  633): id=61834 removeFromCurrentState com.sec.android.app.launcher/com.sec.android.app.launcher.activities.LauncherActivity$_1671#61834 (125)
09-12 17:30:22.165 I/Layer   (  633): id=16 removeFromCurrentState ImeContainer#16 (125)
09-12 17:30:22.165 I/Layer   (  633): id=105 removeFromCurrentState WindowToken{d0d1de9 type=2011 android.os.Binder@87a5670}#105 (125)
09-12 17:30:22.165 I/Layer   (  633): id=61704 removeFromCurrentState Surface(name=271928 InputMethod)/@0x45777e6 - animation-leash of insets_animation#61704 (125)
09-12 17:30:22.165 I/Layer   (  633): id=106 removeFromCurrentState 271928 InputMethod#106 (125)
09-12 17:30:22.165 I/Layer   (  633): id=61842 removeFromCurrentState Surface(name=WallpaperWindowToken{496398a token=android.os.Binder@d3db12c})/@0x4955ca4 - animation-leash of window_animation#61842 (125)
09-12 17:30:22.165 I/Layer   (  633): id=66 removeFromCurrentState WallpaperWindowToken{496398a token=android.os.Binder@d3db12c}#66 (125)
09-12 17:30:22.165 I/Layer   (  633): id=75 removeFromCurrentState 6e70a5b com.android.systemui.ImageWallpaper#75 (125)
09-12 17:30:22.165 I/Layer   (  633): id=76 removeFromCurrentState com.android.systemui.ImageWallpaper$_1328#76 (125)
09-12 17:30:22.165 I/Layer   (  633): id=77 removeFromCurrentState Wallpaper BBQ wrapper#77 (125)
09-12 17:30:22.165 I/Layer   (  633): id=49 addToCurrentState Task=1#49 (125)
09-12 17:30:22.165 I/Layer   (  633): id=94 addToCurrentState Task=606#94 (125)
09-12 17:30:22.165 I/Layer   (  633): id=95 addToCurrentState ActivityRecord{99deb9 u0 com.sec.android.app.launcher/.activities.LauncherActivity} t606}#95 (125)
09-12 17:30:22.165 I/Layer   (  633): id=104 addToCurrentState afc3bd ActivityRecordInputSink com.sec.android.app.launcher/com.android.launcher3.uioverrides.QuickstepLauncher#104 (125)
09-12 17:30:22.165 I/Layer   (  633): id=97 addToCurrentState 53cbe75 com.sec.android.app.launcher/com.sec.android.app.launcher.activities.LauncherActivity#97 (125)
09-12 17:30:22.165 I/ViewRootImpl@f47f003[LauncherActivity]( 1671): handleAppVisibility mAppVisible = true visible = false
09-12 17:30:22.165 I/Layer   (  633): id=61834 addToCurrentState com.sec.android.app.launcher/com.sec.android.app.launcher.activities.LauncherActivity$_1671#61834 (125)
09-12 17:30:22.165 I/Layer   (  633): id=16 addToCurrentState ImeContainer#16 (125)
09-12 17:30:22.165 I/Layer   (  633): id=105 addToCurrentState WindowToken{d0d1de9 type=2011 android.os.Binder@87a5670}#105 (125)
09-12 17:30:22.165 I/Layer   (  633): id=61704 addToCurrentState Surface(name=271928 InputMethod)/@0x45777e6 - animation-leash of insets_animation#61704 (125)
09-12 17:30:22.165 I/Layer   (  633): id=106 addToCurrentState 271928 InputMethod#106 (125)
09-12 17:30:22.165 I/Layer   (  633): id=66 addToCurrentState WallpaperWindowToken{496398a token=android.os.Binder@d3db12c}#66 (125)
09-12 17:30:22.165 I/Layer   (  633): id=75 addToCurrentState 6e70a5b com.android.systemui.ImageWallpaper#75 (125)
09-12 17:30:22.165 I/Layer   (  633): id=76 addToCurrentState com.android.systemui.ImageWallpaper$_1328#76 (125)
09-12 17:30:22.165 I/Layer   (  633): id=77 addToCurrentState Wallpaper BBQ wrapper#77 (125)
09-12 17:30:22.165 I/Layer   (  633): Layer [com.sec.android.app.launcher/com.sec.android.app.launcher.activities.LauncherActivity$_1671#61834] hidden!! flag(1)
09-12 17:30:22.171 D/SurfaceFlinger(  633): Display 0 HWC layers:
09-12 17:30:22.171 D/SurfaceFlinger(  633):      DEVICE | 0xb40000746f42a280 | 0100 | RGBA_8888    |    0.0    0.0  720.0 1600.0 |    0    0  720 1600 | Splash Screen com.furfrienddiary.app$_1328#61839
09-12 17:30:22.171 D/SurfaceFlinger(  633):      DEVICE | 0xb40000743e823000 | 0100 | RGBA_8888    |    0.0    0.0  720.0   45.0 |    0    0  720   45 | StatusBar$_1328#83
09-12 17:30:22.171 D/SurfaceFlinger(  633):      DEVICE | 0xb40000743e823d80 | 0100 | RGBA_8888    |    0.0    0.0  720.0   90.0 |    0 1510  720 1600 | NavigationBar0$_1328#78
09-12 17:30:22.171 D/SurfaceFlinger(  633): 
09-12 17:30:22.173 I/SurfaceFlinger(  633): id=61842 Removed Surface(name=WallpaperWindowToken{496398a token=android.os.Binder@d3db12c})/@0x4955ca4 - animation-leash of window_animation#61842 (125)
09-12 17:30:22.173 I/SurfaceFlinger(  633): id=61841 Removed Surface(name=Task=1084)/@0x4c372de - animation-leash of app_transition#61841 (125)
09-12 17:30:22.173 I/SurfaceFlinger(  633): id=61840 Removed Surface(name=Task=1)/@0x62a8f8 - animation-leash of app_transition#61840 (125)
09-12 17:30:22.174 V/MdnieScenarioControlService(  772): mAclOffEnabled : false mAclPreviewState : false mAclCompensationState : false
09-12 17:30:22.181 I/Layer   (  633): id=61842 Destroyed Surface(name=WallpaperWindowToken{496398a token=android.os.Binder@d3db12c})/@0x4955ca4 - animation-leash of window_animation#61842
09-12 17:30:22.181 I/Layer   (  633): id=61840 Destroyed Surface(name=Task=1)/@0x62a8f8 - animation-leash of app_transition#61840
09-12 17:30:22.181 I/Layer   (  633): id=61841 Destroyed Surface(name=Task=1084)/@0x4c372de - animation-leash of app_transition#61841
