09-12 17:27:03.930 D/SecPowerUI.Notification( 1328): showChargingNotice oldChargingType : 11 / currentChargingType : 11, oldChargingTime : 15972000 / mChargingTime : 15972000
09-12 17:27:03.930 D/SecPowerUI.Notification( 1328): There is no change about charging status, so return!
09-12 17:27:04.086 D/SemNativeCarrierFeature_vendor(28990): getInstance
09-12 17:27:04.109 D/SemNativeCarrierFeature_vendor(28990): getInstance
09-12 17:27:04.112 D/SemNativeCarrierFeature_vendor(28990): getInstance
09-12 17:27:04.114 D/SemNativeCarrierFeature_vendor(28990): getInstance
09-12 17:27:04.119 D/SemNativeCarrierFeature_vendor(28990): getInstance
09-12 17:27:04.550 I/wpa_supplicant(20013): Heartbeat 8671
09-12 17:27:05.003 E/audit   (  570): type=1400 audit(1757687225.001:97049): avc:  denied  { write } for  pid=25984 comm="ThreadPoolForeg" name="traced_producer" dev="tmpfs" ino=17513 scontext=u:r:gmscore_app:s0:c512,c768 tcontext=u:object_r:traced_producer_socket:s0 tclass=sock_file permissive=0 SEPF_SM-A127F_13_0001 audit_filtered
09-12 17:27:05.003 E/audit   (  570): type=1300 audit(1757687225.001:97049): arch=c00000b7 syscall=203 success=no exit=-13 a0=60 a1=b400007068be6020 a2=1e a3=ffffffff973fd28a items=1 ppid=586 pid=25984 auid=4294967295 uid=10194 gid=10194 euid=10194 suid=10194 fsuid=10194 egid=10194 sgid=10194 fsgid=10194 tty=(none) ses=4294967295 comm="ThreadPoolForeg" exe="/system/bin/app_process64" subj=u:r:gmscore_app:s0:c512,c768 key=(null)
09-12 17:27:05.003 E/audit   (  570): type=1306 audit(1757687225.001:97049): saddr=01002F6465762F736F636B65742F7472616365645F70726F647563657200
09-12 17:27:05.004 E/audit   (  570): type=1302 audit(1757687225.001:97049): item=0 name="/dev/socket/traced_producer" inode=17513 dev=00:10 mode=0140666 ouid=0 ogid=0 rdev=00:00 obj=u:object_r:traced_producer_socket:s0 nametype=NORMAL cap_fp=0000000000000000 cap_fi=0000000000000000 cap_fe=0 cap_fver=0
09-12 17:27:05.004 E/audit   (  570): type=1327 audit(1757687225.001:97049): proctitle="com.google.android.gms"
09-12 17:27:05.924 D/WifiConnectivityMonitor.NetworkStatsAnalyzer(  772): Backhaul result - RSSI:-50, CE:4, PE:4, TI:6, PTI:6, TW:0, PTW:0, Tx:5, Rx:6, TxS:0, RxS:0, RESULT:true, IC:0, ICT:5, WC:0, WCT:5, R:0, RC:0, IE:0, EC:0
09-12 17:27:06.006 D/SemNativeCarrierFeature_vendor(28990): getInstance
09-12 17:27:06.029 D/SemNativeCarrierFeature_vendor(28990): getInstance
09-12 17:27:06.033 D/SemNativeCarrierFeature_vendor(28990): getInstance
09-12 17:27:06.036 D/SemNativeCarrierFeature_vendor(28990): getInstance
09-12 17:27:06.041 D/SemNativeCarrierFeature_vendor(28990): getInstance
09-12 17:27:06.316 D/SemWifiUsabilityStatsMonitor(  772): onWifiUsabilityStats - seqNum 35875, isSameBssidAndFreq true
09-12 17:27:06.318 I/SemWifiLinkQualityMonitor(  772): Link Qos Query: 0.139 ms / 57.600 Mbps (72 / 0.000 / 1.250)
09-12 17:27:06.895 D/io_stats(  398): !@ 179,0 r 35225396 523690607 w 7646071 78539208 d 2664656 61096344 f 0 0 iot 14388536 0 th 0 0 0 pt 0 inp 0 0 262213.679
09-12 17:27:07.926 D/SemNativeCarrierFeature_vendor(28990): getInstance
09-12 17:27:07.951 D/SemNativeCarrierFeature_vendor(28990): getInstance
09-12 17:27:07.954 D/SemNativeCarrierFeature_vendor(28990): getInstance
09-12 17:27:07.956 D/SemNativeCarrierFeature_vendor(28990): getInstance
09-12 17:27:07.960 D/SemNativeCarrierFeature_vendor(28990): getInstance
09-12 17:27:08.960 E/sehhealth-service(  614): Could not open /sys/class/power_supply/battery/lrp
09-12 17:27:08.960 D/BatteryService(  772): Sending ACTION_BATTERY_CHANGED: level:54, status:2, health:2, ac:false, usb:true, wireless:false, pogo:false, misc:0x10000, charge_type:1, charger_type:0, voltage:3904, temperature:301, online:4, current_avg:311, ps:false, hvc:false, capacity:280000, current_event:0x0, current_now:326, mcc:0, mcv:0, cc:2700000, present:true, scale:100, technology:Li-ion
09-12 17:27:08.962 D/MotionRecognitionService(  772): [SAR]  onReceive : ACTION_BATTERY_CHANGED, Plugged: 2
09-12 17:27:08.962 D/PhoneWindowManagerExt(  772): ACTION_BATTERY_CHANGED - Level=54, status=2
09-12 17:27:08.963 I/DeviceBatteryInfoService(  772): action: android.intent.action.BATTERY_CHANGED
09-12 17:27:08.963 I/DeviceBatteryInfoService(  772): phone battery level: 54
09-12 17:27:08.963 I/DeviceBatteryInfoService(  772): phone battery status: 2
09-12 17:27:08.964 D/SemBigDataInfoController( 1301): Intent: android.intent.action.BATTERY_CHANGED
09-12 17:27:08.964 D/SemBigDataInfoController( 1301): Intent: android.intent.action.BATTERY_CHANGED
09-12 17:27:08.965 D/SamsungBatteryMeterDrawable( 1328): onBatteryLevelChanged isSomethingChanged: false
09-12 17:27:08.965 D/SemWifiApBroadcastReceiver(  772): Received : android.intent.action.BATTERY_CHANGED
09-12 17:27:08.965 D/SamsungBatteryMeterDrawable( 1328): onBatteryLevelChanged isSomethingChanged: false
09-12 17:27:08.966 D/SamsungBatteryMeterDrawable( 1328): onBatteryLevelChanged isSomethingChanged: false
09-12 17:27:08.966 D/SamsungBatteryMeterDrawable( 1328): onBatteryLevelChanged isSomethingChanged: false
09-12 17:27:08.967 I/PowerUI ( 1328): mBootCompleted = true |  mFullyConnected = true
09-12 17:27:08.967 I/PowerUI ( 1328): BATTERY_HEALTH_CHECK extraHealth=2 mBatteryMiscEvent=65536
09-12 17:27:08.967 W/PowerUI ( 1328): Plug reason
09-12 17:27:08.967 W/PowerUI ( 1328): Skip charging animation - by plug status
09-12 17:27:08.967 D/PowerUI ( 1328): priorPlugType = 2 mPlugType = 2 priorBatteryStatus = 2 mBatteryStatus = 2
09-12 17:27:08.967 W/PowerUI ( 1328): Plug reason
09-12 17:27:08.967 D/SecPowerUI.Notification( 1328): dismissing low battery warning: level=54
09-12 17:27:08.967 W/PowerUI ( 1328): Skip charging sound - by plug status
09-12 17:27:08.967 D/SecPowerUI.Notification( 1328): updateNotification mWarning=false mPlaySound=false
09-12 17:27:08.967 I/PowerUI ( 1328): oldMisalign : false, curMisalign : false
09-12 17:27:08.967 D/SecPowerUI.Notification( 1328): SecBatteryStatsSnapshot{batteryLevel=54, currentBatteryMode=1, chargingTime=15972000, chargingType=11, batteryHealth=2, automaticTestMode=false, isHiccupState=false}
09-12 17:27:08.969 D/SecPowerUI.Notification( 1328): 1. restoreScreenTimeOut - saved_value : :
09-12 17:27:08.969 E/SecPowerUI.Notification( 1328): no saved value, so we do nothing !!
09-12 17:27:08.969 D/SecPowerUI.Notification( 1328): showChargingNotice oldChargingType : 11 / currentChargingType : 11, oldChargingTime : 15972000 / mChargingTime : 15972000
09-12 17:27:08.969 D/SecPowerUI.Notification( 1328): There is no change about charging status, so return!
09-12 17:27:08.969 D/PowerUI ( 1328): Battery swelling mode - priorBatterySwellingMode = 0 mBatterySwellingMode = 0 mBatteryStatus = 2
09-12 17:27:08.969 I/PowerUI ( 1328): mBatteryMiscEvent = 65536
09-12 17:27:08.970 D/KeyguardUpdateMonitor( 1328): received broadcast android.intent.action.BATTERY_CHANGED
09-12 17:27:08.970 I/AODBatteryManager( 1328): updateBatteryData: ACTION_BATTERY_CHANGED
09-12 17:27:08.972 I/AODBatteryManager( 1328): saveBatteryData : AOD BatteryData [mBatteryLevel=54, mBatteryStatus=CHARGING, mBatteryPlugType=USB, mBatteryPlugged=true, mRemainingChargeTime=15972000, mBatteryChargingType=1, mBatteryChargerType=NORMAL, mBatteryOnline=USB, mBatterySwellingMode=NONE, mBatteryProtectMode=false]
09-12 17:27:08.973 D/KeyguardUpdateMonitor( 1328): handleBatteryUpdate
09-12 17:27:09.337 D/SemWifiUsabilityStatsMonitor(  772): onWifiUsabilityStats - seqNum 35876, isSameBssidAndFreq true
09-12 17:27:09.340 D/NetworkController.WifiSignalController( 1328): notifyListener: visible=true, connected=true, inetCondition=1, isDefault=true, wifiTestReported=true, receivedInetCondition=-1, hideDuringMobileSwitching=false
09-12 17:27:09.340 I/SemWifiLinkQualityMonitor(  772): Link Qos Query: 0.139 ms / 57.600 Mbps (72 / 0.000 / 1.250)
09-12 17:27:09.342 D/Tile.WifiTile( 1328): handleUpdateState isTransient=false transientEnabling =false cb.isTransient=false state.state = 2 mStateBeforeClick.value =false enabled =true
09-12 17:27:09.846 D/SemNativeCarrierFeature_vendor(28990): getInstance
09-12 17:27:09.870 D/SemNativeCarrierFeature_vendor(28990): getInstance
09-12 17:27:09.874 D/SemNativeCarrierFeature_vendor(28990): getInstance
09-12 17:27:09.876 D/SemNativeCarrierFeature_vendor(28990): getInstance
09-12 17:27:09.880 D/SemNativeCarrierFeature_vendor(28990): getInstance
09-12 17:27:10.898 D/io_stats(  398): !@ 179,0 r 35225396 523690607 w 7646074 78539220 d 2664656 61096344 f 0 0 iot 14388556 0 th 0 0 0 pt 0 inp 0 0 262217.682
09-12 17:27:11.766 D/SemNativeCarrierFeature_vendor(28990): getInstance
09-12 17:27:11.784 D/SemNativeCarrierFeature_vendor(28990): getInstance
09-12 17:27:11.788 D/SemNativeCarrierFeature_vendor(28990): getInstance
09-12 17:27:11.790 D/SemNativeCarrierFeature_vendor(28990): getInstance
09-12 17:27:11.794 D/SemNativeCarrierFeature_vendor(28990): getInstance
09-12 17:27:12.272 E/Watchdog(  772): !@Sync: 8737 heap: 114 / 125 FD: 1010 [2025-09-12 17:27:12.271]
09-12 17:27:12.358 D/SemWifiUsabilityStatsMonitor(  772): onWifiUsabilityStats - seqNum 35877, isSameBssidAndFreq true
09-12 17:27:12.361 I/SemWifiLinkQualityMonitor(  772): Link Qos Query: 0.222 ms / 36.000 Mbps (72 / 0.000 / 2.000)
09-12 17:27:12.361 D/NetworkController.WifiSignalController( 1328): notifyListener: visible=true, connected=true, inetCondition=1, isDefault=true, wifiTestReported=true, receivedInetCondition=-1, hideDuringMobileSwitching=false
09-12 17:27:12.364 D/Tile.WifiTile( 1328): handleUpdateState isTransient=false transientEnabling =false cb.isTransient=false state.state = 2 mStateBeforeClick.value =false enabled =true
09-12 17:27:12.899 D/io_stats(  398): !@ 179,24 r 13027 564923 w 296 757 d 0 0 f 0 0 iot 32240 0 th 0 0 0 pt 0 inp 0 0 262219.683
09-12 17:27:12.949 W/DeviceStorageMonitorService(  772): check(/data) oldLevel:1, newLevel:1 (usableBytes=2336309248)
09-12 17:27:12.949 W/DeviceStorageMonitorService(  772): updateBroadcasts(/data) oldLevel:1, newLevel:1, seq:1
09-12 17:27:12.951 D/DeviceStorageMonitorService(  772): Available File Node Number is [13226378]
09-12 17:27:12.951 W/DeviceStorageMonitorService(  772): updateBroadcasts_filenode(/data) fn_oldLevel:0, fn_newLevel:0, seq:1
09-12 17:27:13.686 D/SemNativeCarrierFeature_vendor(28990): getInstance
09-12 17:27:13.701 I/devt    (27905): (REDACTED) Probing voice interaction service recovery for condition(%s).
09-12 17:27:13.703 I/devt    (27905): (REDACTED) Skipping voice interaction service recovery(%s) for condition(%s).
09-12 17:27:13.703 I/devt    (27905): (REDACTED) Skipping voice interaction service recovery(%s) for condition(%s).
09-12 17:27:13.711 D/SemNativeCarrierFeature_vendor(28990): getInstance
09-12 17:27:13.714 D/SemNativeCarrierFeature_vendor(28990): getInstance
09-12 17:27:13.716 D/SemNativeCarrierFeature_vendor(28990): getInstance
09-12 17:27:13.720 D/SemNativeCarrierFeature_vendor(28990): getInstance
09-12 17:27:13.973 D/SecPowerUI.Notification( 1328): showChargingNotice oldChargingType : 11 / currentChargingType : 11, oldChargingTime : 15972000 / mChargingTime : 15972000
09-12 17:27:13.973 D/SecPowerUI.Notification( 1328): There is no change about charging status, so return!
09-12 17:27:14.560 I/wpa_supplicant(20013): Heartbeat 8672
09-12 17:27:14.901 D/io_stats(  398): !@ 179,0 r 35225411 523690883 w 7646075 78539228 d 2664656 61096344 f 0 0 iot 14388564 0 th 0 0 0 pt 0 inp 0 0 262221.685
09-12 17:27:15.380 D/SemWifiUsabilityStatsMonitor(  772): onWifiUsabilityStats - seqNum 35878, isSameBssidAndFreq true
09-12 17:27:15.383 I/SemWifiLinkQualityMonitor(  772): Link Qos Query: 0.222 ms / 36.000 Mbps (72 / 0.000 / 2.000)
09-12 17:27:15.383 D/NetworkController.WifiSignalController( 1328): notifyListener: visible=true, connected=true, inetCondition=1, isDefault=true, wifiTestReported=true, receivedInetCondition=-1, hideDuringMobileSwitching=false
09-12 17:27:15.385 D/Tile.WifiTile( 1328): handleUpdateState isTransient=false transientEnabling =false cb.isTransient=false state.state = 2 mStateBeforeClick.value =false enabled =true
09-12 17:27:15.606 D/SemNativeCarrierFeature_vendor(28990): getInstance
09-12 17:27:15.630 D/SemNativeCarrierFeature_vendor(28990): getInstance
09-12 17:27:15.633 D/SemNativeCarrierFeature_vendor(28990): getInstance
09-12 17:27:15.635 D/SemNativeCarrierFeature_vendor(28990): getInstance
09-12 17:27:15.639 D/SemNativeCarrierFeature_vendor(28990): getInstance
09-12 17:27:15.931 D/WifiConnectivityMonitor.NetworkStatsAnalyzer(  772): Backhaul result - RSSI:-49, CE:4, PE:4, TI:6, PTI:6, TW:0, PTW:0, Tx:1, Rx:4, TxS:0, RxS:0, RESULT:true, IC:0, ICT:5, WC:0, WCT:5, R:0, RC:0, IE:0, EC:0
09-12 17:27:17.525 D/SemNativeCarrierFeature_vendor(28990): getInstance
09-12 17:27:17.549 D/SemNativeCarrierFeature_vendor(28990): getInstance
09-12 17:27:17.552 D/SemNativeCarrierFeature_vendor(28990): getInstance
09-12 17:27:17.555 D/SemNativeCarrierFeature_vendor(28990): getInstance
09-12 17:27:17.560 D/SemNativeCarrierFeature_vendor(28990): getInstance
09-12 17:27:18.294 I/SDHMS:D ( 2891): SIOP:: AP:314 BAT:301 USB:0 CHG:326 PA:312 BLK:0 SUBBAT:0 SKIN:282 SKINF:269 SKINB:282 LRP:282 LRF:269 LRB:282 
09-12 17:27:18.396 D/SemWifiUsabilityStatsMonitor(  772): onWifiUsabilityStats - seqNum 35879, isSameBssidAndFreq true
09-12 17:27:18.398 I/SemWifiLinkQualityMonitor(  772): Link Qos Query: 0.222 ms / 36.000 Mbps (72 / 0.000 / 2.000)
09-12 17:27:18.903 D/io_stats(  398): !@ 179,0 r 35225498 523691771 w 7646075 78539228 d 2664656 61096344 f 0 0 iot 14388572 0 th 0 0 0 pt 0 inp 0 0 262225.687
09-12 17:27:18.996 E/sehhealth-service(  614): Could not open /sys/class/power_supply/battery/lrp
09-12 17:27:18.996 D/BatteryService(  772): Sending ACTION_BATTERY_CHANGED: level:54, status:2, health:2, ac:false, usb:true, wireless:false, pogo:false, misc:0x10000, charge_type:1, charger_type:0, voltage:3903, temperature:304, online:4, current_avg:306, ps:false, hvc:false, capacity:280000, current_event:0x0, current_now:306, mcc:0, mcv:0, cc:2700000, present:true, scale:100, technology:Li-ion
09-12 17:27:18.998 D/MotionRecognitionService(  772): [SAR]  onReceive : ACTION_BATTERY_CHANGED, Plugged: 2
09-12 17:27:18.998 D/PhoneWindowManagerExt(  772): ACTION_BATTERY_CHANGED - Level=54, status=2
09-12 17:27:18.999 I/DeviceBatteryInfoService(  772): action: android.intent.action.BATTERY_CHANGED
09-12 17:27:18.999 I/DeviceBatteryInfoService(  772): phone battery level: 54
09-12 17:27:18.999 I/DeviceBatteryInfoService(  772): phone battery status: 2
09-12 17:27:18.999 D/SemWifiApBroadcastReceiver(  772): Received : android.intent.action.BATTERY_CHANGED
09-12 17:27:19.000 D/SemBigDataInfoController( 1301): Intent: android.intent.action.BATTERY_CHANGED
09-12 17:27:19.000 D/SemBigDataInfoController( 1301): Intent: android.intent.action.BATTERY_CHANGED
09-12 17:27:19.001 D/SamsungBatteryMeterDrawable( 1328): onBatteryLevelChanged isSomethingChanged: false
09-12 17:27:19.002 D/SamsungBatteryMeterDrawable( 1328): onBatteryLevelChanged isSomethingChanged: false
09-12 17:27:19.002 D/SamsungBatteryMeterDrawable( 1328): onBatteryLevelChanged isSomethingChanged: false
09-12 17:27:19.002 D/SamsungBatteryMeterDrawable( 1328): onBatteryLevelChanged isSomethingChanged: false
09-12 17:27:19.003 I/PowerUI ( 1328): mBootCompleted = true |  mFullyConnected = true
09-12 17:27:19.003 I/PowerUI ( 1328): BATTERY_HEALTH_CHECK extraHealth=2 mBatteryMiscEvent=65536
09-12 17:27:19.003 W/PowerUI ( 1328): Plug reason
09-12 17:27:19.003 W/PowerUI ( 1328): Skip charging animation - by plug status
09-12 17:27:19.003 D/PowerUI ( 1328): priorPlugType = 2 mPlugType = 2 priorBatteryStatus = 2 mBatteryStatus = 2
09-12 17:27:19.003 W/PowerUI ( 1328): Plug reason
09-12 17:27:19.003 W/PowerUI ( 1328): Skip charging sound - by plug status
09-12 17:27:19.003 I/PowerUI ( 1328): oldMisalign : false, curMisalign : false
09-12 17:27:19.003 D/SecPowerUI.Notification( 1328): dismissing low battery warning: level=54
09-12 17:27:19.003 D/SecPowerUI.Notification( 1328): updateNotification mWarning=false mPlaySound=false
09-12 17:27:19.003 D/SecPowerUI.Notification( 1328): SecBatteryStatsSnapshot{batteryLevel=54, currentBatteryMode=1, chargingTime=15972000, chargingType=11, batteryHealth=2, automaticTestMode=false, isHiccupState=false}
09-12 17:27:19.004 D/SecPowerUI.Notification( 1328): 1. restoreScreenTimeOut - saved_value : :
09-12 17:27:19.004 E/SecPowerUI.Notification( 1328): no saved value, so we do nothing !!
09-12 17:27:19.004 D/SecPowerUI.Notification( 1328): showChargingNotice oldChargingType : 11 / currentChargingType : 11, oldChargingTime : 15972000 / mChargingTime : 15972000
09-12 17:27:19.004 D/SecPowerUI.Notification( 1328): There is no change about charging status, so return!
09-12 17:27:19.004 D/PowerUI ( 1328): Battery swelling mode - priorBatterySwellingMode = 0 mBatterySwellingMode = 0 mBatteryStatus = 2
09-12 17:27:19.004 I/PowerUI ( 1328): mBatteryMiscEvent = 65536
09-12 17:27:19.005 D/KeyguardUpdateMonitor( 1328): received broadcast android.intent.action.BATTERY_CHANGED
09-12 17:27:19.005 I/AODBatteryManager( 1328): updateBatteryData: ACTION_BATTERY_CHANGED
09-12 17:27:19.006 I/AODBatteryManager( 1328): saveBatteryData : AOD BatteryData [mBatteryLevel=54, mBatteryStatus=CHARGING, mBatteryPlugType=USB, mBatteryPlugged=true, mRemainingChargeTime=15972000, mBatteryChargingType=1, mBatteryChargerType=NORMAL, mBatteryOnline=USB, mBatterySwellingMode=NONE, mBatteryProtectMode=false]
09-12 17:27:19.006 D/KeyguardUpdateMonitor( 1328): handleBatteryUpdate
09-12 17:27:19.446 D/SemNativeCarrierFeature_vendor(28990): getInstance
09-12 17:27:19.470 D/SemNativeCarrierFeature_vendor(28990): getInstance
09-12 17:27:19.474 D/SemNativeCarrierFeature_vendor(28990): getInstance
09-12 17:27:19.477 D/SemNativeCarrierFeature_vendor(28990): getInstance
09-12 17:27:19.482 D/SemNativeCarrierFeature_vendor(28990): getInstance
09-12 17:27:20.904 D/io_stats(  398): !@ 179,0 r 35225536 523692551 w 7646077 78539240 d 2664656 61096344 f 0 0 iot 14388584 0 th 0 0 0 pt 0 inp 0 0 262227.688
09-12 17:27:20.945 V/ClearcutMetricXmitter(27905): Transmission is done.
09-12 17:27:21.366 D/SemNativeCarrierFeature_vendor(28990): getInstance
09-12 17:27:21.389 D/SemNativeCarrierFeature_vendor(28990): getInstance
09-12 17:27:21.392 D/SemNativeCarrierFeature_vendor(28990): getInstance
09-12 17:27:21.395 D/SemNativeCarrierFeature_vendor(28990): getInstance
09-12 17:27:21.400 D/SemNativeCarrierFeature_vendor(28990): getInstance
09-12 17:27:21.407 I/SemWifiLinkQualityMonitor(  772): Link Qos Query: 0.222 ms / 36.000 Mbps (72 / 0.000 / 2.000)
09-12 17:27:21.409 D/NetworkController.WifiSignalController( 1328): notifyListener: visible=true, connected=true, inetCondition=1, isDefault=true, wifiTestReported=true, receivedInetCondition=-1, hideDuringMobileSwitching=false
09-12 17:27:21.409 D/SemWifiUsabilityStatsMonitor(  772): onWifiUsabilityStats - seqNum 35880, isSameBssidAndFreq true
09-12 17:27:21.410 D/Tile.WifiTile( 1328): handleUpdateState isTransient=false transientEnabling =false cb.isTransient=false state.state = 2 mStateBeforeClick.value =false enabled =true
09-12 17:27:22.905 D/io_stats(  398): !@ 179,24 r 13027 564923 w 296 757 d 0 0 f 0 0 iot 32240 0 th 0 0 0 pt 0 inp 0 0 262229.689
09-12 17:27:23.286 D/SemNativeCarrierFeature_vendor(28990): getInstance
09-12 17:27:23.310 D/SemNativeCarrierFeature_vendor(28990): getInstance
09-12 17:27:23.314 D/SemNativeCarrierFeature_vendor(28990): getInstance
09-12 17:27:23.316 D/SemNativeCarrierFeature_vendor(28990): getInstance
09-12 17:27:23.319 D/SemNativeCarrierFeature_vendor(28990): getInstance
09-12 17:27:24.010 D/SecPowerUI.Notification( 1328): showChargingNotice oldChargingType : 11 / currentChargingType : 11, oldChargingTime : 15972000 / mChargingTime : 15972000
09-12 17:27:24.010 D/SecPowerUI.Notification( 1328): There is no change about charging status, so return!
09-12 17:27:24.425 D/SemWifiUsabilityStatsMonitor(  772): onWifiUsabilityStats - seqNum 35881, isSameBssidAndFreq true
09-12 17:27:24.427 I/SemWifiLinkQualityMonitor(  772): Link Qos Query: 0.222 ms / 36.000 Mbps (72 / 0.000 / 2.000)
09-12 17:27:24.570 I/wpa_supplicant(20013): Heartbeat 8673
09-12 17:27:24.708 E/audit   (  570): type=1400 audit(1757687244.701:97050): avc:  denied  { write } for  pid=27032 comm="ThreadPoolForeg" name="traced_producer" dev="tmpfs" ino=17513 scontext=u:r:gmscore_app:s0:c512,c768 tcontext=u:object_r:traced_producer_socket:s0 tclass=sock_file permissive=0 SEPF_SM-A127F_13_0001 audit_filtered
09-12 17:27:24.708 E/audit   (  570): type=1300 audit(1757687244.701:97050): arch=c00000b7 syscall=203 success=no exit=-13 a0=8a a1=b400006fdc6bafa0 a2=1e a3=ffffffff973fd28a items=1 ppid=586 pid=27032 auid=4294967295 uid=10194 gid=10194 euid=10194 suid=10194 fsuid=10194 egid=10194 sgid=10194 fsgid=10194 tty=(none) ses=4294967295 comm="ThreadPoolForeg" exe="/system/bin/app_process64" subj=u:r:gmscore_app:s0:c512,c768 key=(null)
09-12 17:27:24.708 E/audit   (  570): type=1306 audit(1757687244.701:97050): saddr=01002F6465762F736F636B65742F7472616365645F70726F647563657200
09-12 17:27:24.708 E/audit   (  570): type=1302 audit(1757687244.701:97050): item=0 name="/dev/socket/traced_producer" inode=17513 dev=00:10 mode=0140666 ouid=0 ogid=0 rdev=00:00 obj=u:object_r:traced_producer_socket:s0 nametype=NORMAL cap_fp=0000000000000000 cap_fi=0000000000000000 cap_fe=0 cap_fver=0
09-12 17:27:24.708 E/audit   (  570): type=1327 audit(1757687244.701:97050): proctitle="com.google.android.gms.persistent"
09-12 17:27:25.206 D/SemNativeCarrierFeature_vendor(28990): getInstance
09-12 17:27:25.227 D/SemNativeCarrierFeature_vendor(28990): getInstance
09-12 17:27:25.229 D/SemNativeCarrierFeature_vendor(28990): getInstance
09-12 17:27:25.232 D/SemNativeCarrierFeature_vendor(28990): getInstance
09-12 17:27:25.236 D/SemNativeCarrierFeature_vendor(28990): getInstance
09-12 17:27:25.602 D/ActivityTaskManager(  772): SafeActivityOptions created, mOriginalCallingPid=772, mOriginalCallingUid=1000, options=ActivityOptions(38636604), mPackageName=null, mAnimationType=-1, mStartX=0, mStartY=0, mWidth=0, mHeight=0, caller=com.android.server.am.PendingIntentRecord.sendInner:486 com.android.server.am.ActivityManagerService.sendIntentSender:6624 com.android.server.am.ActivityManagerService.sendIntentSender:6613 android.app.PendingIntent.sendAndReturnResult:1029 android.app.PendingIntent.send:1000 com.android.server.alarm.AlarmManagerService$DeliveryTracker.deliverLocked:6377 com.android.server.alarm.AlarmManagerService.deliverAlarmsLocked:5218 
09-12 17:27:25.603 D/ActivityManager(  772): Received BROADCAST intent 0x54e6222 Key{broadcastIntent pkg=com.sec.android.app.launcher intent=act=com.samsung.action.EVERY_MINUTE_CLOCK_UPDATE flags=0x4000000 u=0} requestCode=0 sent=0 from uid 1000
09-12 17:27:25.606 I/LiveIconUpdateEventHandler( 1671): onReceive: Intent { act=com.samsung.action.EVERY_MINUTE_CLOCK_UPDATE flg=0x10 }
09-12 17:27:25.607 I/LiveIconUpdateEventHandler( 1671): onReceive: com.samsung.action.EVERY_MINUTE_CLOCK_UPDATE
09-12 17:27:25.607 I/LiveIconUpdateEventHandler( 1671): LiveIcon DateChanged
09-12 17:27:25.607 I/LiveIconUpdateEventHandler( 1671): updateLiveIcon type:0
09-12 17:27:25.608 I/LiveIconViewUpdater( 1671): onUpdateLiveIcon - id : 24, itemType : 0
09-12 17:27:25.608 I/LiveIconViewUpdater( 1671): onUpdateLiveIcon - id : 63, itemType : 0
09-12 17:27:25.609 I/LiveIconUpdateEventHandler( 1671): cancelMinuteChangeAlarm
09-12 17:27:25.612 I/LauncherActivityInfo( 1671): Trying to load live icon for com.sec.android.app.clockpackage
09-12 17:27:25.612 I/LiveIconUpdateEventHandler( 1671): setMinuteChangeAlarm Fri Sep 12 17:28:00 GMT+03:00 2025
09-12 17:27:25.616 I/LiveIconUtil( 1671): getLiveIcon was called in ClockPackage
09-12 17:27:25.618 I/LiveIconUtil( 1671): getLiveIcon res = com.sec.android.app.clockpackage
09-12 17:27:25.622 I/LiveIconUtil( 1671): stdIconSize : 90 , targetIconSize : 108
09-12 17:27:25.622 I/LiveIconUtil( 1671): mIconDpi : 480 , mTargetIconDpi : 300
09-12 17:27:25.667 I/AppIconSolution( 1671): load= live icon for com.sec.android.app.clockpackage, from overlay = false
09-12 17:27:25.667 I/LauncherActivityInfo( 1671): packageName: com.sec.android.app.clockpackage, useThemeIcon: false, height: 216, width: 216, density: 480
09-12 17:27:25.754 I/id.app.launcher( 1671): NativeAlloc concurrent copying GC freed 7232KB AllocSpace bytes, 8(1472KB) LOS objects, 49% free, 14MB/28MB, paused 208us,98us total 124.488ms
09-12 17:27:25.937 D/WifiConnectivityMonitor.NetworkStatsAnalyzer(  772): Backhaul result - RSSI:-49, CE:4, PE:4, TI:6, PTI:6, TW:0, PTW:0, Tx:0, Rx:0, TxS:0, RxS:0, RESULT:true, IC:0, ICT:5, WC:0, WCT:5, R:0, RC:0, IE:0, EC:0
09-12 17:27:27.126 D/SemNativeCarrierFeature_vendor(28990): getInstance
09-12 17:27:27.149 D/SemNativeCarrierFeature_vendor(28990): getInstance
09-12 17:27:27.152 D/SemNativeCarrierFeature_vendor(28990): getInstance
09-12 17:27:27.155 D/SemNativeCarrierFeature_vendor(28990): getInstance
09-12 17:27:27.160 D/SemNativeCarrierFeature_vendor(28990): getInstance
09-12 17:27:27.443 D/SemWifiUsabilityStatsMonitor(  772): onWifiUsabilityStats - seqNum 35882, isSameBssidAndFreq true
09-12 17:27:27.445 I/SemWifiLinkQualityMonitor(  772): Link Qos Query: 0.222 ms / 36.000 Mbps (72 / 0.000 / 2.000)
09-12 17:27:29.037 E/sehhealth-service(  614): Could not open /sys/class/power_supply/battery/lrp
09-12 17:27:29.037 D/BatteryService(  772): Sending ACTION_BATTERY_CHANGED: level:54, status:2, health:2, ac:false, usb:true, wireless:false, pogo:false, misc:0x10000, charge_type:1, charger_type:0, voltage:3903, temperature:301, online:4, current_avg:296, ps:false, hvc:false, capacity:280000, current_event:0x0, current_now:318, mcc:0, mcv:0, cc:2700000, present:true, scale:100, technology:Li-ion
09-12 17:27:29.039 D/MotionRecognitionService(  772): [SAR]  onReceive : ACTION_BATTERY_CHANGED, Plugged: 2
09-12 17:27:29.040 D/PhoneWindowManagerExt(  772): ACTION_BATTERY_CHANGED - Level=54, status=2
09-12 17:27:29.041 I/DeviceBatteryInfoService(  772): action: android.intent.action.BATTERY_CHANGED
09-12 17:27:29.041 I/DeviceBatteryInfoService(  772): phone battery level: 54
09-12 17:27:29.041 I/DeviceBatteryInfoService(  772): phone battery status: 2
09-12 17:27:29.041 D/SemWifiApBroadcastReceiver(  772): Received : android.intent.action.BATTERY_CHANGED
09-12 17:27:29.042 D/SemBigDataInfoController( 1301): Intent: android.intent.action.BATTERY_CHANGED
09-12 17:27:29.043 D/SemBigDataInfoController( 1301): Intent: android.intent.action.BATTERY_CHANGED
09-12 17:27:29.045 D/SemNativeCarrierFeature_vendor(28990): getInstance
09-12 17:27:29.046 D/SamsungBatteryMeterDrawable( 1328): onBatteryLevelChanged isSomethingChanged: false
09-12 17:27:29.046 D/SamsungBatteryMeterDrawable( 1328): onBatteryLevelChanged isSomethingChanged: false
09-12 17:27:29.046 D/SamsungBatteryMeterDrawable( 1328): onBatteryLevelChanged isSomethingChanged: false
09-12 17:27:29.047 D/SamsungBatteryMeterDrawable( 1328): onBatteryLevelChanged isSomethingChanged: false
09-12 17:27:29.047 I/PowerUI ( 1328): mBootCompleted = true |  mFullyConnected = true
09-12 17:27:29.047 I/PowerUI ( 1328): BATTERY_HEALTH_CHECK extraHealth=2 mBatteryMiscEvent=65536
09-12 17:27:29.047 W/PowerUI ( 1328): Plug reason
09-12 17:27:29.047 W/PowerUI ( 1328): Skip charging animation - by plug status
09-12 17:27:29.048 D/PowerUI ( 1328): priorPlugType = 2 mPlugType = 2 priorBatteryStatus = 2 mBatteryStatus = 2
09-12 17:27:29.048 D/SecPowerUI.Notification( 1328): dismissing low battery warning: level=54
09-12 17:27:29.048 D/SecPowerUI.Notification( 1328): updateNotification mWarning=false mPlaySound=false
09-12 17:27:29.048 D/SecPowerUI.Notification( 1328): SecBatteryStatsSnapshot{batteryLevel=54, currentBatteryMode=1, chargingTime=15972000, chargingType=11, batteryHealth=2, automaticTestMode=false, isHiccupState=false}
09-12 17:27:29.049 W/PowerUI ( 1328): Plug reason
09-12 17:27:29.049 W/PowerUI ( 1328): Skip charging sound - by plug status
09-12 17:27:29.049 I/PowerUI ( 1328): oldMisalign : false, curMisalign : false
09-12 17:27:29.049 D/SecPowerUI.Notification( 1328): 1. restoreScreenTimeOut - saved_value : :
09-12 17:27:29.049 E/SecPowerUI.Notification( 1328): no saved value, so we do nothing !!
09-12 17:27:29.051 D/SecPowerUI.Notification( 1328): showChargingNotice oldChargingType : 11 / currentChargingType : 11, oldChargingTime : 15972000 / mChargingTime : 15972000
09-12 17:27:29.051 D/SecPowerUI.Notification( 1328): There is no change about charging status, so return!
09-12 17:27:29.052 D/PowerUI ( 1328): Battery swelling mode - priorBatterySwellingMode = 0 mBatterySwellingMode = 0 mBatteryStatus = 2
09-12 17:27:29.052 I/PowerUI ( 1328): mBatteryMiscEvent = 65536
09-12 17:27:29.052 D/KeyguardUpdateMonitor( 1328): received broadcast android.intent.action.BATTERY_CHANGED
09-12 17:27:29.052 I/AODBatteryManager( 1328): updateBatteryData: ACTION_BATTERY_CHANGED
09-12 17:27:29.054 I/AODBatteryManager( 1328): saveBatteryData : AOD BatteryData [mBatteryLevel=54, mBatteryStatus=CHARGING, mBatteryPlugType=USB, mBatteryPlugged=true, mRemainingChargeTime=15972000, mBatteryChargingType=1, mBatteryChargerType=NORMAL, mBatteryOnline=USB, mBatterySwellingMode=NONE, mBatteryProtectMode=false]
09-12 17:27:29.054 D/KeyguardUpdateMonitor( 1328): handleBatteryUpdate
09-12 17:27:29.061 D/SemNativeCarrierFeature_vendor(28990): getInstance
09-12 17:27:29.064 D/SemNativeCarrierFeature_vendor(28990): getInstance
09-12 17:27:29.069 D/SemNativeCarrierFeature_vendor(28990): getInstance
09-12 17:27:29.072 D/SemNativeCarrierFeature_vendor(28990): getInstance
09-12 17:27:30.459 D/SemWifiUsabilityStatsMonitor(  772): onWifiUsabilityStats - seqNum 35883, isSameBssidAndFreq true
09-12 17:27:30.461 I/SemWifiLinkQualityMonitor(  772): Link Qos Query: 0.222 ms / 36.000 Mbps (72 / 0.000 / 2.000)
09-12 17:27:30.909 D/io_stats(  398): !@ 179,0 r 35225551 523692867 w 7646084 78539300 d 2664656 61096344 f 0 0 iot 14388584 0 th 0 0 0 pt 0 inp 0 0 262237.693
09-12 17:27:30.966 D/SemNativeCarrierFeature_vendor(28990): getInstance
09-12 17:27:30.993 D/SemNativeCarrierFeature_vendor(28990): getInstance
09-12 17:27:30.996 D/SemNativeCarrierFeature_vendor(28990): getInstance
09-12 17:27:30.998 D/SemNativeCarrierFeature_vendor(28990): getInstance
09-12 17:27:31.003 D/SemNativeCarrierFeature_vendor(28990): getInstance
09-12 17:27:32.886 D/SemNativeCarrierFeature_vendor(28990): getInstance
09-12 17:27:32.909 D/SemNativeCarrierFeature_vendor(28990): getInstance
09-12 17:27:32.911 D/io_stats(  398): !@ 179,24 r 13027 564923 w 296 757 d 0 0 f 0 0 iot 32240 0 th 0 0 0 pt 0 inp 0 0 262239.694
09-12 17:27:32.913 D/SemNativeCarrierFeature_vendor(28990): getInstance
09-12 17:27:32.916 D/SemNativeCarrierFeature_vendor(28990): getInstance
09-12 17:27:32.920 D/SemNativeCarrierFeature_vendor(28990): getInstance
09-12 17:27:33.225 D/UsbStatsMonitor(  772): 0 0 0 0 0 0 0 0 0 0 0 2 0 0 0 0 0 0 0 0 0 0 0 0 0 0 0 0 0 0 0 0 0 0 0 0 0 0 0 0 0 0 0 0 0 0 0 0 0 0 0 0 0 0
09-12 17:27:33.400 D/PowerManagerService(  772): UserActivityState : 1 -> 2 groupId=0
09-12 17:27:33.401 D/PowerManagerService(  772): displayReady: false groupId=0
09-12 17:27:33.401 D/DisplayPowerController[0](  772): animateScreenStateChange: target=2, mLogicalDisplay.isEnabled()=true
09-12 17:27:33.402 D/DisplayPowerController[0](  772): Animating brightness: target=5(0.02), rate=0.706, reason=manual[122] -> dim[6] -> low_pwr[5]
09-12 17:27:33.402 I/MdnieScenarioControlService(  772): action  :  com.samsung.server.PowerManagerService.action.USER_ACTIVITY
09-12 17:27:33.404 D/DisplayPowerController[0](  772): saveBrightnessInfo: brt:0.47843137 adjBrt:0.02117647 min:0.003921569 max:1.0 hbm:0 tp:1.0 throttler:0
09-12 17:27:33.404 V/DisplayPowerController[0](  772): Brightness [0.02117647] reason changing to: 'manual [ low_pwr dim ]', previous reason: 'manual [ low_pwr ]'.
09-12 17:27:33.404 I/DisplayPowerController[0](  772): BrightnessEvent: disp=0, brt=0.02117647, rcmdBrt=NaN, preBrt=NaN, lux=0.0, preLux=0.0, hbmMax=1.0, hbmMode=off, thrmMax=1.0, flags=, reason=manual [ low_pwr dim ]
09-12 17:27:33.405 D/PowerManagerService(  772): displayReady: true groupId=0
09-12 17:27:33.405 D/BrightnessSynchronizer(  772): onDisplayChanged() : displayId=0
09-12 17:27:33.405 D/BrightnessSynchronizer(  772): updateScreenBrightness: type=2 mPreferredSettingValue=0.47843137(122) currentBrightnessInt=122 currentBrightnessIntFromFloat=122(0.47843137)
09-12 17:27:33.407 I/SehLight(  610): lcd : 109+
09-12 17:27:33.413 I/SehLight(  610): lcd : 109-
09-12 17:27:33.424 I/SehLight(  610): lcd : 106+
09-12 17:27:33.425 I/SehLight(  610): lcd : 106-
09-12 17:27:33.440 I/SehLight(  610): lcd : 103+
09-12 17:27:33.443 I/SehLight(  610): lcd : 103-
09-12 17:27:33.451 I/SehLight(  610): lcd : 101+
09-12 17:27:33.453 I/SehLight(  610): lcd : 101-
09-12 17:27:33.467 I/SehLight(  610): lcd : 98+
09-12 17:27:33.469 I/SehLight(  610): lcd : 98-
09-12 17:27:33.473 D/SemWifiUsabilityStatsMonitor(  772): onWifiUsabilityStats - seqNum 35884, isSameBssidAndFreq true
09-12 17:27:33.474 I/SemWifiLinkQualityMonitor(  772): Link Qos Query: 0.222 ms / 36.000 Mbps (72 / 0.000 / 2.000)
09-12 17:27:33.483 I/SehLight(  610): lcd : 95+
09-12 17:27:33.484 I/SehLight(  610): lcd : 95-
09-12 17:27:33.501 I/SehLight(  610): lcd : 92+
09-12 17:27:33.502 I/SehLight(  610): lcd : 92-
09-12 17:27:33.518 I/SehLight(  610): lcd : 89+
09-12 17:27:33.519 I/SehLight(  610): lcd : 89-
09-12 17:27:33.534 I/SehLight(  610): lcd : 86+
09-12 17:27:33.536 I/SehLight(  610): lcd : 86-
09-12 17:27:33.551 I/SehLight(  610): lcd : 83+
09-12 17:27:33.552 I/SehLight(  610): lcd : 83-
09-12 17:27:33.567 I/SehLight(  610): lcd : 80+
09-12 17:27:33.568 I/SehLight(  610): lcd : 80-
09-12 17:27:33.584 I/SehLight(  610): lcd : 77+
09-12 17:27:33.586 I/SehLight(  610): lcd : 77-
09-12 17:27:33.601 I/SehLight(  610): lcd : 74+
09-12 17:27:33.602 I/SehLight(  610): lcd : 74-
09-12 17:27:33.617 I/SehLight(  610): lcd : 71+
09-12 17:27:33.619 I/SehLight(  610): lcd : 71-
09-12 17:27:33.634 I/SehLight(  610): lcd : 68+
09-12 17:27:33.635 I/SehLight(  610): lcd : 68-
09-12 17:27:33.650 I/SehLight(  610): lcd : 65+
09-12 17:27:33.652 I/SehLight(  610): lcd : 65-
09-12 17:27:33.667 I/SehLight(  610): lcd : 62+
09-12 17:27:33.669 I/SehLight(  610): lcd : 62-
09-12 17:27:33.684 I/SehLight(  610): lcd : 59+
09-12 17:27:33.685 I/SehLight(  610): lcd : 59-
09-12 17:27:33.700 I/SehLight(  610): lcd : 56+
09-12 17:27:33.702 I/SehLight(  610): lcd : 56-
09-12 17:27:33.717 I/SehLight(  610): lcd : 53+
09-12 17:27:33.719 I/SehLight(  610): lcd : 53-
09-12 17:27:33.734 I/SehLight(  610): lcd : 50+
09-12 17:27:33.735 I/SehLight(  610): lcd : 50-
09-12 17:27:33.750 I/SehLight(  610): lcd : 47+
09-12 17:27:33.751 I/SehLight(  610): lcd : 47-
09-12 17:27:33.767 I/SehLight(  610): lcd : 44+
09-12 17:27:33.768 I/SehLight(  610): lcd : 44-
09-12 17:27:33.784 I/SehLight(  610): lcd : 41+
09-12 17:27:33.785 I/SehLight(  610): lcd : 41-
09-12 17:27:33.800 I/SehLight(  610): lcd : 38+
09-12 17:27:33.802 I/SehLight(  610): lcd : 38-
09-12 17:27:33.817 I/SehLight(  610): lcd : 35+
09-12 17:27:33.818 I/SehLight(  610): lcd : 35-
09-12 17:27:33.834 I/SehLight(  610): lcd : 32+
09-12 17:27:33.835 I/SehLight(  610): lcd : 32-
09-12 17:27:33.850 I/SehLight(  610): lcd : 29+
09-12 17:27:33.851 I/SehLight(  610): lcd : 29-
09-12 17:27:33.867 I/SehLight(  610): lcd : 26+
09-12 17:27:33.868 I/SehLight(  610): lcd : 26-
09-12 17:27:33.884 I/SehLight(  610): lcd : 23+
09-12 17:27:33.885 I/SehLight(  610): lcd : 23-
09-12 17:27:33.901 I/SehLight(  610): lcd : 20+
09-12 17:27:33.902 I/SehLight(  610): lcd : 20-
09-12 17:27:33.917 I/SehLight(  610): lcd : 17+
09-12 17:27:33.918 I/SehLight(  610): lcd : 17-
09-12 17:27:33.934 I/SehLight(  610): lcd : 14+
09-12 17:27:33.935 I/SehLight(  610): lcd : 14-
09-12 17:27:33.950 I/SehLight(  610): lcd : 11+
09-12 17:27:33.952 I/SehLight(  610): lcd : 11-
09-12 17:27:33.967 I/SehLight(  610): lcd : 8+
09-12 17:27:33.969 I/SehLight(  610): lcd : 8-
09-12 17:27:33.984 I/SehLight(  610): lcd : 5+
09-12 17:27:33.985 I/SehLight(  610): lcd : 5-
09-12 17:27:33.993 D/ConnectivityService(  772): reportNetworkActive, notify 1 listeners
09-12 17:27:33.999 D/DisplayPowerController[0](  772): animateScreenStateChange: target=2, mLogicalDisplay.isEnabled()=true
09-12 17:27:34.055 D/SecPowerUI.Notification( 1328): showChargingNotice oldChargingType : 11 / currentChargingType : 11, oldChargingTime : 15972000 / mChargingTime : 15972000
09-12 17:27:34.055 D/SecPowerUI.Notification( 1328): There is no change about charging status, so return!
09-12 17:27:34.580 I/wpa_supplicant(20013): Heartbeat 8674
09-12 17:27:34.789 D/WifiConnectivityMonitor.DnsThread(  772):  [|209] [] []
09-12 17:27:34.791 D/WifiConnectivityMonitor.NetworkStatsAnalyzer(  772): DNS resultType : 0, responseTime : 209
09-12 17:27:34.791 D/OpenNetworkQos[4.00](  772): updateBssidLatestDnsResultType - result: 0
09-12 17:27:34.791 D/OpenNetworkQos[4.00](  772): updateBssidNoInternet: mBssidNoInternet = false
09-12 17:27:34.792 D/OpenNetworkQos[4.00](  772): getOpenNetworkQosNoInternetStatus: false
09-12 17:27:34.792 D/OpenNetworkQos[4.00](  772): getOpenNetworkQosScores: 26 23 30 
09-12 17:27:34.792 D/SettingsProvider(  772): isChangeAllowed() : name = wifi_wcm_qos_sharing_score_summary
09-12 17:27:34.805 D/SemNativeCarrierFeature_vendor(28990): getInstance
09-12 17:27:34.829 D/SemNativeCarrierFeature_vendor(28990): getInstance
09-12 17:27:34.832 D/SemNativeCarrierFeature_vendor(28990): getInstance
09-12 17:27:34.835 D/SemNativeCarrierFeature_vendor(28990): getInstance
09-12 17:27:34.839 D/SemNativeCarrierFeature_vendor(28990): getInstance
09-12 17:27:35.009 E/audit   (  570): type=1400 audit(1757687255.005:97051): avc:  denied  { write } for  pid=25984 comm="ThreadPoolForeg" name="traced_producer" dev="tmpfs" ino=17513 scontext=u:r:gmscore_app:s0:c512,c768 tcontext=u:object_r:traced_producer_socket:s0 tclass=sock_file permissive=0 SEPF_SM-A127F_13_0001 audit_filtered
09-12 17:27:35.009 E/audit   (  570): type=1300 audit(1757687255.005:97051): arch=c00000b7 syscall=203 success=no exit=-13 a0=60 a1=b400007068be60a0 a2=1e a3=ffffffff973fd28a items=1 ppid=586 pid=25984 auid=4294967295 uid=10194 gid=10194 euid=10194 suid=10194 fsuid=10194 egid=10194 sgid=10194 fsgid=10194 tty=(none) ses=4294967295 comm="ThreadPoolForeg" exe="/system/bin/app_process64" subj=u:r:gmscore_app:s0:c512,c768 key=(null)
09-12 17:27:35.009 E/audit   (  570): type=1306 audit(1757687255.005:97051): saddr=01002F6465762F736F636B65742F7472616365645F70726F647563657200
09-12 17:27:35.009 E/audit   (  570): type=1302 audit(1757687255.005:97051): item=0 name="/dev/socket/traced_producer" inode=17513 dev=00:10 mode=0140666 ouid=0 ogid=0 rdev=00:00 obj=u:object_r:traced_producer_socket:s0 nametype=NORMAL cap_fp=0000000000000000 cap_fi=0000000000000000 cap_fe=0 cap_fver=0
09-12 17:27:35.009 E/audit   (  570): type=1327 audit(1757687255.005:97051): proctitle="com.google.android.gms"
09-12 17:27:35.943 D/WifiConnectivityMonitor.NetworkStatsAnalyzer(  772): Backhaul result - RSSI:-46, CE:4, PE:4, TI:6, PTI:6, TW:0, PTW:0, Tx:3, Rx:4, TxS:0, RxS:0, RESULT:true, IC:0, ICT:5, WC:0, WCT:5, R:0, RC:0, IE:0, EC:0
09-12 17:27:36.305 I/ContactsProvider_EventLog(17108): cp_s: [CONTACT con(141) dat(1107) acc({phone(1)=89, sim2(4)=52, google(2)=46, com.whatsapp(7)=110}) calls([logtype:100 cnt:92, logtype:300 cnt:500, logtype:1000 cnt:1908]) Iso(RO) uId(0) ]

09-12 17:27:36.305 I/ContactsProvider_EventLog(17108): cp_s: [ agr({[7]=1, [1 ,4]=9, [2 ,7]=6, [1 ,7]=31, [4]=5, [1]=12, [2 ,1]=1, [2]=3, [2 ,1 ,7]=35, [2 ,1 ,4]=1, [4 ,7]=37}) ]

09-12 17:27:36.305 I/ContactsProvider_EventLog(17108): cp_s: [ cnt({acore(17108)=1}) ]

09-12 17:27:36.305 I/ContactsProvider_EventLog(17108): cp_s: [PROFILE ] [SAPROFILE con(1) acc({phone(1)=1}) ]

09-12 17:27:36.305 I/ContactsProvider_EventLog(17108): cp_s: [STATE R(F) ]
09-12 17:27:36.489 D/SemWifiUsabilityStatsMonitor(  772): onWifiUsabilityStats - seqNum 35885, isSameBssidAndFreq true
09-12 17:27:36.492 I/SemWifiLinkQualityMonitor(  772): Link Qos Query: 0.222 ms / 36.000 Mbps (72 / 0.000 / 2.000)
09-12 17:27:36.492 D/NetworkController.WifiSignalController( 1328): notifyListener: visible=true, connected=true, inetCondition=1, isDefault=true, wifiTestReported=true, receivedInetCondition=-1, hideDuringMobileSwitching=false
09-12 17:27:36.495 D/Tile.WifiTile( 1328): handleUpdateState isTransient=false transientEnabling =false cb.isTransient=false state.state = 2 mStateBeforeClick.value =false enabled =true
09-12 17:27:36.516 I/SurfaceFlinger(  633): SFWD update time=262243300234887
09-12 17:27:36.726 D/SemNativeCarrierFeature_vendor(28990): getInstance
09-12 17:27:36.733 D/MobileStatusTracker(1/1)( 1328): onSignalStrengthsChanged level=3, vendorLevel=3
09-12 17:27:36.738 D/MobileSignalController(1/1)( 1328): notifyListener: enabled=true, connected=true, dataConnected=true, networkType=LTE (4G), emergencyOnly=false, roaming=false, isDefault=false, dataActivity=, level=3, ca=false, mmWave=false, disabledDataIcon=false, simCard=ETC
09-12 17:27:36.739 D/NetworkController( 1328): SignalStrength from intent slotId=1
09-12 17:27:36.747 D/SemNativeCarrierFeature_vendor(28990): getInstance
09-12 17:27:36.749 D/SemNativeCarrierFeature_vendor(28990): getInstance
09-12 17:27:36.752 D/SemNativeCarrierFeature_vendor(28990): getInstance
09-12 17:27:36.755 D/SemNativeCarrierFeature_vendor(28990): getInstance
09-12 17:27:36.913 D/io_stats(  398): !@ 179,0 r 35225552 523692871 w 7646482 78542228 d 2664729 61103588 f 0 0 iot 14388848 0 th 0 0 0 pt 0 inp 0 0 262243.697
09-12 17:27:37.353 D/InputReader(  772): Btn_touch(10): value=1 when=262244.136952
09-12 17:27:37.353 I/InputReader(  772): Touch event's action is 0x0 (id=2, t=0) [pCnt=1, s=0.58943 ] when=262244.136952
09-12 17:27:37.354 I/InputDispatcher(  772): Delivering touch to (1328): action: 0x0, f=0x0, d=0, 'f0291b9', t=1 +(0,-1510)
09-12 17:27:37.355 D/PowerManagerService(  772): [api] userActivityFromNative :  (event: 2 flags: 0 displayId: 0) eventTime = 262244136
09-12 17:27:37.356 I/ViewRootImpl@191f106[NavigationBar0]( 1328): ViewPostIme pointer 0
09-12 17:27:37.356 V/DeadZone( 1328): consuming errant click: (79.0,13.0)
09-12 17:27:37.356 I/GestureDetector(  772): obtain mCurrentDownEvent. id: 629235059 caller: com.android.server.wm.SystemGesturesPointerEventListener.onPointerEvent:203 com.android.server.wm.PointerEventDispatcher.onInputEvent:53 android.view.InputEventReceiver.dispatchInputEvent:285 
09-12 17:27:37.356 D/PowerManagerService(  772): UserActivityStateListenerState: 1
09-12 17:27:37.356 I/GestureDetector(  772): obtain mCurrentDownEvent. id: 629235059 caller: com.android.server.wm.SystemPerformancePointerEventListener.onPointerEvent:89 com.android.server.wm.PointerEventDispatcher.onInputEvent:53 android.view.InputEventReceiver.dispatchInputEvent:285 
09-12 17:27:37.357 D/PowerManagerService(  772): UserActivityState : 2 -> 1 groupId=0
09-12 17:27:37.357 D/PowerManagerService(  772): displayReady: false groupId=0
09-12 17:27:37.357 D/DisplayPowerController[0](  772): animateScreenStateChange: target=2, mLogicalDisplay.isEnabled()=true
09-12 17:27:37.358 D/DisplayPowerController[0](  772): Animating brightness: target=110(0.43), rate=1.200, reason=manual[122] -> low_pwr[110]
09-12 17:27:37.358 D/PowerManagerService(  772): [api] setScreenDimDurationOverrideFromSqdInternal: mScreenDimDurationOverrideFromSQD: -1
09-12 17:27:37.358 I/MdnieScenarioControlService(  772): action  :  com.samsung.server.PowerManagerService.action.USER_ACTIVITY
09-12 17:27:37.360 D/DisplayPowerController[0](  772): saveBrightnessInfo: brt:0.47843137 adjBrt:0.43058822 min:0.003921569 max:1.0 hbm:0 tp:1.0 throttler:0
09-12 17:27:37.360 V/DisplayPowerController[0](  772): Brightness [0.43058822] reason changing to: 'manual [ low_pwr ]', previous reason: 'manual [ low_pwr dim ]'.
09-12 17:27:37.360 I/DisplayPowerController[0](  772): BrightnessEvent: disp=0, brt=0.43058822, rcmdBrt=NaN, preBrt=NaN, lux=0.0, preLux=0.0, hbmMax=1.0, hbmMode=off, thrmMax=1.0, flags=, reason=manual [ low_pwr ]
09-12 17:27:37.360 V/DeadZone( 1328): consuming errant click: (79.0,13.0)
09-12 17:27:37.360 D/PowerManagerService(  772): displayReady: true groupId=0
09-12 17:27:37.361 D/BrightnessSynchronizer(  772): onDisplayChanged() : displayId=0
09-12 17:27:37.361 D/BrightnessSynchronizer(  772): updateScreenBrightness: type=2 mPreferredSettingValue=0.47843137(122) currentBrightnessInt=122 currentBrightnessIntFromFloat=122(0.47843137)
09-12 17:27:37.364 I/SehLight(  610): lcd : 7+
09-12 17:27:37.365 I/SehLight(  610): lcd : 7-
09-12 17:27:37.370 I/GestureDetector(  772): obtain mCurrentMotionEventRaw. action: 2 id: 12060655
09-12 17:27:37.370 I/GestureDetector(  772): obtain mCurrentMotionEventRaw. action: 2 id: 12060655
09-12 17:27:37.381 I/SehLight(  610): lcd : 12+
09-12 17:27:37.382 I/SehLight(  610): lcd : 12-
09-12 17:27:37.397 I/SehLight(  610): lcd : 17+
09-12 17:27:37.398 I/SehLight(  610): lcd : 17-
09-12 17:27:37.403 I/InputDispatcher(  772): Delivering touch to (1328): action: 0x3, f=0x0, d=0, 'f0291b9', t=1 +(0,-1510)
09-12 17:27:37.403 I/InputDispatcher(  772): Delivering touch to (1671): action: 0x0, f=0x0, d=0, '53cbe75', t=1 
09-12 17:27:37.403 I/ViewRootImpl@f47f003[LauncherActivity]( 1671): ViewPostIme pointer 0
09-12 17:27:37.404 W/BaseDragLayer( 1671): dispatchTouchEvent, ACTION_DOWN - mTouchDispatchState = 9
09-12 17:27:37.404 W/BaseDragLayer( 1671): findActiveController return false mTouchDispatchState = 9
09-12 17:27:37.413 I/SehLight(  610): lcd : 22+
09-12 17:27:37.414 I/SehLight(  610): lcd : 22-
09-12 17:27:37.430 I/StateManager( 1671): createAnimationToNewWorkspaceInternal : Normal
09-12 17:27:37.430 I/AppsTransitionController( 1671): setStateWithAnimation - toState : Normal
09-12 17:27:37.430 I/SehLight(  610): lcd : 27+
09-12 17:27:37.431 I/HomeStateTransitionController( 1671): workspace child count: 3
09-12 17:27:37.431 I/SehLight(  610): lcd : 27-
09-12 17:27:37.434 I/CapturePreview( 1671): notifyCaptureIfNecessary
09-12 17:27:37.434 I/CapturePreview( 1671): sendMessageForCapture
09-12 17:27:37.435 I/SuggestedAppsAnimationCreator( 1671): createAnimator: show = false
09-12 17:27:37.435 I/SuggestedAppsAnimationCreator( 1671): resetAnimatorProperty: return already toAlpha
09-12 17:27:37.435 I/SuggestedAppsAnimationCreator( 1671): cancelAnimator
09-12 17:27:37.435 I/FolderTransitionController( 1671): setStateWithAnimation : Normal
09-12 17:27:37.435 I/FolderTransitionController( 1671): setFolderProperty : Normal,AllApps,Normal
09-12 17:27:37.435 I/PageEditTransitionController( 1671): setStateWithAnimation - from : AllApps to : Normal
09-12 17:27:37.436 I/StateManager( 1671): onAnimationStart state : Normal
09-12 17:27:37.436 I/StateManager( 1671): onStateTransitionStart mState = Normal
09-12 17:27:37.437 I/Launcher( 1671): onStateSetEnd for widget host, state : Normal
09-12 17:27:37.438 W/LauncherAppWidgetHost( 1671): setShouldListenFlag, mFlags:15 flag:resume on:true isFront:false
09-12 17:27:37.438 I/BaseActivity( 1671): addActivityFlags, flags : 64
09-12 17:27:37.438 I/RecentsView( 1671): setOverviewStateEnabled false
09-12 17:27:37.438 I/RecentsOrientedState( 1671): current RecentsOrientedState: [this=RecentsOrientedState@263664414 mOrientationHandler=PortraitPagedViewHandler@164108287 mDisplayRotation=0 mTouchRotation=0 mRecentsActivityRotation=0 mRecentsRotation=0 isRecentsActivityRotationAllowed=false mSystemRotation=true mStateId=38272 mFlags=299]
09-12 17:27:37.440 I/BaseDragLayer( 1671): founded touch controller : com.android.launcher3.uioverrides.touchcontrollers.PortraitStatesTouchController@f02f489
09-12 17:27:37.440 I/BaseDragLayer( 1671): findActiveController - com.android.launcher3.uioverrides.touchcontrollers.PortraitStatesTouchController
09-12 17:27:37.440 W/PagedView( 1671): Touch Pos - : D-(59, 262244189)-C-(44, 262244213)-End
09-12 17:27:37.447 I/SehLight(  610): lcd : 32+
09-12 17:27:37.448 I/SehLight(  610): lcd : 32-
09-12 17:27:37.448 I/SPayUpdater( 1671): updateSpayHandler, show = true, defaultPage = false
09-12 17:27:37.464 I/SehLight(  610): lcd : 37+
09-12 17:27:37.465 I/SehLight(  610): lcd : 37-
09-12 17:27:37.480 I/SehLight(  610): lcd : 42+
09-12 17:27:37.482 I/SehLight(  610): lcd : 42-
09-12 17:27:37.485 D/InputReader(  772): Btn_touch(10): value=0 when=262244.269599
09-12 17:27:37.485 I/InputReader(  772): Touch event's action is 0x1 (id=2, t=0) [pCnt=1, s=] when=262244.269599
09-12 17:27:37.486 I/InputDispatcher(  772): Delivering touch to (1671): action: 0x1, f=0x0, d=0, '53cbe75', t=1 
09-12 17:27:37.486 I/ViewRootImpl@f47f003[LauncherActivity]( 1671): ViewPostIme pointer 1
09-12 17:27:37.487 I/StateManager( 1671): Animation is canceled. mStateChanged is changed to False : Normal
09-12 17:27:37.487 I/SuggestedAppsAnimationCreator( 1671): setCancelListener: initHiddenAlpha
09-12 17:27:37.487 I/SuggestedAppsAnimationCreator( 1671): initProperties: alpha = 0.0
09-12 17:27:37.487 W/PortraitStatesTouchCtrl( 1671): updateSwipeCompleteAnimation, isFling = false, targetState = AllApps
09-12 17:27:37.487 I/StateManager( 1671): onAnimationStart state : Normal
09-12 17:27:37.487 I/StateManager( 1671): onStateTransitionStart mState = Normal
09-12 17:27:37.489 D/SGM:GameManager(  772): identifyGamePackage. com.sec.android.app.launcher, mCurrentUserId: 0, callerUserId: 0, callingMethodInfo: com.android.server.ssrm.fgapps.GameAppUtils.isGame(GameAppUtils.java:84)
09-12 17:27:37.489 D/SGM:PkgDataHelper(  772): getGamePkgData(). com.sec.android.app.launcher
09-12 17:27:37.489 I/SemDvfsHyPerManager(  772): acquire hyper - GESTURE_DETECTED/772@19, type = -999
